running egg_info
creating ../build/maze_solver/maze_solver.egg-info
writing ../build/maze_solver/maze_solver.egg-info/PKG-INFO
writing dependency_links to ../build/maze_solver/maze_solver.egg-info/dependency_links.txt
writing entry points to ../build/maze_solver/maze_solver.egg-info/entry_points.txt
writing requirements to ../build/maze_solver/maze_solver.egg-info/requires.txt
writing top-level names to ../build/maze_solver/maze_solver.egg-info/top_level.txt
writing manifest file '../build/maze_solver/maze_solver.egg-info/SOURCES.txt'
reading manifest file '../build/maze_solver/maze_solver.egg-info/SOURCES.txt'
writing manifest file '../build/maze_solver/maze_solver.egg-info/SOURCES.txt'
running build
running build_py
creating /home/abdulrahman/training_ws/src/group4_task/build/maze_solver/build
creating /home/abdulrahman/training_ws/src/group4_task/build/maze_solver/build/lib
creating /home/abdulrahman/training_ws/src/group4_task/build/maze_solver/build/lib/maze_solver
copying maze_solver/yaw_action_server.py -> /home/abdulrahman/training_ws/src/group4_task/build/maze_solver/build/lib/maze_solver
copying maze_solver/action_client.py -> /home/abdulrahman/training_ws/src/group4_task/build/maze_solver/build/lib/maze_solver
copying maze_solver/movex_action_server.py -> /home/abdulrahman/training_ws/src/group4_task/build/maze_solver/build/lib/maze_solver
copying maze_solver/__init__.py -> /home/abdulrahman/training_ws/src/group4_task/build/maze_solver/build/lib/maze_solver
running install
running install_lib
creating /home/abdulrahman/training_ws/src/group4_task/install/maze_solver/lib/python3.12/site-packages/maze_solver
copying /home/abdulrahman/training_ws/src/group4_task/build/maze_solver/build/lib/maze_solver/yaw_action_server.py -> /home/abdulrahman/training_ws/src/group4_task/install/maze_solver/lib/python3.12/site-packages/maze_solver
copying /home/abdulrahman/training_ws/src/group4_task/build/maze_solver/build/lib/maze_solver/action_client.py -> /home/abdulrahman/training_ws/src/group4_task/install/maze_solver/lib/python3.12/site-packages/maze_solver
copying /home/abdulrahman/training_ws/src/group4_task/build/maze_solver/build/lib/maze_solver/movex_action_server.py -> /home/abdulrahman/training_ws/src/group4_task/install/maze_solver/lib/python3.12/site-packages/maze_solver
copying /home/abdulrahman/training_ws/src/group4_task/build/maze_solver/build/lib/maze_solver/__init__.py -> /home/abdulrahman/training_ws/src/group4_task/install/maze_solver/lib/python3.12/site-packages/maze_solver
byte-compiling /home/abdulrahman/training_ws/src/group4_task/install/maze_solver/lib/python3.12/site-packages/maze_solver/yaw_action_server.py to yaw_action_server.cpython-312.pyc
byte-compiling /home/abdulrahman/training_ws/src/group4_task/install/maze_solver/lib/python3.12/site-packages/maze_solver/action_client.py to action_client.cpython-312.pyc
byte-compiling /home/abdulrahman/training_ws/src/group4_task/install/maze_solver/lib/python3.12/site-packages/maze_solver/movex_action_server.py to movex_action_server.cpython-312.pyc
byte-compiling /home/abdulrahman/training_ws/src/group4_task/install/maze_solver/lib/python3.12/site-packages/maze_solver/__init__.py to __init__.cpython-312.pyc
running install_data
creating /home/abdulrahman/training_ws/src/group4_task/install/maze_solver/share/ament_index
creating /home/abdulrahman/training_ws/src/group4_task/install/maze_solver/share/ament_index/resource_index
creating /home/abdulrahman/training_ws/src/group4_task/install/maze_solver/share/ament_index/resource_index/packages
copying resource/maze_solver -> /home/abdulrahman/training_ws/src/group4_task/install/maze_solver/share/ament_index/resource_index/packages
copying package.xml -> /home/abdulrahman/training_ws/src/group4_task/install/maze_solver/share/maze_solver
running install_egg_info
Copying ../build/maze_solver/maze_solver.egg-info to /home/abdulrahman/training_ws/src/group4_task/install/maze_solver/lib/python3.12/site-packages/maze_solver-0.0.0-py3.12.egg-info
running install_scripts
Installing action script to /home/abdulrahman/training_ws/src/group4_task/install/maze_solver/lib/maze_solver
Installing move_x_action_server script to /home/abdulrahman/training_ws/src/group4_task/install/maze_solver/lib/maze_solver
writing list of installed files to '/home/abdulrahman/training_ws/src/group4_task/build/maze_solver/install.log'
