-- Found ament_cmake: 2.5.6 (/opt/ros/jazzy/share/ament_cmake/cmake)
-- Found rosidl_default_generators: 1.6.1 (/opt/ros/jazzy/share/rosidl_default_generators/cmake)
-- Using all available rosidl_typesupport_c: rosidl_typesupport_fastrtps_c;rosidl_typesupport_introspection_c
-- Using all available rosidl_typesupport_cpp: rosidl_typesupport_fastrtps_cpp;rosidl_typesupport_introspection_cpp
-- Found rosidl_adapter: 4.6.9 (/opt/ros/jazzy/share/rosidl_adapter/cmake)
-- Found ament_cmake_ros: 0.12.1 (/opt/ros/jazzy/share/ament_cmake_ros/cmake)
-- Using all available rosidl_typesupport_c: rosidl_typesupport_fastrtps_c;rosidl_typesupport_introspection_c
-- Using all available rosidl_typesupport_cpp: rosidl_typesupport_fastrtps_cpp;rosidl_typesupport_introspection_cpp
-- Found python_cmake_module: 0.11.1 (/opt/ros/jazzy/share/python_cmake_module/cmake)
-- Found Python3: /usr/bin/python3 (found version "3.12.3") found components: Interpreter Development NumPy Development.Module Development.Embed 
-- Found Python3: /usr/bin/python3 (found version "3.12.3") found components: Interpreter 
-- Found ament_lint_auto: 0.17.5 (/opt/ros/jazzy/share/ament_lint_auto/cmake)
-- Added test 'lint_cmake' to check CMake code style
-- Added test 'xmllint' to check XML markup files
-- Configuring done (2.5s)
-- Generating done (0.1s)
-- Build files have been written to: /home/abdulrahman/training_ws/src/group4_task/build/maze_interfaces
[  1%] Built target maze_interfaces__rosidl_generator_type_description
[  3%] Built target maze_interfaces__rs
[  3%] Built target ament_cmake_python_copy_maze_interfaces
[  5%] Built target maze_interfaces__cpp
[ 25%] Built target maze_interfaces__rosidl_generator_c
[ 34%] Built target maze_interfaces__rosidl_typesupport_c
[ 43%] Built target maze_interfaces__rosidl_typesupport_introspection_cpp
[ 52%] Built target maze_interfaces__rosidl_typesupport_cpp
[ 61%] Built target maze_interfaces__rosidl_typesupport_fastrtps_c
[ 70%] Built target maze_interfaces__rosidl_typesupport_introspection_c
[ 80%] Built target maze_interfaces__rosidl_typesupport_fastrtps_cpp
[ 80%] Built target maze_interfaces
[ 81%] Built target maze_interfaces__py
[ 89%] Built target maze_interfaces__rosidl_generator_py
[ 92%] Built target maze_interfaces_s__rosidl_typesupport_c
[ 96%] Built target maze_interfaces_s__rosidl_typesupport_introspection_c
[100%] Built target maze_interfaces_s__rosidl_typesupport_fastrtps_c
running egg_info
writing maze_interfaces.egg-info/PKG-INFO
writing dependency_links to maze_interfaces.egg-info/dependency_links.txt
writing top-level names to maze_interfaces.egg-info/top_level.txt
reading manifest file 'maze_interfaces.egg-info/SOURCES.txt'
writing manifest file 'maze_interfaces.egg-info/SOURCES.txt'
[100%] Built target ament_cmake_python_build_maze_interfaces_egg
-- Install configuration: ""
-- Up-to-date: /home/abdulrahman/training_ws/src/group4_task/install/maze_interfaces/share/ament_index/resource_index/rosidl_interfaces/maze_interfaces
-- Up-to-date: /home/abdulrahman/training_ws/src/group4_task/install/maze_interfaces/share/maze_interfaces/action/MoveX.json
-- Up-to-date: /home/abdulrahman/training_ws/src/group4_task/install/maze_interfaces/share/maze_interfaces/action/Yaw.json
-- Up-to-date: /home/abdulrahman/training_ws/src/group4_task/install/maze_interfaces/share/maze_interfaces/srv/Error.json
-- Up-to-date: /home/abdulrahman/training_ws/src/group4_task/install/maze_interfaces/include/maze_interfaces/maze_interfaces
-- Up-to-date: /home/abdulrahman/training_ws/src/group4_task/install/maze_interfaces/include/maze_interfaces/maze_interfaces/action
-- Up-to-date: /home/abdulrahman/training_ws/src/group4_task/install/maze_interfaces/include/maze_interfaces/maze_interfaces/action/detail
-- Up-to-date: /home/abdulrahman/training_ws/src/group4_task/install/maze_interfaces/include/maze_interfaces/maze_interfaces/action/detail/yaw__description.c
-- Up-to-date: /home/abdulrahman/training_ws/src/group4_task/install/maze_interfaces/include/maze_interfaces/maze_interfaces/action/detail/move_x__type_support.h
-- Up-to-date: /home/abdulrahman/training_ws/src/group4_task/install/maze_interfaces/include/maze_interfaces/maze_interfaces/action/detail/yaw__struct.h
-- Up-to-date: /home/abdulrahman/training_ws/src/group4_task/install/maze_interfaces/include/maze_interfaces/maze_interfaces/action/detail/move_x__functions.c
-- Up-to-date: /home/abdulrahman/training_ws/src/group4_task/install/maze_interfaces/include/maze_interfaces/maze_interfaces/action/detail/move_x__description.c
-- Up-to-date: /home/abdulrahman/training_ws/src/group4_task/install/maze_interfaces/include/maze_interfaces/maze_interfaces/action/detail/yaw__functions.c
-- Up-to-date: /home/abdulrahman/training_ws/src/group4_task/install/maze_interfaces/include/maze_interfaces/maze_interfaces/action/detail/yaw__functions.h
-- Up-to-date: /home/abdulrahman/training_ws/src/group4_task/install/maze_interfaces/include/maze_interfaces/maze_interfaces/action/detail/yaw__type_support.c
-- Up-to-date: /home/abdulrahman/training_ws/src/group4_task/install/maze_interfaces/include/maze_interfaces/maze_interfaces/action/detail/move_x__functions.h
-- Up-to-date: /home/abdulrahman/training_ws/src/group4_task/install/maze_interfaces/include/maze_interfaces/maze_interfaces/action/detail/move_x__struct.h
-- Up-to-date: /home/abdulrahman/training_ws/src/group4_task/install/maze_interfaces/include/maze_interfaces/maze_interfaces/action/detail/yaw__type_support.h
-- Up-to-date: /home/abdulrahman/training_ws/src/group4_task/install/maze_interfaces/include/maze_interfaces/maze_interfaces/action/detail/move_x__type_support.c
-- Up-to-date: /home/abdulrahman/training_ws/src/group4_task/install/maze_interfaces/include/maze_interfaces/maze_interfaces/action/yaw.h
-- Up-to-date: /home/abdulrahman/training_ws/src/group4_task/install/maze_interfaces/include/maze_interfaces/maze_interfaces/action/move_x.h
-- Up-to-date: /home/abdulrahman/training_ws/src/group4_task/install/maze_interfaces/include/maze_interfaces/maze_interfaces/msg
-- Up-to-date: /home/abdulrahman/training_ws/src/group4_task/install/maze_interfaces/include/maze_interfaces/maze_interfaces/msg/rosidl_generator_c__visibility_control.h
-- Up-to-date: /home/abdulrahman/training_ws/src/group4_task/install/maze_interfaces/include/maze_interfaces/maze_interfaces/srv
-- Up-to-date: /home/abdulrahman/training_ws/src/group4_task/install/maze_interfaces/include/maze_interfaces/maze_interfaces/srv/detail
-- Up-to-date: /home/abdulrahman/training_ws/src/group4_task/install/maze_interfaces/include/maze_interfaces/maze_interfaces/srv/detail/error__type_support.h
-- Up-to-date: /home/abdulrahman/training_ws/src/group4_task/install/maze_interfaces/include/maze_interfaces/maze_interfaces/srv/detail/error__struct.h
-- Up-to-date: /home/abdulrahman/training_ws/src/group4_task/install/maze_interfaces/include/maze_interfaces/maze_interfaces/srv/detail/error__type_support.c
-- Up-to-date: /home/abdulrahman/training_ws/src/group4_task/install/maze_interfaces/include/maze_interfaces/maze_interfaces/srv/detail/error__functions.c
-- Up-to-date: /home/abdulrahman/training_ws/src/group4_task/install/maze_interfaces/include/maze_interfaces/maze_interfaces/srv/detail/error__description.c
-- Up-to-date: /home/abdulrahman/training_ws/src/group4_task/install/maze_interfaces/include/maze_interfaces/maze_interfaces/srv/detail/error__functions.h
-- Up-to-date: /home/abdulrahman/training_ws/src/group4_task/install/maze_interfaces/include/maze_interfaces/maze_interfaces/srv/error.h
-- Up-to-date: /home/abdulrahman/training_ws/src/group4_task/install/maze_interfaces/share/maze_interfaces/environment/library_path.sh
-- Up-to-date: /home/abdulrahman/training_ws/src/group4_task/install/maze_interfaces/share/maze_interfaces/environment/library_path.dsv
-- Up-to-date: /home/abdulrahman/training_ws/src/group4_task/install/maze_interfaces/lib/libmaze_interfaces__rosidl_generator_c.so
-- Up-to-date: /home/abdulrahman/training_ws/src/group4_task/install/maze_interfaces/include/maze_interfaces/maze_interfaces
-- Up-to-date: /home/abdulrahman/training_ws/src/group4_task/install/maze_interfaces/include/maze_interfaces/maze_interfaces/action
-- Up-to-date: /home/abdulrahman/training_ws/src/group4_task/install/maze_interfaces/include/maze_interfaces/maze_interfaces/action/detail
-- Up-to-date: /home/abdulrahman/training_ws/src/group4_task/install/maze_interfaces/include/maze_interfaces/maze_interfaces/action/detail/move_x__rosidl_typesupport_fastrtps_c.h
-- Up-to-date: /home/abdulrahman/training_ws/src/group4_task/install/maze_interfaces/include/maze_interfaces/maze_interfaces/action/detail/yaw__rosidl_typesupport_fastrtps_c.h
-- Up-to-date: /home/abdulrahman/training_ws/src/group4_task/install/maze_interfaces/include/maze_interfaces/maze_interfaces/msg
-- Up-to-date: /home/abdulrahman/training_ws/src/group4_task/install/maze_interfaces/include/maze_interfaces/maze_interfaces/msg/rosidl_typesupport_fastrtps_c__visibility_control.h
-- Up-to-date: /home/abdulrahman/training_ws/src/group4_task/install/maze_interfaces/include/maze_interfaces/maze_interfaces/srv
-- Up-to-date: /home/abdulrahman/training_ws/src/group4_task/install/maze_interfaces/include/maze_interfaces/maze_interfaces/srv/detail
-- Up-to-date: /home/abdulrahman/training_ws/src/group4_task/install/maze_interfaces/include/maze_interfaces/maze_interfaces/srv/detail/error__rosidl_typesupport_fastrtps_c.h
-- Up-to-date: /home/abdulrahman/training_ws/src/group4_task/install/maze_interfaces/lib/libmaze_interfaces__rosidl_typesupport_fastrtps_c.so
-- Up-to-date: /home/abdulrahman/training_ws/src/group4_task/install/maze_interfaces/include/maze_interfaces/maze_interfaces
-- Up-to-date: /home/abdulrahman/training_ws/src/group4_task/install/maze_interfaces/include/maze_interfaces/maze_interfaces/action
-- Up-to-date: /home/abdulrahman/training_ws/src/group4_task/install/maze_interfaces/include/maze_interfaces/maze_interfaces/action/detail
-- Up-to-date: /home/abdulrahman/training_ws/src/group4_task/install/maze_interfaces/include/maze_interfaces/maze_interfaces/action/detail/yaw__rosidl_typesupport_introspection_c.h
-- Up-to-date: /home/abdulrahman/training_ws/src/group4_task/install/maze_interfaces/include/maze_interfaces/maze_interfaces/action/detail/move_x__rosidl_typesupport_introspection_c.h
-- Up-to-date: /home/abdulrahman/training_ws/src/group4_task/install/maze_interfaces/include/maze_interfaces/maze_interfaces/action/detail/yaw__type_support.c
-- Up-to-date: /home/abdulrahman/training_ws/src/group4_task/install/maze_interfaces/include/maze_interfaces/maze_interfaces/action/detail/move_x__type_support.c
-- Up-to-date: /home/abdulrahman/training_ws/src/group4_task/install/maze_interfaces/include/maze_interfaces/maze_interfaces/msg
-- Up-to-date: /home/abdulrahman/training_ws/src/group4_task/install/maze_interfaces/include/maze_interfaces/maze_interfaces/msg/rosidl_typesupport_introspection_c__visibility_control.h
-- Up-to-date: /home/abdulrahman/training_ws/src/group4_task/install/maze_interfaces/include/maze_interfaces/maze_interfaces/srv
-- Up-to-date: /home/abdulrahman/training_ws/src/group4_task/install/maze_interfaces/include/maze_interfaces/maze_interfaces/srv/detail
-- Up-to-date: /home/abdulrahman/training_ws/src/group4_task/install/maze_interfaces/include/maze_interfaces/maze_interfaces/srv/detail/error__type_support.c
-- Up-to-date: /home/abdulrahman/training_ws/src/group4_task/install/maze_interfaces/include/maze_interfaces/maze_interfaces/srv/detail/error__rosidl_typesupport_introspection_c.h
-- Up-to-date: /home/abdulrahman/training_ws/src/group4_task/install/maze_interfaces/lib/libmaze_interfaces__rosidl_typesupport_introspection_c.so
-- Up-to-date: /home/abdulrahman/training_ws/src/group4_task/install/maze_interfaces/lib/libmaze_interfaces__rosidl_typesupport_c.so
-- Up-to-date: /home/abdulrahman/training_ws/src/group4_task/install/maze_interfaces/include/maze_interfaces/maze_interfaces
-- Up-to-date: /home/abdulrahman/training_ws/src/group4_task/install/maze_interfaces/include/maze_interfaces/maze_interfaces/action
-- Up-to-date: /home/abdulrahman/training_ws/src/group4_task/install/maze_interfaces/include/maze_interfaces/maze_interfaces/action/yaw.hpp
-- Up-to-date: /home/abdulrahman/training_ws/src/group4_task/install/maze_interfaces/include/maze_interfaces/maze_interfaces/action/detail
-- Up-to-date: /home/abdulrahman/training_ws/src/group4_task/install/maze_interfaces/include/maze_interfaces/maze_interfaces/action/detail/move_x__traits.hpp
-- Up-to-date: /home/abdulrahman/training_ws/src/group4_task/install/maze_interfaces/include/maze_interfaces/maze_interfaces/action/detail/yaw__struct.hpp
-- Up-to-date: /home/abdulrahman/training_ws/src/group4_task/install/maze_interfaces/include/maze_interfaces/maze_interfaces/action/detail/move_x__builder.hpp
-- Up-to-date: /home/abdulrahman/training_ws/src/group4_task/install/maze_interfaces/include/maze_interfaces/maze_interfaces/action/detail/yaw__builder.hpp
-- Up-to-date: /home/abdulrahman/training_ws/src/group4_task/install/maze_interfaces/include/maze_interfaces/maze_interfaces/action/detail/move_x__type_support.hpp
-- Up-to-date: /home/abdulrahman/training_ws/src/group4_task/install/maze_interfaces/include/maze_interfaces/maze_interfaces/action/detail/move_x__struct.hpp
-- Up-to-date: /home/abdulrahman/training_ws/src/group4_task/install/maze_interfaces/include/maze_interfaces/maze_interfaces/action/detail/yaw__type_support.hpp
-- Up-to-date: /home/abdulrahman/training_ws/src/group4_task/install/maze_interfaces/include/maze_interfaces/maze_interfaces/action/detail/yaw__traits.hpp
-- Up-to-date: /home/abdulrahman/training_ws/src/group4_task/install/maze_interfaces/include/maze_interfaces/maze_interfaces/action/move_x.hpp
-- Up-to-date: /home/abdulrahman/training_ws/src/group4_task/install/maze_interfaces/include/maze_interfaces/maze_interfaces/msg
-- Up-to-date: /home/abdulrahman/training_ws/src/group4_task/install/maze_interfaces/include/maze_interfaces/maze_interfaces/msg/rosidl_generator_cpp__visibility_control.hpp
-- Up-to-date: /home/abdulrahman/training_ws/src/group4_task/install/maze_interfaces/include/maze_interfaces/maze_interfaces/srv
-- Up-to-date: /home/abdulrahman/training_ws/src/group4_task/install/maze_interfaces/include/maze_interfaces/maze_interfaces/srv/detail
-- Up-to-date: /home/abdulrahman/training_ws/src/group4_task/install/maze_interfaces/include/maze_interfaces/maze_interfaces/srv/detail/error__struct.hpp
-- Up-to-date: /home/abdulrahman/training_ws/src/group4_task/install/maze_interfaces/include/maze_interfaces/maze_interfaces/srv/detail/error__traits.hpp
-- Up-to-date: /home/abdulrahman/training_ws/src/group4_task/install/maze_interfaces/include/maze_interfaces/maze_interfaces/srv/detail/error__type_support.hpp
-- Up-to-date: /home/abdulrahman/training_ws/src/group4_task/install/maze_interfaces/include/maze_interfaces/maze_interfaces/srv/detail/error__builder.hpp
-- Up-to-date: /home/abdulrahman/training_ws/src/group4_task/install/maze_interfaces/include/maze_interfaces/maze_interfaces/srv/error.hpp
-- Up-to-date: /home/abdulrahman/training_ws/src/group4_task/install/maze_interfaces/include/maze_interfaces/maze_interfaces
-- Up-to-date: /home/abdulrahman/training_ws/src/group4_task/install/maze_interfaces/include/maze_interfaces/maze_interfaces/action
-- Up-to-date: /home/abdulrahman/training_ws/src/group4_task/install/maze_interfaces/include/maze_interfaces/maze_interfaces/action/detail
-- Up-to-date: /home/abdulrahman/training_ws/src/group4_task/install/maze_interfaces/include/maze_interfaces/maze_interfaces/action/detail/dds_fastrtps
-- Up-to-date: /home/abdulrahman/training_ws/src/group4_task/install/maze_interfaces/include/maze_interfaces/maze_interfaces/action/detail/move_x__rosidl_typesupport_fastrtps_cpp.hpp
-- Up-to-date: /home/abdulrahman/training_ws/src/group4_task/install/maze_interfaces/include/maze_interfaces/maze_interfaces/action/detail/yaw__rosidl_typesupport_fastrtps_cpp.hpp
-- Up-to-date: /home/abdulrahman/training_ws/src/group4_task/install/maze_interfaces/include/maze_interfaces/maze_interfaces/msg
-- Up-to-date: /home/abdulrahman/training_ws/src/group4_task/install/maze_interfaces/include/maze_interfaces/maze_interfaces/msg/rosidl_typesupport_fastrtps_cpp__visibility_control.h
-- Up-to-date: /home/abdulrahman/training_ws/src/group4_task/install/maze_interfaces/include/maze_interfaces/maze_interfaces/srv
-- Up-to-date: /home/abdulrahman/training_ws/src/group4_task/install/maze_interfaces/include/maze_interfaces/maze_interfaces/srv/detail
-- Up-to-date: /home/abdulrahman/training_ws/src/group4_task/install/maze_interfaces/include/maze_interfaces/maze_interfaces/srv/detail/dds_fastrtps
-- Up-to-date: /home/abdulrahman/training_ws/src/group4_task/install/maze_interfaces/include/maze_interfaces/maze_interfaces/srv/detail/error__rosidl_typesupport_fastrtps_cpp.hpp
-- Up-to-date: /home/abdulrahman/training_ws/src/group4_task/install/maze_interfaces/lib/libmaze_interfaces__rosidl_typesupport_fastrtps_cpp.so
-- Up-to-date: /home/abdulrahman/training_ws/src/group4_task/install/maze_interfaces/include/maze_interfaces/maze_interfaces
-- Up-to-date: /home/abdulrahman/training_ws/src/group4_task/install/maze_interfaces/include/maze_interfaces/maze_interfaces/action
-- Up-to-date: /home/abdulrahman/training_ws/src/group4_task/install/maze_interfaces/include/maze_interfaces/maze_interfaces/action/detail
-- Up-to-date: /home/abdulrahman/training_ws/src/group4_task/install/maze_interfaces/include/maze_interfaces/maze_interfaces/action/detail/move_x__rosidl_typesupport_introspection_cpp.hpp
-- Up-to-date: /home/abdulrahman/training_ws/src/group4_task/install/maze_interfaces/include/maze_interfaces/maze_interfaces/action/detail/move_x__type_support.cpp
-- Up-to-date: /home/abdulrahman/training_ws/src/group4_task/install/maze_interfaces/include/maze_interfaces/maze_interfaces/action/detail/yaw__type_support.cpp
-- Up-to-date: /home/abdulrahman/training_ws/src/group4_task/install/maze_interfaces/include/maze_interfaces/maze_interfaces/action/detail/yaw__rosidl_typesupport_introspection_cpp.hpp
-- Up-to-date: /home/abdulrahman/training_ws/src/group4_task/install/maze_interfaces/include/maze_interfaces/maze_interfaces/srv
-- Up-to-date: /home/abdulrahman/training_ws/src/group4_task/install/maze_interfaces/include/maze_interfaces/maze_interfaces/srv/detail
-- Up-to-date: /home/abdulrahman/training_ws/src/group4_task/install/maze_interfaces/include/maze_interfaces/maze_interfaces/srv/detail/error__type_support.cpp
-- Up-to-date: /home/abdulrahman/training_ws/src/group4_task/install/maze_interfaces/include/maze_interfaces/maze_interfaces/srv/detail/error__rosidl_typesupport_introspection_cpp.hpp
-- Up-to-date: /home/abdulrahman/training_ws/src/group4_task/install/maze_interfaces/lib/libmaze_interfaces__rosidl_typesupport_introspection_cpp.so
-- Up-to-date: /home/abdulrahman/training_ws/src/group4_task/install/maze_interfaces/lib/libmaze_interfaces__rosidl_typesupport_cpp.so
-- Up-to-date: /home/abdulrahman/training_ws/src/group4_task/install/maze_interfaces/share/maze_interfaces/environment/pythonpath.sh
-- Up-to-date: /home/abdulrahman/training_ws/src/group4_task/install/maze_interfaces/share/maze_interfaces/environment/pythonpath.dsv
-- Up-to-date: /home/abdulrahman/training_ws/src/group4_task/install/maze_interfaces/lib/python3.12/site-packages/maze_interfaces-0.0.0-py3.12.egg-info
-- Installing: /home/abdulrahman/training_ws/src/group4_task/install/maze_interfaces/lib/python3.12/site-packages/maze_interfaces-0.0.0-py3.12.egg-info/top_level.txt
-- Installing: /home/abdulrahman/training_ws/src/group4_task/install/maze_interfaces/lib/python3.12/site-packages/maze_interfaces-0.0.0-py3.12.egg-info/PKG-INFO
-- Installing: /home/abdulrahman/training_ws/src/group4_task/install/maze_interfaces/lib/python3.12/site-packages/maze_interfaces-0.0.0-py3.12.egg-info/dependency_links.txt
-- Installing: /home/abdulrahman/training_ws/src/group4_task/install/maze_interfaces/lib/python3.12/site-packages/maze_interfaces-0.0.0-py3.12.egg-info/SOURCES.txt
-- Up-to-date: /home/abdulrahman/training_ws/src/group4_task/install/maze_interfaces/lib/python3.12/site-packages/maze_interfaces
-- Up-to-date: /home/abdulrahman/training_ws/src/group4_task/install/maze_interfaces/lib/python3.12/site-packages/maze_interfaces/maze_interfaces_s__rosidl_typesupport_c.so
-- Up-to-date: /home/abdulrahman/training_ws/src/group4_task/install/maze_interfaces/lib/python3.12/site-packages/maze_interfaces/maze_interfaces_s__rosidl_typesupport_fastrtps_c.so
-- Up-to-date: /home/abdulrahman/training_ws/src/group4_task/install/maze_interfaces/lib/python3.12/site-packages/maze_interfaces/action
-- Up-to-date: /home/abdulrahman/training_ws/src/group4_task/install/maze_interfaces/lib/python3.12/site-packages/maze_interfaces/action/_move_x.py
-- Up-to-date: /home/abdulrahman/training_ws/src/group4_task/install/maze_interfaces/lib/python3.12/site-packages/maze_interfaces/action/_yaw_s.c
-- Up-to-date: /home/abdulrahman/training_ws/src/group4_task/install/maze_interfaces/lib/python3.12/site-packages/maze_interfaces/action/__init__.py
-- Up-to-date: /home/abdulrahman/training_ws/src/group4_task/install/maze_interfaces/lib/python3.12/site-packages/maze_interfaces/action/_move_x_s.c
-- Up-to-date: /home/abdulrahman/training_ws/src/group4_task/install/maze_interfaces/lib/python3.12/site-packages/maze_interfaces/action/_yaw.py
-- Up-to-date: /home/abdulrahman/training_ws/src/group4_task/install/maze_interfaces/lib/python3.12/site-packages/maze_interfaces/_maze_interfaces_s.ep.rosidl_typesupport_c.c
-- Up-to-date: /home/abdulrahman/training_ws/src/group4_task/install/maze_interfaces/lib/python3.12/site-packages/maze_interfaces/_maze_interfaces_s.ep.rosidl_typesupport_introspection_c.c
-- Installing: /home/abdulrahman/training_ws/src/group4_task/install/maze_interfaces/lib/python3.12/site-packages/maze_interfaces/__init__.py
-- Up-to-date: /home/abdulrahman/training_ws/src/group4_task/install/maze_interfaces/lib/python3.12/site-packages/maze_interfaces/_maze_interfaces_s.ep.rosidl_typesupport_fastrtps_c.c
-- Up-to-date: /home/abdulrahman/training_ws/src/group4_task/install/maze_interfaces/lib/python3.12/site-packages/maze_interfaces/maze_interfaces_s__rosidl_typesupport_introspection_c.so
-- Up-to-date: /home/abdulrahman/training_ws/src/group4_task/install/maze_interfaces/lib/python3.12/site-packages/maze_interfaces/srv
-- Up-to-date: /home/abdulrahman/training_ws/src/group4_task/install/maze_interfaces/lib/python3.12/site-packages/maze_interfaces/srv/_error_s.c
-- Up-to-date: /home/abdulrahman/training_ws/src/group4_task/install/maze_interfaces/lib/python3.12/site-packages/maze_interfaces/srv/_error.py
-- Up-to-date: /home/abdulrahman/training_ws/src/group4_task/install/maze_interfaces/lib/python3.12/site-packages/maze_interfaces/srv/__init__.py
Listing '/home/abdulrahman/training_ws/src/group4_task/install/maze_interfaces/lib/python3.12/site-packages/maze_interfaces'...
Compiling '/home/abdulrahman/training_ws/src/group4_task/install/maze_interfaces/lib/python3.12/site-packages/maze_interfaces/__init__.py'...
Listing '/home/abdulrahman/training_ws/src/group4_task/install/maze_interfaces/lib/python3.12/site-packages/maze_interfaces/action'...
Listing '/home/abdulrahman/training_ws/src/group4_task/install/maze_interfaces/lib/python3.12/site-packages/maze_interfaces/srv'...
-- Up-to-date: /home/abdulrahman/training_ws/src/group4_task/install/maze_interfaces/lib/python3.12/site-packages/maze_interfaces/maze_interfaces_s__rosidl_typesupport_fastrtps_c.so
-- Up-to-date: /home/abdulrahman/training_ws/src/group4_task/install/maze_interfaces/lib/python3.12/site-packages/maze_interfaces/maze_interfaces_s__rosidl_typesupport_introspection_c.so
-- Up-to-date: /home/abdulrahman/training_ws/src/group4_task/install/maze_interfaces/lib/python3.12/site-packages/maze_interfaces/maze_interfaces_s__rosidl_typesupport_c.so
-- Up-to-date: /home/abdulrahman/training_ws/src/group4_task/install/maze_interfaces/lib/libmaze_interfaces__rosidl_generator_py.so
-- Up-to-date: /home/abdulrahman/training_ws/src/group4_task/install/maze_interfaces/share/ament_index/resource_index/rust_packages/maze_interfaces
-- Up-to-date: /home/abdulrahman/training_ws/src/group4_task/install/maze_interfaces/share/maze_interfaces/rust
-- Up-to-date: /home/abdulrahman/training_ws/src/group4_task/install/maze_interfaces/share/maze_interfaces/rust/src
-- Up-to-date: /home/abdulrahman/training_ws/src/group4_task/install/maze_interfaces/share/maze_interfaces/rust/src/lib.rs
-- Up-to-date: /home/abdulrahman/training_ws/src/group4_task/install/maze_interfaces/share/maze_interfaces/rust/src/action.rs
-- Up-to-date: /home/abdulrahman/training_ws/src/group4_task/install/maze_interfaces/share/maze_interfaces/rust/src/action
-- Up-to-date: /home/abdulrahman/training_ws/src/group4_task/install/maze_interfaces/share/maze_interfaces/rust/src/action/rmw.rs
-- Up-to-date: /home/abdulrahman/training_ws/src/group4_task/install/maze_interfaces/share/maze_interfaces/rust/src/srv.rs
-- Up-to-date: /home/abdulrahman/training_ws/src/group4_task/install/maze_interfaces/share/maze_interfaces/rust/src/srv
-- Up-to-date: /home/abdulrahman/training_ws/src/group4_task/install/maze_interfaces/share/maze_interfaces/rust/src/srv/rmw.rs
-- Up-to-date: /home/abdulrahman/training_ws/src/group4_task/install/maze_interfaces/share/maze_interfaces/rust/build.rs
-- Up-to-date: /home/abdulrahman/training_ws/src/group4_task/install/maze_interfaces/share/maze_interfaces/rust/Cargo.toml
-- Up-to-date: /home/abdulrahman/training_ws/src/group4_task/install/maze_interfaces/share/maze_interfaces/action/MoveX.idl
-- Up-to-date: /home/abdulrahman/training_ws/src/group4_task/install/maze_interfaces/share/maze_interfaces/action/Yaw.idl
-- Up-to-date: /home/abdulrahman/training_ws/src/group4_task/install/maze_interfaces/share/maze_interfaces/srv/Error.idl
-- Up-to-date: /home/abdulrahman/training_ws/src/group4_task/install/maze_interfaces/share/maze_interfaces/action/MoveX.action
-- Installing: /home/abdulrahman/training_ws/src/group4_task/install/maze_interfaces/share/maze_interfaces/action/Yaw.action
-- Up-to-date: /home/abdulrahman/training_ws/src/group4_task/install/maze_interfaces/share/maze_interfaces/srv/Error.srv
-- Up-to-date: /home/abdulrahman/training_ws/src/group4_task/install/maze_interfaces/share/ament_index/resource_index/package_run_dependencies/maze_interfaces
-- Installing: /home/abdulrahman/training_ws/src/group4_task/install/maze_interfaces/share/ament_index/resource_index/parent_prefix_path/maze_interfaces
-- Up-to-date: /home/abdulrahman/training_ws/src/group4_task/install/maze_interfaces/share/maze_interfaces/environment/ament_prefix_path.sh
-- Up-to-date: /home/abdulrahman/training_ws/src/group4_task/install/maze_interfaces/share/maze_interfaces/environment/ament_prefix_path.dsv
-- Up-to-date: /home/abdulrahman/training_ws/src/group4_task/install/maze_interfaces/share/maze_interfaces/environment/path.sh
-- Up-to-date: /home/abdulrahman/training_ws/src/group4_task/install/maze_interfaces/share/maze_interfaces/environment/path.dsv
-- Up-to-date: /home/abdulrahman/training_ws/src/group4_task/install/maze_interfaces/share/maze_interfaces/local_setup.bash
-- Up-to-date: /home/abdulrahman/training_ws/src/group4_task/install/maze_interfaces/share/maze_interfaces/local_setup.sh
-- Up-to-date: /home/abdulrahman/training_ws/src/group4_task/install/maze_interfaces/share/maze_interfaces/local_setup.zsh
-- Up-to-date: /home/abdulrahman/training_ws/src/group4_task/install/maze_interfaces/share/maze_interfaces/local_setup.dsv
-- Installing: /home/abdulrahman/training_ws/src/group4_task/install/maze_interfaces/share/maze_interfaces/package.dsv
-- Up-to-date: /home/abdulrahman/training_ws/src/group4_task/install/maze_interfaces/share/ament_index/resource_index/packages/maze_interfaces
-- Up-to-date: /home/abdulrahman/training_ws/src/group4_task/install/maze_interfaces/share/maze_interfaces/cmake/export_maze_interfaces__rosidl_generator_cExport.cmake
-- Up-to-date: /home/abdulrahman/training_ws/src/group4_task/install/maze_interfaces/share/maze_interfaces/cmake/export_maze_interfaces__rosidl_generator_cExport-noconfig.cmake
-- Up-to-date: /home/abdulrahman/training_ws/src/group4_task/install/maze_interfaces/share/maze_interfaces/cmake/export_maze_interfaces__rosidl_typesupport_fastrtps_cExport.cmake
-- Up-to-date: /home/abdulrahman/training_ws/src/group4_task/install/maze_interfaces/share/maze_interfaces/cmake/export_maze_interfaces__rosidl_typesupport_fastrtps_cExport-noconfig.cmake
-- Up-to-date: /home/abdulrahman/training_ws/src/group4_task/install/maze_interfaces/share/maze_interfaces/cmake/maze_interfaces__rosidl_typesupport_introspection_cExport.cmake
-- Up-to-date: /home/abdulrahman/training_ws/src/group4_task/install/maze_interfaces/share/maze_interfaces/cmake/maze_interfaces__rosidl_typesupport_introspection_cExport-noconfig.cmake
-- Up-to-date: /home/abdulrahman/training_ws/src/group4_task/install/maze_interfaces/share/maze_interfaces/cmake/maze_interfaces__rosidl_typesupport_cExport.cmake
-- Up-to-date: /home/abdulrahman/training_ws/src/group4_task/install/maze_interfaces/share/maze_interfaces/cmake/maze_interfaces__rosidl_typesupport_cExport-noconfig.cmake
-- Up-to-date: /home/abdulrahman/training_ws/src/group4_task/install/maze_interfaces/share/maze_interfaces/cmake/export_maze_interfaces__rosidl_generator_cppExport.cmake
-- Up-to-date: /home/abdulrahman/training_ws/src/group4_task/install/maze_interfaces/share/maze_interfaces/cmake/export_maze_interfaces__rosidl_typesupport_fastrtps_cppExport.cmake
-- Up-to-date: /home/abdulrahman/training_ws/src/group4_task/install/maze_interfaces/share/maze_interfaces/cmake/export_maze_interfaces__rosidl_typesupport_fastrtps_cppExport-noconfig.cmake
-- Up-to-date: /home/abdulrahman/training_ws/src/group4_task/install/maze_interfaces/share/maze_interfaces/cmake/maze_interfaces__rosidl_typesupport_introspection_cppExport.cmake
-- Up-to-date: /home/abdulrahman/training_ws/src/group4_task/install/maze_interfaces/share/maze_interfaces/cmake/maze_interfaces__rosidl_typesupport_introspection_cppExport-noconfig.cmake
-- Up-to-date: /home/abdulrahman/training_ws/src/group4_task/install/maze_interfaces/share/maze_interfaces/cmake/maze_interfaces__rosidl_typesupport_cppExport.cmake
-- Up-to-date: /home/abdulrahman/training_ws/src/group4_task/install/maze_interfaces/share/maze_interfaces/cmake/maze_interfaces__rosidl_typesupport_cppExport-noconfig.cmake
-- Up-to-date: /home/abdulrahman/training_ws/src/group4_task/install/maze_interfaces/share/maze_interfaces/cmake/export_maze_interfaces__rosidl_generator_pyExport.cmake
-- Up-to-date: /home/abdulrahman/training_ws/src/group4_task/install/maze_interfaces/share/maze_interfaces/cmake/export_maze_interfaces__rosidl_generator_pyExport-noconfig.cmake
-- Up-to-date: /home/abdulrahman/training_ws/src/group4_task/install/maze_interfaces/share/maze_interfaces/cmake/rosidl_cmake-extras.cmake
-- Up-to-date: /home/abdulrahman/training_ws/src/group4_task/install/maze_interfaces/share/maze_interfaces/cmake/ament_cmake_export_dependencies-extras.cmake
-- Up-to-date: /home/abdulrahman/training_ws/src/group4_task/install/maze_interfaces/share/maze_interfaces/cmake/ament_cmake_export_include_directories-extras.cmake
-- Up-to-date: /home/abdulrahman/training_ws/src/group4_task/install/maze_interfaces/share/maze_interfaces/cmake/ament_cmake_export_libraries-extras.cmake
-- Up-to-date: /home/abdulrahman/training_ws/src/group4_task/install/maze_interfaces/share/maze_interfaces/cmake/ament_cmake_export_targets-extras.cmake
-- Up-to-date: /home/abdulrahman/training_ws/src/group4_task/install/maze_interfaces/share/maze_interfaces/cmake/rosidl_cmake_export_typesupport_targets-extras.cmake
-- Up-to-date: /home/abdulrahman/training_ws/src/group4_task/install/maze_interfaces/share/maze_interfaces/cmake/rosidl_cmake_export_typesupport_libraries-extras.cmake
-- Up-to-date: /home/abdulrahman/training_ws/src/group4_task/install/maze_interfaces/share/maze_interfaces/cmake/rosidl_cmake_aggregate_target-extras.cmake
-- Up-to-date: /home/abdulrahman/training_ws/src/group4_task/install/maze_interfaces/share/maze_interfaces/cmake/maze_interfacesConfig.cmake
-- Up-to-date: /home/abdulrahman/training_ws/src/group4_task/install/maze_interfaces/share/maze_interfaces/cmake/maze_interfacesConfig-version.cmake
-- Up-to-date: /home/abdulrahman/training_ws/src/group4_task/install/maze_interfaces/share/maze_interfaces/package.xml
