[0.551s] Invoking command in '/home/abdulrahman/training_ws/src/group4_task/build/maze_interfaces': CMAKE_PREFIX_PATH=${CMAKE_PREFIX_PATH}:/home/abdulrahman/training_ws/install/maze_solver:/home/abdulrahman/training_ws/install/maze_control:/opt/ros/jazzy DEBUGINFOD_URLS=https://debuginfod.ubuntu.com /usr/bin/cmake --build /home/abdulrahman/training_ws/src/group4_task/build/maze_interfaces -- -j16 -l16
[0.610s] -- Found ament_cmake: 2.5.6 (/opt/ros/jazzy/share/ament_cmake/cmake)
[0.860s] -- Found rosidl_default_generators: 1.6.1 (/opt/ros/jazzy/share/rosidl_default_generators/cmake)
[0.865s] -- Using all available rosidl_typesupport_c: rosidl_typesupport_fastrtps_c;rosidl_typesupport_introspection_c
[0.926s] -- Using all available rosidl_typesupport_cpp: rosidl_typesupport_fastrtps_cpp;rosidl_typesupport_introspection_cpp
[1.008s] -- Found rosidl_adapter: 4.6.9 (/opt/ros/jazzy/share/rosidl_adapter/cmake)
[1.768s] -- Found ament_cmake_ros: 0.12.1 (/opt/ros/jazzy/share/ament_cmake_ros/cmake)
[2.005s] -- Using all available rosidl_typesupport_c: rosidl_typesupport_fastrtps_c;rosidl_typesupport_introspection_c
[2.313s] -- Using all available rosidl_typesupport_cpp: rosidl_typesupport_fastrtps_cpp;rosidl_typesupport_introspection_cpp
[2.318s] -- Found python_cmake_module: 0.11.1 (/opt/ros/jazzy/share/python_cmake_module/cmake)
[2.942s] -- Found Python3: /usr/bin/python3 (found version "3.12.3") found components: Interpreter Development NumPy Development.Module Development.Embed 
[3.051s] -- Found Python3: /usr/bin/python3 (found version "3.12.3") found components: Interpreter 
[3.055s] -- Found ament_lint_auto: 0.17.5 (/opt/ros/jazzy/share/ament_lint_auto/cmake)
[3.082s] -- Added test 'lint_cmake' to check CMake code style
[3.084s] -- Added test 'xmllint' to check XML markup files
[3.088s] -- Configuring done (2.5s)
[3.161s] -- Generating done (0.1s)
[3.184s] -- Build files have been written to: /home/abdulrahman/training_ws/src/group4_task/build/maze_interfaces
[3.278s] [  1%] Built target maze_interfaces__rosidl_generator_type_description
[3.279s] [  3%] Built target maze_interfaces__rs
[3.296s] [  3%] Built target ament_cmake_python_copy_maze_interfaces
[3.321s] [  5%] Built target maze_interfaces__cpp
[3.335s] [ 25%] Built target maze_interfaces__rosidl_generator_c
[3.385s] [ 34%] Built target maze_interfaces__rosidl_typesupport_c
[3.386s] [ 43%] Built target maze_interfaces__rosidl_typesupport_introspection_cpp
[3.388s] [ 52%] Built target maze_interfaces__rosidl_typesupport_cpp
[3.389s] [ 61%] Built target maze_interfaces__rosidl_typesupport_fastrtps_c
[3.402s] [ 70%] Built target maze_interfaces__rosidl_typesupport_introspection_c
[3.421s] [ 80%] Built target maze_interfaces__rosidl_typesupport_fastrtps_cpp
[3.462s] [ 80%] Built target maze_interfaces
[3.507s] [ 81%] Built target maze_interfaces__py
[3.564s] [ 89%] Built target maze_interfaces__rosidl_generator_py
[3.610s] [ 92%] Built target maze_interfaces_s__rosidl_typesupport_c
[3.613s] [ 96%] Built target maze_interfaces_s__rosidl_typesupport_introspection_c
[3.628s] [100%] Built target maze_interfaces_s__rosidl_typesupport_fastrtps_c
[3.736s] running egg_info
[3.771s] writing maze_interfaces.egg-info/PKG-INFO
[3.771s] writing dependency_links to maze_interfaces.egg-info/dependency_links.txt
[3.772s] writing top-level names to maze_interfaces.egg-info/top_level.txt
[3.881s] reading manifest file 'maze_interfaces.egg-info/SOURCES.txt'
[3.883s] writing manifest file 'maze_interfaces.egg-info/SOURCES.txt'
[3.936s] [100%] Built target ament_cmake_python_build_maze_interfaces_egg
[3.968s] Invoked command in '/home/abdulrahman/training_ws/src/group4_task/build/maze_interfaces' returned '0': CMAKE_PREFIX_PATH=${CMAKE_PREFIX_PATH}:/home/abdulrahman/training_ws/install/maze_solver:/home/abdulrahman/training_ws/install/maze_control:/opt/ros/jazzy DEBUGINFOD_URLS=https://debuginfod.ubuntu.com /usr/bin/cmake --build /home/abdulrahman/training_ws/src/group4_task/build/maze_interfaces -- -j16 -l16
[3.993s] Invoking command in '/home/abdulrahman/training_ws/src/group4_task/build/maze_interfaces': CMAKE_PREFIX_PATH=${CMAKE_PREFIX_PATH}:/home/abdulrahman/training_ws/install/maze_solver:/home/abdulrahman/training_ws/install/maze_control:/opt/ros/jazzy DEBUGINFOD_URLS=https://debuginfod.ubuntu.com /usr/bin/cmake --install /home/abdulrahman/training_ws/src/group4_task/build/maze_interfaces
[4.008s] -- Install configuration: ""
[4.008s] -- Up-to-date: /home/abdulrahman/training_ws/src/group4_task/install/maze_interfaces/share/ament_index/resource_index/rosidl_interfaces/maze_interfaces
[4.008s] -- Up-to-date: /home/abdulrahman/training_ws/src/group4_task/install/maze_interfaces/share/maze_interfaces/action/MoveX.json
[4.009s] -- Up-to-date: /home/abdulrahman/training_ws/src/group4_task/install/maze_interfaces/share/maze_interfaces/action/Yaw.json
[4.009s] -- Up-to-date: /home/abdulrahman/training_ws/src/group4_task/install/maze_interfaces/share/maze_interfaces/srv/Error.json
[4.009s] -- Up-to-date: /home/abdulrahman/training_ws/src/group4_task/install/maze_interfaces/include/maze_interfaces/maze_interfaces
[4.009s] -- Up-to-date: /home/abdulrahman/training_ws/src/group4_task/install/maze_interfaces/include/maze_interfaces/maze_interfaces/action
[4.009s] -- Up-to-date: /home/abdulrahman/training_ws/src/group4_task/install/maze_interfaces/include/maze_interfaces/maze_interfaces/action/detail
[4.009s] -- Up-to-date: /home/abdulrahman/training_ws/src/group4_task/install/maze_interfaces/include/maze_interfaces/maze_interfaces/action/detail/yaw__description.c
[4.010s] -- Up-to-date: /home/abdulrahman/training_ws/src/group4_task/install/maze_interfaces/include/maze_interfaces/maze_interfaces/action/detail/move_x__type_support.h
[4.010s] -- Up-to-date: /home/abdulrahman/training_ws/src/group4_task/install/maze_interfaces/include/maze_interfaces/maze_interfaces/action/detail/yaw__struct.h
[4.010s] -- Up-to-date: /home/abdulrahman/training_ws/src/group4_task/install/maze_interfaces/include/maze_interfaces/maze_interfaces/action/detail/move_x__functions.c
[4.010s] -- Up-to-date: /home/abdulrahman/training_ws/src/group4_task/install/maze_interfaces/include/maze_interfaces/maze_interfaces/action/detail/move_x__description.c
[4.010s] -- Up-to-date: /home/abdulrahman/training_ws/src/group4_task/install/maze_interfaces/include/maze_interfaces/maze_interfaces/action/detail/yaw__functions.c
[4.010s] -- Up-to-date: /home/abdulrahman/training_ws/src/group4_task/install/maze_interfaces/include/maze_interfaces/maze_interfaces/action/detail/yaw__functions.h
[4.010s] -- Up-to-date: /home/abdulrahman/training_ws/src/group4_task/install/maze_interfaces/include/maze_interfaces/maze_interfaces/action/detail/yaw__type_support.c
[4.010s] -- Up-to-date: /home/abdulrahman/training_ws/src/group4_task/install/maze_interfaces/include/maze_interfaces/maze_interfaces/action/detail/move_x__functions.h
[4.011s] -- Up-to-date: /home/abdulrahman/training_ws/src/group4_task/install/maze_interfaces/include/maze_interfaces/maze_interfaces/action/detail/move_x__struct.h
[4.011s] -- Up-to-date: /home/abdulrahman/training_ws/src/group4_task/install/maze_interfaces/include/maze_interfaces/maze_interfaces/action/detail/yaw__type_support.h
[4.011s] -- Up-to-date: /home/abdulrahman/training_ws/src/group4_task/install/maze_interfaces/include/maze_interfaces/maze_interfaces/action/detail/move_x__type_support.c
[4.011s] -- Up-to-date: /home/abdulrahman/training_ws/src/group4_task/install/maze_interfaces/include/maze_interfaces/maze_interfaces/action/yaw.h
[4.011s] -- Up-to-date: /home/abdulrahman/training_ws/src/group4_task/install/maze_interfaces/include/maze_interfaces/maze_interfaces/action/move_x.h
[4.011s] -- Up-to-date: /home/abdulrahman/training_ws/src/group4_task/install/maze_interfaces/include/maze_interfaces/maze_interfaces/msg
[4.011s] -- Up-to-date: /home/abdulrahman/training_ws/src/group4_task/install/maze_interfaces/include/maze_interfaces/maze_interfaces/msg/rosidl_generator_c__visibility_control.h
[4.011s] -- Up-to-date: /home/abdulrahman/training_ws/src/group4_task/install/maze_interfaces/include/maze_interfaces/maze_interfaces/srv
[4.011s] -- Up-to-date: /home/abdulrahman/training_ws/src/group4_task/install/maze_interfaces/include/maze_interfaces/maze_interfaces/srv/detail
[4.012s] -- Up-to-date: /home/abdulrahman/training_ws/src/group4_task/install/maze_interfaces/include/maze_interfaces/maze_interfaces/srv/detail/error__type_support.h
[4.012s] -- Up-to-date: /home/abdulrahman/training_ws/src/group4_task/install/maze_interfaces/include/maze_interfaces/maze_interfaces/srv/detail/error__struct.h
[4.012s] -- Up-to-date: /home/abdulrahman/training_ws/src/group4_task/install/maze_interfaces/include/maze_interfaces/maze_interfaces/srv/detail/error__type_support.c
[4.012s] -- Up-to-date: /home/abdulrahman/training_ws/src/group4_task/install/maze_interfaces/include/maze_interfaces/maze_interfaces/srv/detail/error__functions.c
[4.012s] -- Up-to-date: /home/abdulrahman/training_ws/src/group4_task/install/maze_interfaces/include/maze_interfaces/maze_interfaces/srv/detail/error__description.c
[4.012s] -- Up-to-date: /home/abdulrahman/training_ws/src/group4_task/install/maze_interfaces/include/maze_interfaces/maze_interfaces/srv/detail/error__functions.h
[4.012s] -- Up-to-date: /home/abdulrahman/training_ws/src/group4_task/install/maze_interfaces/include/maze_interfaces/maze_interfaces/srv/error.h
[4.012s] -- Up-to-date: /home/abdulrahman/training_ws/src/group4_task/install/maze_interfaces/share/maze_interfaces/environment/library_path.sh
[4.013s] -- Up-to-date: /home/abdulrahman/training_ws/src/group4_task/install/maze_interfaces/share/maze_interfaces/environment/library_path.dsv
[4.013s] -- Up-to-date: /home/abdulrahman/training_ws/src/group4_task/install/maze_interfaces/lib/libmaze_interfaces__rosidl_generator_c.so
[4.013s] -- Up-to-date: /home/abdulrahman/training_ws/src/group4_task/install/maze_interfaces/include/maze_interfaces/maze_interfaces
[4.013s] -- Up-to-date: /home/abdulrahman/training_ws/src/group4_task/install/maze_interfaces/include/maze_interfaces/maze_interfaces/action
[4.013s] -- Up-to-date: /home/abdulrahman/training_ws/src/group4_task/install/maze_interfaces/include/maze_interfaces/maze_interfaces/action/detail
[4.013s] -- Up-to-date: /home/abdulrahman/training_ws/src/group4_task/install/maze_interfaces/include/maze_interfaces/maze_interfaces/action/detail/move_x__rosidl_typesupport_fastrtps_c.h
[4.013s] -- Up-to-date: /home/abdulrahman/training_ws/src/group4_task/install/maze_interfaces/include/maze_interfaces/maze_interfaces/action/detail/yaw__rosidl_typesupport_fastrtps_c.h
[4.013s] -- Up-to-date: /home/abdulrahman/training_ws/src/group4_task/install/maze_interfaces/include/maze_interfaces/maze_interfaces/msg
[4.013s] -- Up-to-date: /home/abdulrahman/training_ws/src/group4_task/install/maze_interfaces/include/maze_interfaces/maze_interfaces/msg/rosidl_typesupport_fastrtps_c__visibility_control.h
[4.014s] -- Up-to-date: /home/abdulrahman/training_ws/src/group4_task/install/maze_interfaces/include/maze_interfaces/maze_interfaces/srv
[4.014s] -- Up-to-date: /home/abdulrahman/training_ws/src/group4_task/install/maze_interfaces/include/maze_interfaces/maze_interfaces/srv/detail
[4.014s] -- Up-to-date: /home/abdulrahman/training_ws/src/group4_task/install/maze_interfaces/include/maze_interfaces/maze_interfaces/srv/detail/error__rosidl_typesupport_fastrtps_c.h
[4.014s] -- Up-to-date: /home/abdulrahman/training_ws/src/group4_task/install/maze_interfaces/lib/libmaze_interfaces__rosidl_typesupport_fastrtps_c.so
[4.014s] -- Up-to-date: /home/abdulrahman/training_ws/src/group4_task/install/maze_interfaces/include/maze_interfaces/maze_interfaces
[4.014s] -- Up-to-date: /home/abdulrahman/training_ws/src/group4_task/install/maze_interfaces/include/maze_interfaces/maze_interfaces/action
[4.014s] -- Up-to-date: /home/abdulrahman/training_ws/src/group4_task/install/maze_interfaces/include/maze_interfaces/maze_interfaces/action/detail
[4.014s] -- Up-to-date: /home/abdulrahman/training_ws/src/group4_task/install/maze_interfaces/include/maze_interfaces/maze_interfaces/action/detail/yaw__rosidl_typesupport_introspection_c.h
[4.015s] -- Up-to-date: /home/abdulrahman/training_ws/src/group4_task/install/maze_interfaces/include/maze_interfaces/maze_interfaces/action/detail/move_x__rosidl_typesupport_introspection_c.h
[4.015s] -- Up-to-date: /home/abdulrahman/training_ws/src/group4_task/install/maze_interfaces/include/maze_interfaces/maze_interfaces/action/detail/yaw__type_support.c
[4.015s] -- Up-to-date: /home/abdulrahman/training_ws/src/group4_task/install/maze_interfaces/include/maze_interfaces/maze_interfaces/action/detail/move_x__type_support.c
[4.015s] -- Up-to-date: /home/abdulrahman/training_ws/src/group4_task/install/maze_interfaces/include/maze_interfaces/maze_interfaces/msg
[4.015s] -- Up-to-date: /home/abdulrahman/training_ws/src/group4_task/install/maze_interfaces/include/maze_interfaces/maze_interfaces/msg/rosidl_typesupport_introspection_c__visibility_control.h
[4.015s] -- Up-to-date: /home/abdulrahman/training_ws/src/group4_task/install/maze_interfaces/include/maze_interfaces/maze_interfaces/srv
[4.015s] -- Up-to-date: /home/abdulrahman/training_ws/src/group4_task/install/maze_interfaces/include/maze_interfaces/maze_interfaces/srv/detail
[4.015s] -- Up-to-date: /home/abdulrahman/training_ws/src/group4_task/install/maze_interfaces/include/maze_interfaces/maze_interfaces/srv/detail/error__type_support.c
[4.016s] -- Up-to-date: /home/abdulrahman/training_ws/src/group4_task/install/maze_interfaces/include/maze_interfaces/maze_interfaces/srv/detail/error__rosidl_typesupport_introspection_c.h
[4.016s] -- Up-to-date: /home/abdulrahman/training_ws/src/group4_task/install/maze_interfaces/lib/libmaze_interfaces__rosidl_typesupport_introspection_c.so
[4.016s] -- Up-to-date: /home/abdulrahman/training_ws/src/group4_task/install/maze_interfaces/lib/libmaze_interfaces__rosidl_typesupport_c.so
[4.016s] -- Up-to-date: /home/abdulrahman/training_ws/src/group4_task/install/maze_interfaces/include/maze_interfaces/maze_interfaces
[4.016s] -- Up-to-date: /home/abdulrahman/training_ws/src/group4_task/install/maze_interfaces/include/maze_interfaces/maze_interfaces/action
[4.016s] -- Up-to-date: /home/abdulrahman/training_ws/src/group4_task/install/maze_interfaces/include/maze_interfaces/maze_interfaces/action/yaw.hpp
[4.017s] -- Up-to-date: /home/abdulrahman/training_ws/src/group4_task/install/maze_interfaces/include/maze_interfaces/maze_interfaces/action/detail
[4.017s] -- Up-to-date: /home/abdulrahman/training_ws/src/group4_task/install/maze_interfaces/include/maze_interfaces/maze_interfaces/action/detail/move_x__traits.hpp
[4.017s] -- Up-to-date: /home/abdulrahman/training_ws/src/group4_task/install/maze_interfaces/include/maze_interfaces/maze_interfaces/action/detail/yaw__struct.hpp
[4.017s] -- Up-to-date: /home/abdulrahman/training_ws/src/group4_task/install/maze_interfaces/include/maze_interfaces/maze_interfaces/action/detail/move_x__builder.hpp
[4.017s] -- Up-to-date: /home/abdulrahman/training_ws/src/group4_task/install/maze_interfaces/include/maze_interfaces/maze_interfaces/action/detail/yaw__builder.hpp
[4.017s] -- Up-to-date: /home/abdulrahman/training_ws/src/group4_task/install/maze_interfaces/include/maze_interfaces/maze_interfaces/action/detail/move_x__type_support.hpp
[4.017s] -- Up-to-date: /home/abdulrahman/training_ws/src/group4_task/install/maze_interfaces/include/maze_interfaces/maze_interfaces/action/detail/move_x__struct.hpp
[4.017s] -- Up-to-date: /home/abdulrahman/training_ws/src/group4_task/install/maze_interfaces/include/maze_interfaces/maze_interfaces/action/detail/yaw__type_support.hpp
[4.017s] -- Up-to-date: /home/abdulrahman/training_ws/src/group4_task/install/maze_interfaces/include/maze_interfaces/maze_interfaces/action/detail/yaw__traits.hpp
[4.018s] -- Up-to-date: /home/abdulrahman/training_ws/src/group4_task/install/maze_interfaces/include/maze_interfaces/maze_interfaces/action/move_x.hpp
[4.018s] -- Up-to-date: /home/abdulrahman/training_ws/src/group4_task/install/maze_interfaces/include/maze_interfaces/maze_interfaces/msg
[4.018s] -- Up-to-date: /home/abdulrahman/training_ws/src/group4_task/install/maze_interfaces/include/maze_interfaces/maze_interfaces/msg/rosidl_generator_cpp__visibility_control.hpp
[4.018s] -- Up-to-date: /home/abdulrahman/training_ws/src/group4_task/install/maze_interfaces/include/maze_interfaces/maze_interfaces/srv
[4.018s] -- Up-to-date: /home/abdulrahman/training_ws/src/group4_task/install/maze_interfaces/include/maze_interfaces/maze_interfaces/srv/detail
[4.018s] -- Up-to-date: /home/abdulrahman/training_ws/src/group4_task/install/maze_interfaces/include/maze_interfaces/maze_interfaces/srv/detail/error__struct.hpp
[4.018s] -- Up-to-date: /home/abdulrahman/training_ws/src/group4_task/install/maze_interfaces/include/maze_interfaces/maze_interfaces/srv/detail/error__traits.hpp
[4.019s] -- Up-to-date: /home/abdulrahman/training_ws/src/group4_task/install/maze_interfaces/include/maze_interfaces/maze_interfaces/srv/detail/error__type_support.hpp
[4.019s] -- Up-to-date: /home/abdulrahman/training_ws/src/group4_task/install/maze_interfaces/include/maze_interfaces/maze_interfaces/srv/detail/error__builder.hpp
[4.019s] -- Up-to-date: /home/abdulrahman/training_ws/src/group4_task/install/maze_interfaces/include/maze_interfaces/maze_interfaces/srv/error.hpp
[4.019s] -- Up-to-date: /home/abdulrahman/training_ws/src/group4_task/install/maze_interfaces/include/maze_interfaces/maze_interfaces
[4.019s] -- Up-to-date: /home/abdulrahman/training_ws/src/group4_task/install/maze_interfaces/include/maze_interfaces/maze_interfaces/action
[4.019s] -- Up-to-date: /home/abdulrahman/training_ws/src/group4_task/install/maze_interfaces/include/maze_interfaces/maze_interfaces/action/detail
[4.019s] -- Up-to-date: /home/abdulrahman/training_ws/src/group4_task/install/maze_interfaces/include/maze_interfaces/maze_interfaces/action/detail/dds_fastrtps
[4.019s] -- Up-to-date: /home/abdulrahman/training_ws/src/group4_task/install/maze_interfaces/include/maze_interfaces/maze_interfaces/action/detail/move_x__rosidl_typesupport_fastrtps_cpp.hpp
[4.019s] -- Up-to-date: /home/abdulrahman/training_ws/src/group4_task/install/maze_interfaces/include/maze_interfaces/maze_interfaces/action/detail/yaw__rosidl_typesupport_fastrtps_cpp.hpp
[4.020s] -- Up-to-date: /home/abdulrahman/training_ws/src/group4_task/install/maze_interfaces/include/maze_interfaces/maze_interfaces/msg
[4.020s] -- Up-to-date: /home/abdulrahman/training_ws/src/group4_task/install/maze_interfaces/include/maze_interfaces/maze_interfaces/msg/rosidl_typesupport_fastrtps_cpp__visibility_control.h
[4.020s] -- Up-to-date: /home/abdulrahman/training_ws/src/group4_task/install/maze_interfaces/include/maze_interfaces/maze_interfaces/srv
[4.020s] -- Up-to-date: /home/abdulrahman/training_ws/src/group4_task/install/maze_interfaces/include/maze_interfaces/maze_interfaces/srv/detail
[4.020s] -- Up-to-date: /home/abdulrahman/training_ws/src/group4_task/install/maze_interfaces/include/maze_interfaces/maze_interfaces/srv/detail/dds_fastrtps
[4.020s] -- Up-to-date: /home/abdulrahman/training_ws/src/group4_task/install/maze_interfaces/include/maze_interfaces/maze_interfaces/srv/detail/error__rosidl_typesupport_fastrtps_cpp.hpp
[4.020s] -- Up-to-date: /home/abdulrahman/training_ws/src/group4_task/install/maze_interfaces/lib/libmaze_interfaces__rosidl_typesupport_fastrtps_cpp.so
[4.020s] -- Up-to-date: /home/abdulrahman/training_ws/src/group4_task/install/maze_interfaces/include/maze_interfaces/maze_interfaces
[4.020s] -- Up-to-date: /home/abdulrahman/training_ws/src/group4_task/install/maze_interfaces/include/maze_interfaces/maze_interfaces/action
[4.021s] -- Up-to-date: /home/abdulrahman/training_ws/src/group4_task/install/maze_interfaces/include/maze_interfaces/maze_interfaces/action/detail
[4.021s] -- Up-to-date: /home/abdulrahman/training_ws/src/group4_task/install/maze_interfaces/include/maze_interfaces/maze_interfaces/action/detail/move_x__rosidl_typesupport_introspection_cpp.hpp
[4.021s] -- Up-to-date: /home/abdulrahman/training_ws/src/group4_task/install/maze_interfaces/include/maze_interfaces/maze_interfaces/action/detail/move_x__type_support.cpp
[4.021s] -- Up-to-date: /home/abdulrahman/training_ws/src/group4_task/install/maze_interfaces/include/maze_interfaces/maze_interfaces/action/detail/yaw__type_support.cpp
[4.021s] -- Up-to-date: /home/abdulrahman/training_ws/src/group4_task/install/maze_interfaces/include/maze_interfaces/maze_interfaces/action/detail/yaw__rosidl_typesupport_introspection_cpp.hpp
[4.021s] -- Up-to-date: /home/abdulrahman/training_ws/src/group4_task/install/maze_interfaces/include/maze_interfaces/maze_interfaces/srv
[4.021s] -- Up-to-date: /home/abdulrahman/training_ws/src/group4_task/install/maze_interfaces/include/maze_interfaces/maze_interfaces/srv/detail
[4.021s] -- Up-to-date: /home/abdulrahman/training_ws/src/group4_task/install/maze_interfaces/include/maze_interfaces/maze_interfaces/srv/detail/error__type_support.cpp
[4.022s] -- Up-to-date: /home/abdulrahman/training_ws/src/group4_task/install/maze_interfaces/include/maze_interfaces/maze_interfaces/srv/detail/error__rosidl_typesupport_introspection_cpp.hpp
[4.022s] -- Up-to-date: /home/abdulrahman/training_ws/src/group4_task/install/maze_interfaces/lib/libmaze_interfaces__rosidl_typesupport_introspection_cpp.so
[4.022s] -- Up-to-date: /home/abdulrahman/training_ws/src/group4_task/install/maze_interfaces/lib/libmaze_interfaces__rosidl_typesupport_cpp.so
[4.022s] -- Up-to-date: /home/abdulrahman/training_ws/src/group4_task/install/maze_interfaces/share/maze_interfaces/environment/pythonpath.sh
[4.022s] -- Up-to-date: /home/abdulrahman/training_ws/src/group4_task/install/maze_interfaces/share/maze_interfaces/environment/pythonpath.dsv
[4.022s] -- Up-to-date: /home/abdulrahman/training_ws/src/group4_task/install/maze_interfaces/lib/python3.12/site-packages/maze_interfaces-0.0.0-py3.12.egg-info
[4.022s] -- Installing: /home/abdulrahman/training_ws/src/group4_task/install/maze_interfaces/lib/python3.12/site-packages/maze_interfaces-0.0.0-py3.12.egg-info/top_level.txt
[4.022s] -- Installing: /home/abdulrahman/training_ws/src/group4_task/install/maze_interfaces/lib/python3.12/site-packages/maze_interfaces-0.0.0-py3.12.egg-info/PKG-INFO
[4.022s] -- Installing: /home/abdulrahman/training_ws/src/group4_task/install/maze_interfaces/lib/python3.12/site-packages/maze_interfaces-0.0.0-py3.12.egg-info/dependency_links.txt
[4.023s] -- Installing: /home/abdulrahman/training_ws/src/group4_task/install/maze_interfaces/lib/python3.12/site-packages/maze_interfaces-0.0.0-py3.12.egg-info/SOURCES.txt
[4.023s] -- Up-to-date: /home/abdulrahman/training_ws/src/group4_task/install/maze_interfaces/lib/python3.12/site-packages/maze_interfaces
[4.023s] -- Up-to-date: /home/abdulrahman/training_ws/src/group4_task/install/maze_interfaces/lib/python3.12/site-packages/maze_interfaces/maze_interfaces_s__rosidl_typesupport_c.so
[4.023s] -- Up-to-date: /home/abdulrahman/training_ws/src/group4_task/install/maze_interfaces/lib/python3.12/site-packages/maze_interfaces/maze_interfaces_s__rosidl_typesupport_fastrtps_c.so
[4.023s] -- Up-to-date: /home/abdulrahman/training_ws/src/group4_task/install/maze_interfaces/lib/python3.12/site-packages/maze_interfaces/action
[4.023s] -- Up-to-date: /home/abdulrahman/training_ws/src/group4_task/install/maze_interfaces/lib/python3.12/site-packages/maze_interfaces/action/_move_x.py
[4.023s] -- Up-to-date: /home/abdulrahman/training_ws/src/group4_task/install/maze_interfaces/lib/python3.12/site-packages/maze_interfaces/action/_yaw_s.c
[4.024s] -- Up-to-date: /home/abdulrahman/training_ws/src/group4_task/install/maze_interfaces/lib/python3.12/site-packages/maze_interfaces/action/__init__.py
[4.024s] -- Up-to-date: /home/abdulrahman/training_ws/src/group4_task/install/maze_interfaces/lib/python3.12/site-packages/maze_interfaces/action/_move_x_s.c
[4.024s] -- Up-to-date: /home/abdulrahman/training_ws/src/group4_task/install/maze_interfaces/lib/python3.12/site-packages/maze_interfaces/action/_yaw.py
[4.024s] -- Up-to-date: /home/abdulrahman/training_ws/src/group4_task/install/maze_interfaces/lib/python3.12/site-packages/maze_interfaces/_maze_interfaces_s.ep.rosidl_typesupport_c.c
[4.024s] -- Up-to-date: /home/abdulrahman/training_ws/src/group4_task/install/maze_interfaces/lib/python3.12/site-packages/maze_interfaces/_maze_interfaces_s.ep.rosidl_typesupport_introspection_c.c
[4.024s] -- Installing: /home/abdulrahman/training_ws/src/group4_task/install/maze_interfaces/lib/python3.12/site-packages/maze_interfaces/__init__.py
[4.024s] -- Up-to-date: /home/abdulrahman/training_ws/src/group4_task/install/maze_interfaces/lib/python3.12/site-packages/maze_interfaces/_maze_interfaces_s.ep.rosidl_typesupport_fastrtps_c.c
[4.024s] -- Up-to-date: /home/abdulrahman/training_ws/src/group4_task/install/maze_interfaces/lib/python3.12/site-packages/maze_interfaces/maze_interfaces_s__rosidl_typesupport_introspection_c.so
[4.024s] -- Up-to-date: /home/abdulrahman/training_ws/src/group4_task/install/maze_interfaces/lib/python3.12/site-packages/maze_interfaces/srv
[4.024s] -- Up-to-date: /home/abdulrahman/training_ws/src/group4_task/install/maze_interfaces/lib/python3.12/site-packages/maze_interfaces/srv/_error_s.c
[4.025s] -- Up-to-date: /home/abdulrahman/training_ws/src/group4_task/install/maze_interfaces/lib/python3.12/site-packages/maze_interfaces/srv/_error.py
[4.025s] -- Up-to-date: /home/abdulrahman/training_ws/src/group4_task/install/maze_interfaces/lib/python3.12/site-packages/maze_interfaces/srv/__init__.py
[4.108s] Listing '/home/abdulrahman/training_ws/src/group4_task/install/maze_interfaces/lib/python3.12/site-packages/maze_interfaces'...
[4.108s] Compiling '/home/abdulrahman/training_ws/src/group4_task/install/maze_interfaces/lib/python3.12/site-packages/maze_interfaces/__init__.py'...
[4.108s] Listing '/home/abdulrahman/training_ws/src/group4_task/install/maze_interfaces/lib/python3.12/site-packages/maze_interfaces/action'...
[4.108s] Listing '/home/abdulrahman/training_ws/src/group4_task/install/maze_interfaces/lib/python3.12/site-packages/maze_interfaces/srv'...
[4.122s] -- Up-to-date: /home/abdulrahman/training_ws/src/group4_task/install/maze_interfaces/lib/python3.12/site-packages/maze_interfaces/maze_interfaces_s__rosidl_typesupport_fastrtps_c.so
[4.123s] -- Up-to-date: /home/abdulrahman/training_ws/src/group4_task/install/maze_interfaces/lib/python3.12/site-packages/maze_interfaces/maze_interfaces_s__rosidl_typesupport_introspection_c.so
[4.124s] -- Up-to-date: /home/abdulrahman/training_ws/src/group4_task/install/maze_interfaces/lib/python3.12/site-packages/maze_interfaces/maze_interfaces_s__rosidl_typesupport_c.so
[4.125s] -- Up-to-date: /home/abdulrahman/training_ws/src/group4_task/install/maze_interfaces/lib/libmaze_interfaces__rosidl_generator_py.so
[4.125s] -- Up-to-date: /home/abdulrahman/training_ws/src/group4_task/install/maze_interfaces/share/ament_index/resource_index/rust_packages/maze_interfaces
[4.125s] -- Up-to-date: /home/abdulrahman/training_ws/src/group4_task/install/maze_interfaces/share/maze_interfaces/rust
[4.126s] -- Up-to-date: /home/abdulrahman/training_ws/src/group4_task/install/maze_interfaces/share/maze_interfaces/rust/src
[4.126s] -- Up-to-date: /home/abdulrahman/training_ws/src/group4_task/install/maze_interfaces/share/maze_interfaces/rust/src/lib.rs
[4.126s] -- Up-to-date: /home/abdulrahman/training_ws/src/group4_task/install/maze_interfaces/share/maze_interfaces/rust/src/action.rs
[4.126s] -- Up-to-date: /home/abdulrahman/training_ws/src/group4_task/install/maze_interfaces/share/maze_interfaces/rust/src/action
[4.126s] -- Up-to-date: /home/abdulrahman/training_ws/src/group4_task/install/maze_interfaces/share/maze_interfaces/rust/src/action/rmw.rs
[4.126s] -- Up-to-date: /home/abdulrahman/training_ws/src/group4_task/install/maze_interfaces/share/maze_interfaces/rust/src/srv.rs
[4.127s] -- Up-to-date: /home/abdulrahman/training_ws/src/group4_task/install/maze_interfaces/share/maze_interfaces/rust/src/srv
[4.127s] -- Up-to-date: /home/abdulrahman/training_ws/src/group4_task/install/maze_interfaces/share/maze_interfaces/rust/src/srv/rmw.rs
[4.127s] -- Up-to-date: /home/abdulrahman/training_ws/src/group4_task/install/maze_interfaces/share/maze_interfaces/rust/build.rs
[4.127s] -- Up-to-date: /home/abdulrahman/training_ws/src/group4_task/install/maze_interfaces/share/maze_interfaces/rust/Cargo.toml
[4.127s] -- Up-to-date: /home/abdulrahman/training_ws/src/group4_task/install/maze_interfaces/share/maze_interfaces/action/MoveX.idl
[4.127s] -- Up-to-date: /home/abdulrahman/training_ws/src/group4_task/install/maze_interfaces/share/maze_interfaces/action/Yaw.idl
[4.127s] -- Up-to-date: /home/abdulrahman/training_ws/src/group4_task/install/maze_interfaces/share/maze_interfaces/srv/Error.idl
[4.128s] -- Up-to-date: /home/abdulrahman/training_ws/src/group4_task/install/maze_interfaces/share/maze_interfaces/action/MoveX.action
[4.128s] -- Installing: /home/abdulrahman/training_ws/src/group4_task/install/maze_interfaces/share/maze_interfaces/action/Yaw.action
[4.128s] -- Up-to-date: /home/abdulrahman/training_ws/src/group4_task/install/maze_interfaces/share/maze_interfaces/srv/Error.srv
[4.128s] -- Up-to-date: /home/abdulrahman/training_ws/src/group4_task/install/maze_interfaces/share/ament_index/resource_index/package_run_dependencies/maze_interfaces
[4.128s] -- Installing: /home/abdulrahman/training_ws/src/group4_task/install/maze_interfaces/share/ament_index/resource_index/parent_prefix_path/maze_interfaces
[4.128s] -- Up-to-date: /home/abdulrahman/training_ws/src/group4_task/install/maze_interfaces/share/maze_interfaces/environment/ament_prefix_path.sh
[4.128s] -- Up-to-date: /home/abdulrahman/training_ws/src/group4_task/install/maze_interfaces/share/maze_interfaces/environment/ament_prefix_path.dsv
[4.129s] -- Up-to-date: /home/abdulrahman/training_ws/src/group4_task/install/maze_interfaces/share/maze_interfaces/environment/path.sh
[4.129s] -- Up-to-date: /home/abdulrahman/training_ws/src/group4_task/install/maze_interfaces/share/maze_interfaces/environment/path.dsv
[4.129s] -- Up-to-date: /home/abdulrahman/training_ws/src/group4_task/install/maze_interfaces/share/maze_interfaces/local_setup.bash
[4.129s] -- Up-to-date: /home/abdulrahman/training_ws/src/group4_task/install/maze_interfaces/share/maze_interfaces/local_setup.sh
[4.129s] -- Up-to-date: /home/abdulrahman/training_ws/src/group4_task/install/maze_interfaces/share/maze_interfaces/local_setup.zsh
[4.129s] -- Up-to-date: /home/abdulrahman/training_ws/src/group4_task/install/maze_interfaces/share/maze_interfaces/local_setup.dsv
[4.129s] -- Installing: /home/abdulrahman/training_ws/src/group4_task/install/maze_interfaces/share/maze_interfaces/package.dsv
[4.129s] -- Up-to-date: /home/abdulrahman/training_ws/src/group4_task/install/maze_interfaces/share/ament_index/resource_index/packages/maze_interfaces
[4.130s] -- Up-to-date: /home/abdulrahman/training_ws/src/group4_task/install/maze_interfaces/share/maze_interfaces/cmake/export_maze_interfaces__rosidl_generator_cExport.cmake
[4.130s] -- Up-to-date: /home/abdulrahman/training_ws/src/group4_task/install/maze_interfaces/share/maze_interfaces/cmake/export_maze_interfaces__rosidl_generator_cExport-noconfig.cmake
[4.130s] -- Up-to-date: /home/abdulrahman/training_ws/src/group4_task/install/maze_interfaces/share/maze_interfaces/cmake/export_maze_interfaces__rosidl_typesupport_fastrtps_cExport.cmake
[4.130s] -- Up-to-date: /home/abdulrahman/training_ws/src/group4_task/install/maze_interfaces/share/maze_interfaces/cmake/export_maze_interfaces__rosidl_typesupport_fastrtps_cExport-noconfig.cmake
[4.130s] -- Up-to-date: /home/abdulrahman/training_ws/src/group4_task/install/maze_interfaces/share/maze_interfaces/cmake/maze_interfaces__rosidl_typesupport_introspection_cExport.cmake
[4.130s] -- Up-to-date: /home/abdulrahman/training_ws/src/group4_task/install/maze_interfaces/share/maze_interfaces/cmake/maze_interfaces__rosidl_typesupport_introspection_cExport-noconfig.cmake
[4.130s] -- Up-to-date: /home/abdulrahman/training_ws/src/group4_task/install/maze_interfaces/share/maze_interfaces/cmake/maze_interfaces__rosidl_typesupport_cExport.cmake
[4.131s] -- Up-to-date: /home/abdulrahman/training_ws/src/group4_task/install/maze_interfaces/share/maze_interfaces/cmake/maze_interfaces__rosidl_typesupport_cExport-noconfig.cmake
[4.131s] -- Up-to-date: /home/abdulrahman/training_ws/src/group4_task/install/maze_interfaces/share/maze_interfaces/cmake/export_maze_interfaces__rosidl_generator_cppExport.cmake
[4.131s] -- Up-to-date: /home/abdulrahman/training_ws/src/group4_task/install/maze_interfaces/share/maze_interfaces/cmake/export_maze_interfaces__rosidl_typesupport_fastrtps_cppExport.cmake
[4.131s] -- Up-to-date: /home/abdulrahman/training_ws/src/group4_task/install/maze_interfaces/share/maze_interfaces/cmake/export_maze_interfaces__rosidl_typesupport_fastrtps_cppExport-noconfig.cmake
[4.131s] -- Up-to-date: /home/abdulrahman/training_ws/src/group4_task/install/maze_interfaces/share/maze_interfaces/cmake/maze_interfaces__rosidl_typesupport_introspection_cppExport.cmake
[4.131s] -- Up-to-date: /home/abdulrahman/training_ws/src/group4_task/install/maze_interfaces/share/maze_interfaces/cmake/maze_interfaces__rosidl_typesupport_introspection_cppExport-noconfig.cmake
[4.131s] -- Up-to-date: /home/abdulrahman/training_ws/src/group4_task/install/maze_interfaces/share/maze_interfaces/cmake/maze_interfaces__rosidl_typesupport_cppExport.cmake
[4.132s] -- Up-to-date: /home/abdulrahman/training_ws/src/group4_task/install/maze_interfaces/share/maze_interfaces/cmake/maze_interfaces__rosidl_typesupport_cppExport-noconfig.cmake
[4.132s] -- Up-to-date: /home/abdulrahman/training_ws/src/group4_task/install/maze_interfaces/share/maze_interfaces/cmake/export_maze_interfaces__rosidl_generator_pyExport.cmake
[4.132s] -- Up-to-date: /home/abdulrahman/training_ws/src/group4_task/install/maze_interfaces/share/maze_interfaces/cmake/export_maze_interfaces__rosidl_generator_pyExport-noconfig.cmake
[4.132s] -- Up-to-date: /home/abdulrahman/training_ws/src/group4_task/install/maze_interfaces/share/maze_interfaces/cmake/rosidl_cmake-extras.cmake
[4.132s] -- Up-to-date: /home/abdulrahman/training_ws/src/group4_task/install/maze_interfaces/share/maze_interfaces/cmake/ament_cmake_export_dependencies-extras.cmake
[4.132s] -- Up-to-date: /home/abdulrahman/training_ws/src/group4_task/install/maze_interfaces/share/maze_interfaces/cmake/ament_cmake_export_include_directories-extras.cmake
[4.132s] -- Up-to-date: /home/abdulrahman/training_ws/src/group4_task/install/maze_interfaces/share/maze_interfaces/cmake/ament_cmake_export_libraries-extras.cmake
[4.132s] -- Up-to-date: /home/abdulrahman/training_ws/src/group4_task/install/maze_interfaces/share/maze_interfaces/cmake/ament_cmake_export_targets-extras.cmake
[4.133s] -- Up-to-date: /home/abdulrahman/training_ws/src/group4_task/install/maze_interfaces/share/maze_interfaces/cmake/rosidl_cmake_export_typesupport_targets-extras.cmake
[4.133s] -- Up-to-date: /home/abdulrahman/training_ws/src/group4_task/install/maze_interfaces/share/maze_interfaces/cmake/rosidl_cmake_export_typesupport_libraries-extras.cmake
[4.133s] -- Up-to-date: /home/abdulrahman/training_ws/src/group4_task/install/maze_interfaces/share/maze_interfaces/cmake/rosidl_cmake_aggregate_target-extras.cmake
[4.133s] -- Up-to-date: /home/abdulrahman/training_ws/src/group4_task/install/maze_interfaces/share/maze_interfaces/cmake/maze_interfacesConfig.cmake
[4.133s] -- Up-to-date: /home/abdulrahman/training_ws/src/group4_task/install/maze_interfaces/share/maze_interfaces/cmake/maze_interfacesConfig-version.cmake
[4.133s] -- Up-to-date: /home/abdulrahman/training_ws/src/group4_task/install/maze_interfaces/share/maze_interfaces/package.xml
[4.136s] Invoked command in '/home/abdulrahman/training_ws/src/group4_task/build/maze_interfaces' returned '0': CMAKE_PREFIX_PATH=${CMAKE_PREFIX_PATH}:/home/abdulrahman/training_ws/install/maze_solver:/home/abdulrahman/training_ws/install/maze_control:/opt/ros/jazzy DEBUGINFOD_URLS=https://debuginfod.ubuntu.com /usr/bin/cmake --install /home/abdulrahman/training_ws/src/group4_task/build/maze_interfaces
