[0.173s] DEBUG:colcon:Command line arguments: ['/usr/bin/colcon', 'build']
[0.173s] DEBUG:colcon:Parsed command line arguments: Namespace(log_base=None, log_level=None, verb_name='build', build_base='build', install_base='install', merge_install=False, symlink_install=False, test_result_base=None, continue_on_error=False, executor='parallel', parallel_workers=16, event_handlers=None, ignore_user_meta=False, metas=['./colcon.meta'], base_paths=['.'], packages_ignore=None, packages_ignore_regex=None, paths=None, packages_up_to=None, packages_up_to_regex=None, packages_above=None, packages_above_and_dependencies=None, packages_above_depth=None, packages_select_by_dep=None, packages_skip_by_dep=None, packages_skip_up_to=None, packages_select_build_failed=False, packages_skip_build_finished=False, packages_select_test_failures=False, packages_skip_test_passed=False, packages_select=None, packages_skip=None, packages_select_regex=None, packages_skip_regex=None, packages_start=None, packages_end=None, allow_overriding=[], cmake_args=None, cmake_target=None, cmake_target_skip_unavailable=False, cmake_clean_cache=False, cmake_clean_first=False, cmake_force_configure=False, ament_cmake_args=None, catkin_cmake_args=None, catkin_skip_building_tests=False, mixin_files=None, mixin=None, verb_parser=<colcon_mixin.mixin.mixin_argument.MixinArgumentDecorator object at 0x79cf02244e30>, verb_extension=<colcon_core.verb.build.BuildVerb object at 0x79cf023c1490>, main=<bound method BuildVerb.main of <colcon_core.verb.build.BuildVerb object at 0x79cf023c1490>>, mixin_verb=('build',))
[0.237s] Level 1:colcon.colcon_core.package_discovery:discover_packages(colcon_meta) check parameters
[0.237s] Level 1:colcon.colcon_core.package_discovery:discover_packages(recursive) check parameters
[0.237s] Level 1:colcon.colcon_core.package_discovery:discover_packages(ignore) check parameters
[0.237s] Level 1:colcon.colcon_core.package_discovery:discover_packages(path) check parameters
[0.237s] Level 1:colcon.colcon_core.package_discovery:discover_packages(colcon_meta) discover
[0.238s] Level 1:colcon.colcon_core.package_discovery:discover_packages(recursive) discover
[0.238s] INFO:colcon.colcon_core.package_discovery:Crawling recursively for packages in '/home/abdulrahman/training_ws/src/group4_task'
[0.238s] Level 1:colcon.colcon_core.package_identification:_identify(.) by extensions ['ignore', 'ignore_ament_install']
[0.238s] Level 1:colcon.colcon_core.package_identification:_identify(.) by extension 'ignore'
[0.238s] Level 1:colcon.colcon_core.package_identification:_identify(.) by extension 'ignore_ament_install'
[0.238s] Level 1:colcon.colcon_core.package_identification:_identify(.) by extensions ['colcon_pkg']
[0.238s] Level 1:colcon.colcon_core.package_identification:_identify(.) by extension 'colcon_pkg'
[0.238s] Level 1:colcon.colcon_core.package_identification:_identify(.) by extensions ['colcon_meta']
[0.238s] Level 1:colcon.colcon_core.package_identification:_identify(.) by extension 'colcon_meta'
[0.238s] Level 1:colcon.colcon_core.package_identification:_identify(.) by extensions ['ros']
[0.239s] Level 1:colcon.colcon_core.package_identification:_identify(.) by extension 'ros'
[0.279s] Level 1:colcon.colcon_core.package_identification:_identify(.) by extensions ['cmake', 'python']
[0.279s] Level 1:colcon.colcon_core.package_identification:_identify(.) by extension 'cmake'
[0.279s] Level 1:colcon.colcon_core.package_identification:_identify(.) by extension 'python'
[0.279s] Level 1:colcon.colcon_core.package_identification:_identify(.) by extensions ['python_setup_py']
[0.279s] Level 1:colcon.colcon_core.package_identification:_identify(.) by extension 'python_setup_py'
[0.279s] Level 1:colcon.colcon_core.package_identification:_identify(build) by extensions ['ignore', 'ignore_ament_install']
[0.279s] Level 1:colcon.colcon_core.package_identification:_identify(build) by extension 'ignore'
[0.280s] Level 1:colcon.colcon_core.package_identification:_identify(build) ignored
[0.280s] Level 1:colcon.colcon_core.package_identification:_identify(install) by extensions ['ignore', 'ignore_ament_install']
[0.280s] Level 1:colcon.colcon_core.package_identification:_identify(install) by extension 'ignore'
[0.280s] Level 1:colcon.colcon_core.package_identification:_identify(install) ignored
[0.280s] Level 1:colcon.colcon_core.package_identification:_identify(log) by extensions ['ignore', 'ignore_ament_install']
[0.280s] Level 1:colcon.colcon_core.package_identification:_identify(log) by extension 'ignore'
[0.280s] Level 1:colcon.colcon_core.package_identification:_identify(log) ignored
[0.280s] Level 1:colcon.colcon_core.package_identification:_identify(maze_control) by extensions ['ignore', 'ignore_ament_install']
[0.280s] Level 1:colcon.colcon_core.package_identification:_identify(maze_control) by extension 'ignore'
[0.280s] Level 1:colcon.colcon_core.package_identification:_identify(maze_control) by extension 'ignore_ament_install'
[0.281s] Level 1:colcon.colcon_core.package_identification:_identify(maze_control) by extensions ['colcon_pkg']
[0.281s] Level 1:colcon.colcon_core.package_identification:_identify(maze_control) by extension 'colcon_pkg'
[0.281s] Level 1:colcon.colcon_core.package_identification:_identify(maze_control) by extensions ['colcon_meta']
[0.281s] Level 1:colcon.colcon_core.package_identification:_identify(maze_control) by extension 'colcon_meta'
[0.281s] Level 1:colcon.colcon_core.package_identification:_identify(maze_control) by extensions ['ros']
[0.281s] Level 1:colcon.colcon_core.package_identification:_identify(maze_control) by extension 'ros'
[0.285s] DEBUG:colcon.colcon_core.package_identification:Package 'maze_control' with type 'ros.ament_python' and name 'maze_control'
[0.285s] Level 1:colcon.colcon_core.package_identification:_identify(maze_interfaces) by extensions ['ignore', 'ignore_ament_install']
[0.285s] Level 1:colcon.colcon_core.package_identification:_identify(maze_interfaces) by extension 'ignore'
[0.285s] Level 1:colcon.colcon_core.package_identification:_identify(maze_interfaces) by extension 'ignore_ament_install'
[0.285s] Level 1:colcon.colcon_core.package_identification:_identify(maze_interfaces) by extensions ['colcon_pkg']
[0.285s] Level 1:colcon.colcon_core.package_identification:_identify(maze_interfaces) by extension 'colcon_pkg'
[0.285s] Level 1:colcon.colcon_core.package_identification:_identify(maze_interfaces) by extensions ['colcon_meta']
[0.285s] Level 1:colcon.colcon_core.package_identification:_identify(maze_interfaces) by extension 'colcon_meta'
[0.285s] Level 1:colcon.colcon_core.package_identification:_identify(maze_interfaces) by extensions ['ros']
[0.285s] Level 1:colcon.colcon_core.package_identification:_identify(maze_interfaces) by extension 'ros'
[0.286s] DEBUG:colcon.colcon_core.package_identification:Package 'maze_interfaces' with type 'ros.ament_cmake' and name 'maze_interfaces'
[0.286s] Level 1:colcon.colcon_core.package_identification:_identify(maze_solver) by extensions ['ignore', 'ignore_ament_install']
[0.287s] Level 1:colcon.colcon_core.package_identification:_identify(maze_solver) by extension 'ignore'
[0.287s] Level 1:colcon.colcon_core.package_identification:_identify(maze_solver) by extension 'ignore_ament_install'
[0.287s] Level 1:colcon.colcon_core.package_identification:_identify(maze_solver) by extensions ['colcon_pkg']
[0.287s] Level 1:colcon.colcon_core.package_identification:_identify(maze_solver) by extension 'colcon_pkg'
[0.287s] Level 1:colcon.colcon_core.package_identification:_identify(maze_solver) by extensions ['colcon_meta']
[0.287s] Level 1:colcon.colcon_core.package_identification:_identify(maze_solver) by extension 'colcon_meta'
[0.287s] Level 1:colcon.colcon_core.package_identification:_identify(maze_solver) by extensions ['ros']
[0.287s] Level 1:colcon.colcon_core.package_identification:_identify(maze_solver) by extension 'ros'
[0.288s] DEBUG:colcon.colcon_core.package_identification:Package 'maze_solver' with type 'ros.ament_python' and name 'maze_solver'
[0.288s] Level 1:colcon.colcon_core.package_discovery:discover_packages(recursive) using defaults
[0.288s] Level 1:colcon.colcon_core.package_discovery:discover_packages(ignore) discover
[0.288s] Level 1:colcon.colcon_core.package_discovery:discover_packages(ignore) using defaults
[0.288s] Level 1:colcon.colcon_core.package_discovery:discover_packages(path) discover
[0.288s] Level 1:colcon.colcon_core.package_discovery:discover_packages(path) using defaults
[0.315s] Level 1:colcon.colcon_core.package_discovery:discover_packages(prefix_path) check parameters
[0.315s] Level 1:colcon.colcon_core.package_discovery:discover_packages(prefix_path) discover
[0.318s] DEBUG:colcon.colcon_installed_package_information.package_discovery:Found 3 installed packages in /home/abdulrahman/training_ws/install
[0.322s] DEBUG:colcon.colcon_installed_package_information.package_discovery:Found 405 installed packages in /opt/ros/jazzy
[0.324s] Level 1:colcon.colcon_core.package_discovery:discover_packages(prefix_path) using defaults
[0.409s] Level 5:colcon.colcon_core.verb:set package 'maze_control' build argument 'cmake_args' from command line to 'None'
[0.410s] Level 5:colcon.colcon_core.verb:set package 'maze_control' build argument 'cmake_target' from command line to 'None'
[0.410s] Level 5:colcon.colcon_core.verb:set package 'maze_control' build argument 'cmake_target_skip_unavailable' from command line to 'False'
[0.410s] Level 5:colcon.colcon_core.verb:set package 'maze_control' build argument 'cmake_clean_cache' from command line to 'False'
[0.410s] Level 5:colcon.colcon_core.verb:set package 'maze_control' build argument 'cmake_clean_first' from command line to 'False'
[0.410s] Level 5:colcon.colcon_core.verb:set package 'maze_control' build argument 'cmake_force_configure' from command line to 'False'
[0.410s] Level 5:colcon.colcon_core.verb:set package 'maze_control' build argument 'ament_cmake_args' from command line to 'None'
[0.410s] Level 5:colcon.colcon_core.verb:set package 'maze_control' build argument 'catkin_cmake_args' from command line to 'None'
[0.410s] Level 5:colcon.colcon_core.verb:set package 'maze_control' build argument 'catkin_skip_building_tests' from command line to 'False'
[0.410s] DEBUG:colcon.colcon_core.verb:Building package 'maze_control' with the following arguments: {'ament_cmake_args': None, 'build_base': '/home/abdulrahman/training_ws/src/group4_task/build/maze_control', 'catkin_cmake_args': None, 'catkin_skip_building_tests': False, 'cmake_args': None, 'cmake_clean_cache': False, 'cmake_clean_first': False, 'cmake_force_configure': False, 'cmake_target': None, 'cmake_target_skip_unavailable': False, 'install_base': '/home/abdulrahman/training_ws/src/group4_task/install/maze_control', 'merge_install': False, 'path': '/home/abdulrahman/training_ws/src/group4_task/maze_control', 'symlink_install': False, 'test_result_base': None}
[0.410s] Level 5:colcon.colcon_core.verb:set package 'maze_interfaces' build argument 'cmake_args' from command line to 'None'
[0.410s] Level 5:colcon.colcon_core.verb:set package 'maze_interfaces' build argument 'cmake_target' from command line to 'None'
[0.410s] Level 5:colcon.colcon_core.verb:set package 'maze_interfaces' build argument 'cmake_target_skip_unavailable' from command line to 'False'
[0.410s] Level 5:colcon.colcon_core.verb:set package 'maze_interfaces' build argument 'cmake_clean_cache' from command line to 'False'
[0.410s] Level 5:colcon.colcon_core.verb:set package 'maze_interfaces' build argument 'cmake_clean_first' from command line to 'False'
[0.410s] Level 5:colcon.colcon_core.verb:set package 'maze_interfaces' build argument 'cmake_force_configure' from command line to 'False'
[0.410s] Level 5:colcon.colcon_core.verb:set package 'maze_interfaces' build argument 'ament_cmake_args' from command line to 'None'
[0.410s] Level 5:colcon.colcon_core.verb:set package 'maze_interfaces' build argument 'catkin_cmake_args' from command line to 'None'
[0.410s] Level 5:colcon.colcon_core.verb:set package 'maze_interfaces' build argument 'catkin_skip_building_tests' from command line to 'False'
[0.411s] DEBUG:colcon.colcon_core.verb:Building package 'maze_interfaces' with the following arguments: {'ament_cmake_args': None, 'build_base': '/home/abdulrahman/training_ws/src/group4_task/build/maze_interfaces', 'catkin_cmake_args': None, 'catkin_skip_building_tests': False, 'cmake_args': None, 'cmake_clean_cache': False, 'cmake_clean_first': False, 'cmake_force_configure': False, 'cmake_target': None, 'cmake_target_skip_unavailable': False, 'install_base': '/home/abdulrahman/training_ws/src/group4_task/install/maze_interfaces', 'merge_install': False, 'path': '/home/abdulrahman/training_ws/src/group4_task/maze_interfaces', 'symlink_install': False, 'test_result_base': None}
[0.411s] Level 5:colcon.colcon_core.verb:set package 'maze_solver' build argument 'cmake_args' from command line to 'None'
[0.411s] Level 5:colcon.colcon_core.verb:set package 'maze_solver' build argument 'cmake_target' from command line to 'None'
[0.411s] Level 5:colcon.colcon_core.verb:set package 'maze_solver' build argument 'cmake_target_skip_unavailable' from command line to 'False'
[0.411s] Level 5:colcon.colcon_core.verb:set package 'maze_solver' build argument 'cmake_clean_cache' from command line to 'False'
[0.411s] Level 5:colcon.colcon_core.verb:set package 'maze_solver' build argument 'cmake_clean_first' from command line to 'False'
[0.411s] Level 5:colcon.colcon_core.verb:set package 'maze_solver' build argument 'cmake_force_configure' from command line to 'False'
[0.411s] Level 5:colcon.colcon_core.verb:set package 'maze_solver' build argument 'ament_cmake_args' from command line to 'None'
[0.411s] Level 5:colcon.colcon_core.verb:set package 'maze_solver' build argument 'catkin_cmake_args' from command line to 'None'
[0.411s] Level 5:colcon.colcon_core.verb:set package 'maze_solver' build argument 'catkin_skip_building_tests' from command line to 'False'
[0.411s] DEBUG:colcon.colcon_core.verb:Building package 'maze_solver' with the following arguments: {'ament_cmake_args': None, 'build_base': '/home/abdulrahman/training_ws/src/group4_task/build/maze_solver', 'catkin_cmake_args': None, 'catkin_skip_building_tests': False, 'cmake_args': None, 'cmake_clean_cache': False, 'cmake_clean_first': False, 'cmake_force_configure': False, 'cmake_target': None, 'cmake_target_skip_unavailable': False, 'install_base': '/home/abdulrahman/training_ws/src/group4_task/install/maze_solver', 'merge_install': False, 'path': '/home/abdulrahman/training_ws/src/group4_task/maze_solver', 'symlink_install': False, 'test_result_base': None}
[0.411s] INFO:colcon.colcon_core.executor:Executing jobs using 'parallel' executor
[0.412s] DEBUG:colcon.colcon_parallel_executor.executor.parallel:run_until_complete
[0.413s] INFO:colcon.colcon_ros.task.ament_python.build:Building ROS package in '/home/abdulrahman/training_ws/src/group4_task/maze_control' with build type 'ament_python'
[0.413s] Level 1:colcon.colcon_core.shell:create_environment_hook('maze_control', 'ament_prefix_path')
[0.415s] INFO:colcon.colcon_core.plugin_system:Skipping extension 'colcon_core.shell.bat': Not used on non-Windows systems
[0.416s] INFO:colcon.colcon_core.shell:Creating environment hook '/home/abdulrahman/training_ws/src/group4_task/install/maze_control/share/maze_control/hook/ament_prefix_path.ps1'
[0.417s] INFO:colcon.colcon_core.shell:Creating environment descriptor '/home/abdulrahman/training_ws/src/group4_task/install/maze_control/share/maze_control/hook/ament_prefix_path.dsv'
[0.418s] INFO:colcon.colcon_core.shell:Creating environment hook '/home/abdulrahman/training_ws/src/group4_task/install/maze_control/share/maze_control/hook/ament_prefix_path.sh'
[0.419s] INFO:colcon.colcon_core.shell:Skip shell extension 'powershell' for command environment: Not usable outside of PowerShell
[0.419s] DEBUG:colcon.colcon_core.shell:Skip shell extension 'dsv' for command environment
[0.425s] INFO:colcon.colcon_ros.task.ament_cmake.build:Building ROS package in '/home/abdulrahman/training_ws/src/group4_task/maze_interfaces' with build type 'ament_cmake'
[0.425s] INFO:colcon.colcon_cmake.task.cmake.build:Building CMake package in '/home/abdulrahman/training_ws/src/group4_task/maze_interfaces'
[0.425s] INFO:colcon.colcon_core.shell:Skip shell extension 'powershell' for command environment: Not usable outside of PowerShell
[0.425s] DEBUG:colcon.colcon_core.shell:Skip shell extension 'dsv' for command environment
[0.430s] INFO:colcon.colcon_ros.task.ament_python.build:Building ROS package in '/home/abdulrahman/training_ws/src/group4_task/maze_solver' with build type 'ament_python'
[0.430s] Level 1:colcon.colcon_core.shell:create_environment_hook('maze_solver', 'ament_prefix_path')
[0.431s] INFO:colcon.colcon_core.shell:Creating environment hook '/home/abdulrahman/training_ws/src/group4_task/install/maze_solver/share/maze_solver/hook/ament_prefix_path.ps1'
[0.432s] INFO:colcon.colcon_core.shell:Creating environment descriptor '/home/abdulrahman/training_ws/src/group4_task/install/maze_solver/share/maze_solver/hook/ament_prefix_path.dsv'
[0.432s] INFO:colcon.colcon_core.shell:Creating environment hook '/home/abdulrahman/training_ws/src/group4_task/install/maze_solver/share/maze_solver/hook/ament_prefix_path.sh'
[0.433s] INFO:colcon.colcon_core.shell:Skip shell extension 'powershell' for command environment: Not usable outside of PowerShell
[0.433s] DEBUG:colcon.colcon_core.shell:Skip shell extension 'dsv' for command environment
[0.790s] INFO:colcon.colcon_core.task.python.build:Building Python package in '/home/abdulrahman/training_ws/src/group4_task/maze_control'
[0.790s] INFO:colcon.colcon_core.shell:Skip shell extension 'powershell' for command environment: Not usable outside of PowerShell
[0.790s] DEBUG:colcon.colcon_core.shell:Skip shell extension 'dsv' for command environment
[0.800s] DEBUG:colcon.colcon_core.event_handler.log_command:Invoking command in '/home/abdulrahman/training_ws/src/group4_task/build/maze_interfaces': CMAKE_PREFIX_PATH=${CMAKE_PREFIX_PATH}:/opt/ros/jazzy DEBUGINFOD_URLS=https://debuginfod.ubuntu.com /usr/bin/cmake /home/abdulrahman/training_ws/src/group4_task/maze_interfaces -DCMAKE_INSTALL_PREFIX=/home/abdulrahman/training_ws/src/group4_task/install/maze_interfaces
[1.170s] INFO:colcon.colcon_core.task.python.build:Building Python package in '/home/abdulrahman/training_ws/src/group4_task/maze_solver'
[1.170s] INFO:colcon.colcon_core.shell:Skip shell extension 'powershell' for command environment: Not usable outside of PowerShell
[1.170s] DEBUG:colcon.colcon_core.shell:Skip shell extension 'dsv' for command environment
[2.289s] DEBUG:colcon.colcon_core.task.python.build:Available setuptools commands: compile_catalog, symlink_data, install, bdist_egg, register, build_scripts, update_catalog, upload_docs, install_scripts, upload, build, saveopts, install_data, easy_install, build_clib, bdist_rpm, bdist_wheel, rotate, build_ext, develop, bdist, egg_info, install_lib, init_catalog, check, alias, bdist_dumb, install_headers, dist_info, editable_wheel, setopt, test, sdist, build_py, extract_messages, clean, install_egg_info
[2.292s] DEBUG:colcon.colcon_core.event_handler.log_command:Invoking command in '/home/abdulrahman/training_ws/src/group4_task/maze_solver': DEBUGINFOD_URLS=https://debuginfod.ubuntu.com PYTHONPATH=/home/abdulrahman/training_ws/src/group4_task/build/maze_solver/prefix_override:/usr/lib/python3/dist-packages/colcon_core/task/python/colcon_distutils_commands:/home/abdulrahman/training_ws/src/group4_task/install/maze_solver/lib/python3.12/site-packages:${PYTHONPATH} /usr/bin/python3 -W ignore:setup.py install is deprecated -W ignore:easy_install command is deprecated setup.py egg_info --egg-base ../build/maze_solver build --build-base /home/abdulrahman/training_ws/src/group4_task/build/maze_solver/build install --record /home/abdulrahman/training_ws/src/group4_task/build/maze_solver/install.log --install-scripts $base/lib/maze_solver --single-version-externally-managed install_data
[2.341s] DEBUG:colcon.colcon_core.task.python.build:Available setuptools commands: compile_catalog, symlink_data, install, bdist_egg, register, build_scripts, update_catalog, upload_docs, install_scripts, upload, build, saveopts, install_data, easy_install, build_clib, bdist_rpm, bdist_wheel, rotate, build_ext, develop, bdist, egg_info, install_lib, init_catalog, check, alias, bdist_dumb, install_headers, dist_info, editable_wheel, setopt, test, sdist, build_py, extract_messages, clean, install_egg_info
[2.346s] DEBUG:colcon.colcon_core.event_handler.log_command:Invoking command in '/home/abdulrahman/training_ws/src/group4_task/maze_control': DEBUGINFOD_URLS=https://debuginfod.ubuntu.com PYTHONPATH=/home/abdulrahman/training_ws/src/group4_task/build/maze_control/prefix_override:/usr/lib/python3/dist-packages/colcon_core/task/python/colcon_distutils_commands:/home/abdulrahman/training_ws/src/group4_task/install/maze_control/lib/python3.12/site-packages:${PYTHONPATH} /usr/bin/python3 -W ignore:setup.py install is deprecated -W ignore:easy_install command is deprecated setup.py egg_info --egg-base ../build/maze_control build --build-base /home/abdulrahman/training_ws/src/group4_task/build/maze_control/build install --record /home/abdulrahman/training_ws/src/group4_task/build/maze_control/install.log --install-scripts $base/lib/maze_control --single-version-externally-managed install_data
[3.383s] DEBUG:colcon.colcon_core.event_handler.log_command:Invoked command in '/home/abdulrahman/training_ws/src/group4_task/maze_solver' returned '0': DEBUGINFOD_URLS=https://debuginfod.ubuntu.com PYTHONPATH=/home/abdulrahman/training_ws/src/group4_task/build/maze_solver/prefix_override:/usr/lib/python3/dist-packages/colcon_core/task/python/colcon_distutils_commands:/home/abdulrahman/training_ws/src/group4_task/install/maze_solver/lib/python3.12/site-packages:${PYTHONPATH} /usr/bin/python3 -W ignore:setup.py install is deprecated -W ignore:easy_install command is deprecated setup.py egg_info --egg-base ../build/maze_solver build --build-base /home/abdulrahman/training_ws/src/group4_task/build/maze_solver/build install --record /home/abdulrahman/training_ws/src/group4_task/build/maze_solver/install.log --install-scripts $base/lib/maze_solver --single-version-externally-managed install_data
[3.386s] Level 1:colcon.colcon_core.environment:checking '/home/abdulrahman/training_ws/src/group4_task/install/maze_solver' for CMake module files
[3.387s] Level 1:colcon.colcon_core.environment:checking '/home/abdulrahman/training_ws/src/group4_task/install/maze_solver' for CMake config files
[3.388s] Level 1:colcon.colcon_core.environment:checking '/home/abdulrahman/training_ws/src/group4_task/install/maze_solver/lib'
[3.388s] Level 1:colcon.colcon_core.environment:checking '/home/abdulrahman/training_ws/src/group4_task/install/maze_solver/bin'
[3.388s] Level 1:colcon.colcon_core.environment:checking '/home/abdulrahman/training_ws/src/group4_task/install/maze_solver/lib/pkgconfig/maze_solver.pc'
[3.388s] Level 1:colcon.colcon_core.environment:checking '/home/abdulrahman/training_ws/src/group4_task/install/maze_solver/lib/python3.12/site-packages'
[3.389s] Level 1:colcon.colcon_core.shell:create_environment_hook('maze_solver', 'pythonpath')
[3.389s] INFO:colcon.colcon_core.shell:Creating environment hook '/home/abdulrahman/training_ws/src/group4_task/install/maze_solver/share/maze_solver/hook/pythonpath.ps1'
[3.390s] INFO:colcon.colcon_core.shell:Creating environment descriptor '/home/abdulrahman/training_ws/src/group4_task/install/maze_solver/share/maze_solver/hook/pythonpath.dsv'
[3.390s] INFO:colcon.colcon_core.shell:Creating environment hook '/home/abdulrahman/training_ws/src/group4_task/install/maze_solver/share/maze_solver/hook/pythonpath.sh'
[3.391s] Level 1:colcon.colcon_core.environment:checking '/home/abdulrahman/training_ws/src/group4_task/install/maze_solver/bin'
[3.391s] Level 1:colcon.colcon_core.environment:create_environment_scripts_only(maze_solver)
[3.392s] INFO:colcon.colcon_core.shell:Creating package script '/home/abdulrahman/training_ws/src/group4_task/install/maze_solver/share/maze_solver/package.ps1'
[3.394s] INFO:colcon.colcon_core.shell:Creating package descriptor '/home/abdulrahman/training_ws/src/group4_task/install/maze_solver/share/maze_solver/package.dsv'
[3.395s] INFO:colcon.colcon_core.shell:Creating package script '/home/abdulrahman/training_ws/src/group4_task/install/maze_solver/share/maze_solver/package.sh'
[3.396s] INFO:colcon.colcon_core.shell:Creating package script '/home/abdulrahman/training_ws/src/group4_task/install/maze_solver/share/maze_solver/package.bash'
[3.397s] INFO:colcon.colcon_core.shell:Creating package script '/home/abdulrahman/training_ws/src/group4_task/install/maze_solver/share/maze_solver/package.zsh'
[3.398s] Level 1:colcon.colcon_core.environment:create_file_with_runtime_dependencies(/home/abdulrahman/training_ws/src/group4_task/install/maze_solver/share/colcon-core/packages/maze_solver)
[3.412s] Level 1:colcon.colcon_core.environment:checking '/home/abdulrahman/training_ws/src/group4_task/install/maze_control' for CMake module files
[3.412s] DEBUG:colcon.colcon_core.event_handler.log_command:Invoked command in '/home/abdulrahman/training_ws/src/group4_task/maze_control' returned '0': DEBUGINFOD_URLS=https://debuginfod.ubuntu.com PYTHONPATH=/home/abdulrahman/training_ws/src/group4_task/build/maze_control/prefix_override:/usr/lib/python3/dist-packages/colcon_core/task/python/colcon_distutils_commands:/home/abdulrahman/training_ws/src/group4_task/install/maze_control/lib/python3.12/site-packages:${PYTHONPATH} /usr/bin/python3 -W ignore:setup.py install is deprecated -W ignore:easy_install command is deprecated setup.py egg_info --egg-base ../build/maze_control build --build-base /home/abdulrahman/training_ws/src/group4_task/build/maze_control/build install --record /home/abdulrahman/training_ws/src/group4_task/build/maze_control/install.log --install-scripts $base/lib/maze_control --single-version-externally-managed install_data
[3.413s] Level 1:colcon.colcon_core.environment:checking '/home/abdulrahman/training_ws/src/group4_task/install/maze_control' for CMake config files
[3.414s] Level 1:colcon.colcon_core.environment:checking '/home/abdulrahman/training_ws/src/group4_task/install/maze_control/lib'
[3.414s] Level 1:colcon.colcon_core.environment:checking '/home/abdulrahman/training_ws/src/group4_task/install/maze_control/bin'
[3.414s] Level 1:colcon.colcon_core.environment:checking '/home/abdulrahman/training_ws/src/group4_task/install/maze_control/lib/pkgconfig/maze_control.pc'
[3.414s] Level 1:colcon.colcon_core.environment:checking '/home/abdulrahman/training_ws/src/group4_task/install/maze_control/lib/python3.12/site-packages'
[3.414s] Level 1:colcon.colcon_core.shell:create_environment_hook('maze_control', 'pythonpath')
[3.414s] INFO:colcon.colcon_core.shell:Creating environment hook '/home/abdulrahman/training_ws/src/group4_task/install/maze_control/share/maze_control/hook/pythonpath.ps1'
[3.415s] INFO:colcon.colcon_core.shell:Creating environment descriptor '/home/abdulrahman/training_ws/src/group4_task/install/maze_control/share/maze_control/hook/pythonpath.dsv'
[3.415s] INFO:colcon.colcon_core.shell:Creating environment hook '/home/abdulrahman/training_ws/src/group4_task/install/maze_control/share/maze_control/hook/pythonpath.sh'
[3.416s] Level 1:colcon.colcon_core.environment:checking '/home/abdulrahman/training_ws/src/group4_task/install/maze_control/bin'
[3.416s] Level 1:colcon.colcon_core.environment:create_environment_scripts_only(maze_control)
[3.417s] INFO:colcon.colcon_core.shell:Creating package script '/home/abdulrahman/training_ws/src/group4_task/install/maze_control/share/maze_control/package.ps1'
[3.417s] INFO:colcon.colcon_core.shell:Creating package descriptor '/home/abdulrahman/training_ws/src/group4_task/install/maze_control/share/maze_control/package.dsv'
[3.418s] INFO:colcon.colcon_core.shell:Creating package script '/home/abdulrahman/training_ws/src/group4_task/install/maze_control/share/maze_control/package.sh'
[3.419s] INFO:colcon.colcon_core.shell:Creating package script '/home/abdulrahman/training_ws/src/group4_task/install/maze_control/share/maze_control/package.bash'
[3.419s] INFO:colcon.colcon_core.shell:Creating package script '/home/abdulrahman/training_ws/src/group4_task/install/maze_control/share/maze_control/package.zsh'
[3.419s] Level 1:colcon.colcon_core.environment:create_file_with_runtime_dependencies(/home/abdulrahman/training_ws/src/group4_task/install/maze_control/share/colcon-core/packages/maze_control)
[6.330s] DEBUG:colcon.colcon_core.event_handler.log_command:Invoked command in '/home/abdulrahman/training_ws/src/group4_task/build/maze_interfaces' returned '0': CMAKE_PREFIX_PATH=${CMAKE_PREFIX_PATH}:/opt/ros/jazzy DEBUGINFOD_URLS=https://debuginfod.ubuntu.com /usr/bin/cmake /home/abdulrahman/training_ws/src/group4_task/maze_interfaces -DCMAKE_INSTALL_PREFIX=/home/abdulrahman/training_ws/src/group4_task/install/maze_interfaces
[6.332s] DEBUG:colcon.colcon_core.event_handler.log_command:Invoking command in '/home/abdulrahman/training_ws/src/group4_task/build/maze_interfaces': CMAKE_PREFIX_PATH=${CMAKE_PREFIX_PATH}:/opt/ros/jazzy DEBUGINFOD_URLS=https://debuginfod.ubuntu.com /usr/bin/cmake --build /home/abdulrahman/training_ws/src/group4_task/build/maze_interfaces -- -j16 -l16
[11.775s] DEBUG:colcon.colcon_core.event_handler.log_command:Invoked command in '/home/abdulrahman/training_ws/src/group4_task/build/maze_interfaces' returned '0': CMAKE_PREFIX_PATH=${CMAKE_PREFIX_PATH}:/opt/ros/jazzy DEBUGINFOD_URLS=https://debuginfod.ubuntu.com /usr/bin/cmake --build /home/abdulrahman/training_ws/src/group4_task/build/maze_interfaces -- -j16 -l16
[11.787s] DEBUG:colcon.colcon_core.event_handler.log_command:Invoking command in '/home/abdulrahman/training_ws/src/group4_task/build/maze_interfaces': CMAKE_PREFIX_PATH=${CMAKE_PREFIX_PATH}:/opt/ros/jazzy DEBUGINFOD_URLS=https://debuginfod.ubuntu.com /usr/bin/cmake --install /home/abdulrahman/training_ws/src/group4_task/build/maze_interfaces
[11.897s] Level 1:colcon.colcon_core.environment:create_environment_scripts_only(maze_interfaces)
[11.898s] DEBUG:colcon.colcon_core.event_handler.log_command:Invoked command in '/home/abdulrahman/training_ws/src/group4_task/build/maze_interfaces' returned '0': CMAKE_PREFIX_PATH=${CMAKE_PREFIX_PATH}:/opt/ros/jazzy DEBUGINFOD_URLS=https://debuginfod.ubuntu.com /usr/bin/cmake --install /home/abdulrahman/training_ws/src/group4_task/build/maze_interfaces
[11.898s] Level 1:colcon.colcon_core.environment:checking '/home/abdulrahman/training_ws/src/group4_task/install/maze_interfaces' for CMake module files
[11.899s] Level 1:colcon.colcon_core.environment:checking '/home/abdulrahman/training_ws/src/group4_task/install/maze_interfaces' for CMake config files
[11.899s] Level 1:colcon.colcon_core.shell:create_environment_hook('maze_interfaces', 'cmake_prefix_path')
[11.899s] INFO:colcon.colcon_core.shell:Creating environment hook '/home/abdulrahman/training_ws/src/group4_task/install/maze_interfaces/share/maze_interfaces/hook/cmake_prefix_path.ps1'
[11.900s] INFO:colcon.colcon_core.shell:Creating environment descriptor '/home/abdulrahman/training_ws/src/group4_task/install/maze_interfaces/share/maze_interfaces/hook/cmake_prefix_path.dsv'
[11.901s] INFO:colcon.colcon_core.shell:Creating environment hook '/home/abdulrahman/training_ws/src/group4_task/install/maze_interfaces/share/maze_interfaces/hook/cmake_prefix_path.sh'
[11.901s] Level 1:colcon.colcon_core.environment:checking '/home/abdulrahman/training_ws/src/group4_task/install/maze_interfaces/lib'
[11.901s] Level 1:colcon.colcon_core.shell:create_environment_hook('maze_interfaces', 'ld_library_path_lib')
[11.902s] INFO:colcon.colcon_core.shell:Creating environment hook '/home/abdulrahman/training_ws/src/group4_task/install/maze_interfaces/share/maze_interfaces/hook/ld_library_path_lib.ps1'
[11.902s] INFO:colcon.colcon_core.shell:Creating environment descriptor '/home/abdulrahman/training_ws/src/group4_task/install/maze_interfaces/share/maze_interfaces/hook/ld_library_path_lib.dsv'
[11.902s] INFO:colcon.colcon_core.shell:Creating environment hook '/home/abdulrahman/training_ws/src/group4_task/install/maze_interfaces/share/maze_interfaces/hook/ld_library_path_lib.sh'
[11.903s] Level 1:colcon.colcon_core.environment:checking '/home/abdulrahman/training_ws/src/group4_task/install/maze_interfaces/bin'
[11.903s] Level 1:colcon.colcon_core.environment:checking '/home/abdulrahman/training_ws/src/group4_task/install/maze_interfaces/lib/pkgconfig/maze_interfaces.pc'
[11.903s] Level 1:colcon.colcon_core.environment:checking '/home/abdulrahman/training_ws/src/group4_task/install/maze_interfaces/lib/python3.12/site-packages'
[11.904s] Level 1:colcon.colcon_core.shell:create_environment_hook('maze_interfaces', 'pythonpath')
[11.904s] INFO:colcon.colcon_core.shell:Creating environment hook '/home/abdulrahman/training_ws/src/group4_task/install/maze_interfaces/share/maze_interfaces/hook/pythonpath.ps1'
[11.904s] INFO:colcon.colcon_core.shell:Creating environment descriptor '/home/abdulrahman/training_ws/src/group4_task/install/maze_interfaces/share/maze_interfaces/hook/pythonpath.dsv'
[11.904s] INFO:colcon.colcon_core.shell:Creating environment hook '/home/abdulrahman/training_ws/src/group4_task/install/maze_interfaces/share/maze_interfaces/hook/pythonpath.sh'
[11.905s] Level 1:colcon.colcon_core.environment:checking '/home/abdulrahman/training_ws/src/group4_task/install/maze_interfaces/bin'
[11.905s] INFO:colcon.colcon_core.shell:Creating package script '/home/abdulrahman/training_ws/src/group4_task/install/maze_interfaces/share/maze_interfaces/package.ps1'
[11.906s] INFO:colcon.colcon_core.shell:Creating package descriptor '/home/abdulrahman/training_ws/src/group4_task/install/maze_interfaces/share/maze_interfaces/package.dsv'
[11.906s] INFO:colcon.colcon_core.shell:Creating package script '/home/abdulrahman/training_ws/src/group4_task/install/maze_interfaces/share/maze_interfaces/package.sh'
[11.907s] INFO:colcon.colcon_core.shell:Creating package script '/home/abdulrahman/training_ws/src/group4_task/install/maze_interfaces/share/maze_interfaces/package.bash'
[11.907s] INFO:colcon.colcon_core.shell:Creating package script '/home/abdulrahman/training_ws/src/group4_task/install/maze_interfaces/share/maze_interfaces/package.zsh'
[11.908s] Level 1:colcon.colcon_core.environment:create_file_with_runtime_dependencies(/home/abdulrahman/training_ws/src/group4_task/install/maze_interfaces/share/colcon-core/packages/maze_interfaces)
[11.908s] Level 1:colcon.colcon_core.environment:create_environment_scripts_only(maze_interfaces)
[11.908s] Level 1:colcon.colcon_core.environment:checking '/home/abdulrahman/training_ws/src/group4_task/install/maze_interfaces' for CMake module files
[11.909s] Level 1:colcon.colcon_core.environment:checking '/home/abdulrahman/training_ws/src/group4_task/install/maze_interfaces' for CMake config files
[11.909s] Level 1:colcon.colcon_core.shell:create_environment_hook('maze_interfaces', 'cmake_prefix_path')
[11.909s] INFO:colcon.colcon_core.shell:Creating environment hook '/home/abdulrahman/training_ws/src/group4_task/install/maze_interfaces/share/maze_interfaces/hook/cmake_prefix_path.ps1'
[11.910s] INFO:colcon.colcon_core.shell:Creating environment descriptor '/home/abdulrahman/training_ws/src/group4_task/install/maze_interfaces/share/maze_interfaces/hook/cmake_prefix_path.dsv'
[11.910s] INFO:colcon.colcon_core.shell:Creating environment hook '/home/abdulrahman/training_ws/src/group4_task/install/maze_interfaces/share/maze_interfaces/hook/cmake_prefix_path.sh'
[11.910s] Level 1:colcon.colcon_core.environment:checking '/home/abdulrahman/training_ws/src/group4_task/install/maze_interfaces/lib'
[11.910s] Level 1:colcon.colcon_core.shell:create_environment_hook('maze_interfaces', 'ld_library_path_lib')
[11.910s] INFO:colcon.colcon_core.shell:Creating environment hook '/home/abdulrahman/training_ws/src/group4_task/install/maze_interfaces/share/maze_interfaces/hook/ld_library_path_lib.ps1'
[11.911s] INFO:colcon.colcon_core.shell:Creating environment descriptor '/home/abdulrahman/training_ws/src/group4_task/install/maze_interfaces/share/maze_interfaces/hook/ld_library_path_lib.dsv'
[11.911s] INFO:colcon.colcon_core.shell:Creating environment hook '/home/abdulrahman/training_ws/src/group4_task/install/maze_interfaces/share/maze_interfaces/hook/ld_library_path_lib.sh'
[11.911s] Level 1:colcon.colcon_core.environment:checking '/home/abdulrahman/training_ws/src/group4_task/install/maze_interfaces/bin'
[11.911s] Level 1:colcon.colcon_core.environment:checking '/home/abdulrahman/training_ws/src/group4_task/install/maze_interfaces/lib/pkgconfig/maze_interfaces.pc'
[11.911s] Level 1:colcon.colcon_core.environment:checking '/home/abdulrahman/training_ws/src/group4_task/install/maze_interfaces/lib/python3.12/site-packages'
[11.911s] Level 1:colcon.colcon_core.shell:create_environment_hook('maze_interfaces', 'pythonpath')
[11.912s] INFO:colcon.colcon_core.shell:Creating environment hook '/home/abdulrahman/training_ws/src/group4_task/install/maze_interfaces/share/maze_interfaces/hook/pythonpath.ps1'
[11.912s] INFO:colcon.colcon_core.shell:Creating environment descriptor '/home/abdulrahman/training_ws/src/group4_task/install/maze_interfaces/share/maze_interfaces/hook/pythonpath.dsv'
[11.912s] INFO:colcon.colcon_core.shell:Creating environment hook '/home/abdulrahman/training_ws/src/group4_task/install/maze_interfaces/share/maze_interfaces/hook/pythonpath.sh'
[11.913s] Level 1:colcon.colcon_core.environment:checking '/home/abdulrahman/training_ws/src/group4_task/install/maze_interfaces/bin'
[11.913s] INFO:colcon.colcon_core.shell:Creating package script '/home/abdulrahman/training_ws/src/group4_task/install/maze_interfaces/share/maze_interfaces/package.ps1'
[11.913s] INFO:colcon.colcon_core.shell:Creating package descriptor '/home/abdulrahman/training_ws/src/group4_task/install/maze_interfaces/share/maze_interfaces/package.dsv'
[11.914s] INFO:colcon.colcon_core.shell:Creating package script '/home/abdulrahman/training_ws/src/group4_task/install/maze_interfaces/share/maze_interfaces/package.sh'
[11.914s] INFO:colcon.colcon_core.shell:Creating package script '/home/abdulrahman/training_ws/src/group4_task/install/maze_interfaces/share/maze_interfaces/package.bash'
[11.914s] INFO:colcon.colcon_core.shell:Creating package script '/home/abdulrahman/training_ws/src/group4_task/install/maze_interfaces/share/maze_interfaces/package.zsh'
[11.915s] Level 1:colcon.colcon_core.environment:create_file_with_runtime_dependencies(/home/abdulrahman/training_ws/src/group4_task/install/maze_interfaces/share/colcon-core/packages/maze_interfaces)
[11.915s] DEBUG:colcon.colcon_parallel_executor.executor.parallel:closing loop
[11.915s] DEBUG:colcon.colcon_parallel_executor.executor.parallel:loop closed
[11.915s] DEBUG:colcon.colcon_parallel_executor.executor.parallel:run_until_complete finished with '0'
[11.915s] DEBUG:colcon.colcon_core.event_reactor:joining thread
[11.921s] INFO:colcon.colcon_core.plugin_system:Skipping extension 'colcon_notification.desktop_notification.terminal_notifier': Not used on non-Darwin systems
[11.921s] INFO:colcon.colcon_core.plugin_system:Skipping extension 'colcon_notification.desktop_notification.win32': Not used on non-Windows systems
[11.921s] INFO:colcon.colcon_notification.desktop_notification:Sending desktop notification using 'notify2'
[11.933s] DEBUG:colcon.colcon_core.event_reactor:joined thread
[11.933s] INFO:colcon.colcon_core.shell:Creating prefix script '/home/abdulrahman/training_ws/src/group4_task/install/local_setup.ps1'
[11.934s] INFO:colcon.colcon_core.shell:Creating prefix util module '/home/abdulrahman/training_ws/src/group4_task/install/_local_setup_util_ps1.py'
[11.935s] INFO:colcon.colcon_core.shell:Creating prefix chain script '/home/abdulrahman/training_ws/src/group4_task/install/setup.ps1'
[11.937s] INFO:colcon.colcon_core.shell:Creating prefix script '/home/abdulrahman/training_ws/src/group4_task/install/local_setup.sh'
[11.937s] INFO:colcon.colcon_core.shell:Creating prefix util module '/home/abdulrahman/training_ws/src/group4_task/install/_local_setup_util_sh.py'
[11.938s] INFO:colcon.colcon_core.shell:Creating prefix chain script '/home/abdulrahman/training_ws/src/group4_task/install/setup.sh'
[11.939s] INFO:colcon.colcon_core.shell:Creating prefix script '/home/abdulrahman/training_ws/src/group4_task/install/local_setup.bash'
[11.939s] INFO:colcon.colcon_core.shell:Creating prefix chain script '/home/abdulrahman/training_ws/src/group4_task/install/setup.bash'
[11.940s] INFO:colcon.colcon_core.shell:Creating prefix script '/home/abdulrahman/training_ws/src/group4_task/install/local_setup.zsh'
[11.941s] INFO:colcon.colcon_core.shell:Creating prefix chain script '/home/abdulrahman/training_ws/src/group4_task/install/setup.zsh'
