-- The C compiler identification is GNU 13.3.0
-- The CXX compiler identification is GNU 13.3.0
-- Detecting C compiler ABI info
-- Detecting C compiler ABI info - done
-- Check for working C compiler: /usr/bin/cc - skipped
-- Detecting C compile features
-- Detecting C compile features - done
-- Detecting CXX compiler ABI info
-- Detecting CXX compiler ABI info - done
-- Check for working CXX compiler: /usr/bin/c++ - skipped
-- Detecting CXX compile features
-- Detecting CXX compile features - done
-- Found ament_cmake: 2.5.6 (/opt/ros/jazzy/share/ament_cmake/cmake)
-- Found Python3: /usr/bin/python3 (found version "3.12.3") found components: Interpreter 
-- Found rosidl_default_generators: 1.6.1 (/opt/ros/jazzy/share/rosidl_default_generators/cmake)
-- Using all available rosidl_typesupport_c: rosidl_typesupport_fastrtps_c;rosidl_typesupport_introspection_c
-- Using all available rosidl_typesupport_cpp: rosidl_typesupport_fastrtps_cpp;rosidl_typesupport_introspection_cpp
-- Found rosidl_adapter: 4.6.9 (/opt/ros/jazzy/share/rosidl_adapter/cmake)
-- Found ament_cmake_ros: 0.12.1 (/opt/ros/jazzy/share/ament_cmake_ros/cmake)
-- Using all available rosidl_typesupport_c: rosidl_typesupport_fastrtps_c;rosidl_typesupport_introspection_c
-- Using all available rosidl_typesupport_cpp: rosidl_typesupport_fastrtps_cpp;rosidl_typesupport_introspection_cpp
-- Found python_cmake_module: 0.11.1 (/opt/ros/jazzy/share/python_cmake_module/cmake)
-- Found PythonExtra: /usr/bin/python3  
-- Found Python3: /usr/bin/python3 (found version "3.12.3") found components: Interpreter Development NumPy Development.Module Development.Embed 
-- Found Python3: /usr/bin/python3 (found version "3.12.3") found components: Interpreter 
-- Found ament_lint_auto: 0.17.5 (/opt/ros/jazzy/share/ament_lint_auto/cmake)
-- Added test 'lint_cmake' to check CMake code style
-- Added test 'xmllint' to check XML markup files
-- Configuring done (5.4s)
-- Generating done (0.0s)
-- Build files have been written to: /home/abdulrahman/training_ws/src/group4_task/build/maze_interfaces
[  1%] [34m[1mGenerating type hashes for ROS interfaces[0m
[  3%] [34m[1mGenerating Rust code for ROS interfaces[0m
[  3%] Built target ament_cmake_python_copy_maze_interfaces
running egg_info
creating maze_interfaces.egg-info
writing maze_interfaces.egg-info/PKG-INFO
writing dependency_links to maze_interfaces.egg-info/dependency_links.txt
writing top-level names to maze_interfaces.egg-info/top_level.txt
writing manifest file 'maze_interfaces.egg-info/SOURCES.txt'
[  3%] Built target maze_interfaces__rosidl_generator_type_description
[  5%] [34m[1mGenerating C code for ROS interfaces[0m
[  7%] [34m[1mGenerating C++ code for ROS interfaces[0m
reading manifest file 'maze_interfaces.egg-info/SOURCES.txt'
writing manifest file 'maze_interfaces.egg-info/SOURCES.txt'
[  7%] Built target maze_interfaces__rs
[  7%] Built target ament_cmake_python_build_maze_interfaces_egg
[  7%] Built target maze_interfaces__cpp
[ 20%] [32mBuilding C object CMakeFiles/maze_interfaces__rosidl_generator_c.dir/rosidl_generator_c/maze_interfaces/srv/detail/error__type_support.c.o[0m
[ 20%] [32mBuilding C object CMakeFiles/maze_interfaces__rosidl_generator_c.dir/rosidl_generator_c/maze_interfaces/action/detail/move_x__functions.c.o[0m
[ 20%] [32mBuilding C object CMakeFiles/maze_interfaces__rosidl_generator_c.dir/rosidl_generator_c/maze_interfaces/srv/detail/error__description.c.o[0m
[ 20%] [32mBuilding C object CMakeFiles/maze_interfaces__rosidl_generator_c.dir/rosidl_generator_c/maze_interfaces/action/detail/move_x__type_support.c.o[0m
[ 20%] [32mBuilding C object CMakeFiles/maze_interfaces__rosidl_generator_c.dir/rosidl_generator_c/maze_interfaces/srv/detail/error__functions.c.o[0m
[ 20%] [32mBuilding C object CMakeFiles/maze_interfaces__rosidl_generator_c.dir/rosidl_generator_c/maze_interfaces/action/detail/yaw__type_support.c.o[0m
[ 20%] [32mBuilding C object CMakeFiles/maze_interfaces__rosidl_generator_c.dir/rosidl_generator_c/maze_interfaces/action/detail/move_x__description.c.o[0m
[ 23%] [32mBuilding C object CMakeFiles/maze_interfaces__rosidl_generator_c.dir/rosidl_generator_c/maze_interfaces/action/detail/yaw__description.c.o[0m
[ 23%] [32mBuilding C object CMakeFiles/maze_interfaces__rosidl_generator_c.dir/rosidl_generator_c/maze_interfaces/action/detail/yaw__functions.c.o[0m
[ 25%] [32m[1mLinking C shared library libmaze_interfaces__rosidl_generator_c.so[0m
[ 25%] Built target maze_interfaces__rosidl_generator_c
[ 34%] [34m[1mGenerating C++ type support dispatch for ROS interfaces[0m
[ 34%] [34m[1mGenerating C introspection for ROS interfaces[0m
[ 34%] [34m[1mGenerating C type support dispatch for ROS interfaces[0m
[ 34%] [34m[1mGenerating C type support for eProsima Fast-RTPS[0m
[ 34%] [34m[1mGenerating C++ type support for eProsima Fast-RTPS[0m
[ 36%] [34m[1mGenerating C++ introspection for ROS interfaces[0m
[ 41%] [32mBuilding CXX object CMakeFiles/maze_interfaces__rosidl_typesupport_c.dir/rosidl_typesupport_c/maze_interfaces/srv/error__type_support.cpp.o[0m
[ 41%] [32mBuilding CXX object CMakeFiles/maze_interfaces__rosidl_typesupport_c.dir/rosidl_typesupport_c/maze_interfaces/action/move_x__type_support.cpp.o[0m
[ 41%] [32mBuilding CXX object CMakeFiles/maze_interfaces__rosidl_typesupport_c.dir/rosidl_typesupport_c/maze_interfaces/action/yaw__type_support.cpp.o[0m
[ 45%] [32mBuilding CXX object CMakeFiles/maze_interfaces__rosidl_typesupport_cpp.dir/rosidl_typesupport_cpp/maze_interfaces/action/yaw__type_support.cpp.o[0m
[ 45%] [32mBuilding CXX object CMakeFiles/maze_interfaces__rosidl_typesupport_cpp.dir/rosidl_typesupport_cpp/maze_interfaces/action/move_x__type_support.cpp.o[0m
[ 47%] [32mBuilding CXX object CMakeFiles/maze_interfaces__rosidl_typesupport_cpp.dir/rosidl_typesupport_cpp/maze_interfaces/srv/error__type_support.cpp.o[0m
[ 49%] [32m[1mLinking CXX shared library libmaze_interfaces__rosidl_typesupport_c.so[0m
[ 49%] Built target maze_interfaces__rosidl_typesupport_c
[ 52%] [32mBuilding CXX object CMakeFiles/maze_interfaces__rosidl_typesupport_introspection_cpp.dir/rosidl_typesupport_introspection_cpp/maze_interfaces/action/detail/move_x__type_support.cpp.o[0m
[ 52%] [32mBuilding CXX object CMakeFiles/maze_interfaces__rosidl_typesupport_introspection_cpp.dir/rosidl_typesupport_introspection_cpp/maze_interfaces/action/detail/yaw__type_support.cpp.o[0m
[ 54%] [32mBuilding CXX object CMakeFiles/maze_interfaces__rosidl_typesupport_introspection_cpp.dir/rosidl_typesupport_introspection_cpp/maze_interfaces/srv/detail/error__type_support.cpp.o[0m
[ 58%] [32mBuilding C object CMakeFiles/maze_interfaces__rosidl_typesupport_introspection_c.dir/rosidl_typesupport_introspection_c/maze_interfaces/srv/detail/error__type_support.c.o[0m
[ 58%] [32mBuilding C object CMakeFiles/maze_interfaces__rosidl_typesupport_introspection_c.dir/rosidl_typesupport_introspection_c/maze_interfaces/action/detail/move_x__type_support.c.o[0m
[ 60%] [32mBuilding C object CMakeFiles/maze_interfaces__rosidl_typesupport_introspection_c.dir/rosidl_typesupport_introspection_c/maze_interfaces/action/detail/yaw__type_support.c.o[0m
[ 61%] [32m[1mLinking C shared library libmaze_interfaces__rosidl_typesupport_introspection_c.so[0m
[ 61%] Built target maze_interfaces__rosidl_typesupport_introspection_c
[ 63%] [32mBuilding CXX object CMakeFiles/maze_interfaces__rosidl_typesupport_fastrtps_cpp.dir/rosidl_typesupport_fastrtps_cpp/maze_interfaces/action/detail/dds_fastrtps/move_x__type_support.cpp.o[0m
[ 67%] [32mBuilding CXX object CMakeFiles/maze_interfaces__rosidl_typesupport_fastrtps_cpp.dir/rosidl_typesupport_fastrtps_cpp/maze_interfaces/srv/detail/dds_fastrtps/error__type_support.cpp.o[0m
[ 67%] [32mBuilding CXX object CMakeFiles/maze_interfaces__rosidl_typesupport_fastrtps_cpp.dir/rosidl_typesupport_fastrtps_cpp/maze_interfaces/action/detail/dds_fastrtps/yaw__type_support.cpp.o[0m
[ 72%] [32mBuilding CXX object CMakeFiles/maze_interfaces__rosidl_typesupport_fastrtps_c.dir/rosidl_typesupport_fastrtps_c/maze_interfaces/action/detail/move_x__type_support_c.cpp.o[0m
[ 72%] [32mBuilding CXX object CMakeFiles/maze_interfaces__rosidl_typesupport_fastrtps_c.dir/rosidl_typesupport_fastrtps_c/maze_interfaces/action/detail/yaw__type_support_c.cpp.o[0m
[ 72%] [32mBuilding CXX object CMakeFiles/maze_interfaces__rosidl_typesupport_fastrtps_c.dir/rosidl_typesupport_fastrtps_c/maze_interfaces/srv/detail/error__type_support_c.cpp.o[0m
[ 74%] [32m[1mLinking CXX shared library libmaze_interfaces__rosidl_typesupport_cpp.so[0m
[ 76%] [32m[1mLinking CXX shared library libmaze_interfaces__rosidl_typesupport_introspection_cpp.so[0m
[ 76%] Built target maze_interfaces__rosidl_typesupport_cpp
[ 76%] Built target maze_interfaces__rosidl_typesupport_introspection_cpp
[ 78%] [32m[1mLinking CXX shared library libmaze_interfaces__rosidl_typesupport_fastrtps_c.so[0m
[ 78%] Built target maze_interfaces__rosidl_typesupport_fastrtps_c
[ 80%] [32m[1mLinking CXX shared library libmaze_interfaces__rosidl_typesupport_fastrtps_cpp.so[0m
[ 80%] Built target maze_interfaces__rosidl_typesupport_fastrtps_cpp
[ 80%] Built target maze_interfaces
[ 81%] [34m[1mGenerating Python code for ROS interfaces[0m
[ 81%] Built target maze_interfaces__py
[ 87%] [32mBuilding C object CMakeFiles/maze_interfaces__rosidl_generator_py.dir/rosidl_generator_py/maze_interfaces/srv/_error_s.c.o[0m
[ 87%] [32mBuilding C object CMakeFiles/maze_interfaces__rosidl_generator_py.dir/rosidl_generator_py/maze_interfaces/action/_move_x_s.c.o[0m
[ 87%] [32mBuilding C object CMakeFiles/maze_interfaces__rosidl_generator_py.dir/rosidl_generator_py/maze_interfaces/action/_yaw_s.c.o[0m
[ 89%] [32m[1mLinking C shared library libmaze_interfaces__rosidl_generator_py.so[0m
[ 89%] Built target maze_interfaces__rosidl_generator_py
[ 94%] [32mBuilding C object CMakeFiles/maze_interfaces_s__rosidl_typesupport_c.dir/rosidl_generator_py/maze_interfaces/_maze_interfaces_s.ep.rosidl_typesupport_c.c.o[0m
[ 94%] [32mBuilding C object CMakeFiles/maze_interfaces_s__rosidl_typesupport_introspection_c.dir/rosidl_generator_py/maze_interfaces/_maze_interfaces_s.ep.rosidl_typesupport_introspection_c.c.o[0m
[ 94%] [32mBuilding C object CMakeFiles/maze_interfaces_s__rosidl_typesupport_fastrtps_c.dir/rosidl_generator_py/maze_interfaces/_maze_interfaces_s.ep.rosidl_typesupport_fastrtps_c.c.o[0m
[ 98%] [32m[1mLinking C shared module rosidl_generator_py/maze_interfaces/maze_interfaces_s__rosidl_typesupport_introspection_c.so[0m
[ 98%] [32m[1mLinking C shared module rosidl_generator_py/maze_interfaces/maze_interfaces_s__rosidl_typesupport_c.so[0m
[100%] [32m[1mLinking C shared module rosidl_generator_py/maze_interfaces/maze_interfaces_s__rosidl_typesupport_fastrtps_c.so[0m
[100%] Built target maze_interfaces_s__rosidl_typesupport_c
[100%] Built target maze_interfaces_s__rosidl_typesupport_introspection_c
[100%] Built target maze_interfaces_s__rosidl_typesupport_fastrtps_c
-- Install configuration: ""
-- Installing: /home/abdulrahman/training_ws/src/group4_task/install/maze_interfaces/share/ament_index/resource_index/rosidl_interfaces/maze_interfaces
-- Installing: /home/abdulrahman/training_ws/src/group4_task/install/maze_interfaces/share/maze_interfaces/action/MoveX.json
-- Installing: /home/abdulrahman/training_ws/src/group4_task/install/maze_interfaces/share/maze_interfaces/action/Yaw.json
-- Installing: /home/abdulrahman/training_ws/src/group4_task/install/maze_interfaces/share/maze_interfaces/srv/Error.json
-- Installing: /home/abdulrahman/training_ws/src/group4_task/install/maze_interfaces/include/maze_interfaces/maze_interfaces
-- Installing: /home/abdulrahman/training_ws/src/group4_task/install/maze_interfaces/include/maze_interfaces/maze_interfaces/action
-- Installing: /home/abdulrahman/training_ws/src/group4_task/install/maze_interfaces/include/maze_interfaces/maze_interfaces/action/detail
-- Installing: /home/abdulrahman/training_ws/src/group4_task/install/maze_interfaces/include/maze_interfaces/maze_interfaces/action/detail/yaw__description.c
-- Installing: /home/abdulrahman/training_ws/src/group4_task/install/maze_interfaces/include/maze_interfaces/maze_interfaces/action/detail/move_x__type_support.h
-- Installing: /home/abdulrahman/training_ws/src/group4_task/install/maze_interfaces/include/maze_interfaces/maze_interfaces/action/detail/yaw__struct.h
-- Installing: /home/abdulrahman/training_ws/src/group4_task/install/maze_interfaces/include/maze_interfaces/maze_interfaces/action/detail/move_x__functions.c
-- Installing: /home/abdulrahman/training_ws/src/group4_task/install/maze_interfaces/include/maze_interfaces/maze_interfaces/action/detail/move_x__description.c
-- Installing: /home/abdulrahman/training_ws/src/group4_task/install/maze_interfaces/include/maze_interfaces/maze_interfaces/action/detail/yaw__functions.c
-- Installing: /home/abdulrahman/training_ws/src/group4_task/install/maze_interfaces/include/maze_interfaces/maze_interfaces/action/detail/yaw__functions.h
-- Installing: /home/abdulrahman/training_ws/src/group4_task/install/maze_interfaces/include/maze_interfaces/maze_interfaces/action/detail/yaw__type_support.c
-- Installing: /home/abdulrahman/training_ws/src/group4_task/install/maze_interfaces/include/maze_interfaces/maze_interfaces/action/detail/move_x__functions.h
-- Installing: /home/abdulrahman/training_ws/src/group4_task/install/maze_interfaces/include/maze_interfaces/maze_interfaces/action/detail/move_x__struct.h
-- Installing: /home/abdulrahman/training_ws/src/group4_task/install/maze_interfaces/include/maze_interfaces/maze_interfaces/action/detail/yaw__type_support.h
-- Installing: /home/abdulrahman/training_ws/src/group4_task/install/maze_interfaces/include/maze_interfaces/maze_interfaces/action/detail/move_x__type_support.c
-- Installing: /home/abdulrahman/training_ws/src/group4_task/install/maze_interfaces/include/maze_interfaces/maze_interfaces/action/yaw.h
-- Installing: /home/abdulrahman/training_ws/src/group4_task/install/maze_interfaces/include/maze_interfaces/maze_interfaces/action/move_x.h
-- Installing: /home/abdulrahman/training_ws/src/group4_task/install/maze_interfaces/include/maze_interfaces/maze_interfaces/msg
-- Installing: /home/abdulrahman/training_ws/src/group4_task/install/maze_interfaces/include/maze_interfaces/maze_interfaces/msg/rosidl_generator_c__visibility_control.h
-- Installing: /home/abdulrahman/training_ws/src/group4_task/install/maze_interfaces/include/maze_interfaces/maze_interfaces/srv
-- Installing: /home/abdulrahman/training_ws/src/group4_task/install/maze_interfaces/include/maze_interfaces/maze_interfaces/srv/detail
-- Installing: /home/abdulrahman/training_ws/src/group4_task/install/maze_interfaces/include/maze_interfaces/maze_interfaces/srv/detail/error__type_support.h
-- Installing: /home/abdulrahman/training_ws/src/group4_task/install/maze_interfaces/include/maze_interfaces/maze_interfaces/srv/detail/error__struct.h
-- Installing: /home/abdulrahman/training_ws/src/group4_task/install/maze_interfaces/include/maze_interfaces/maze_interfaces/srv/detail/error__type_support.c
-- Installing: /home/abdulrahman/training_ws/src/group4_task/install/maze_interfaces/include/maze_interfaces/maze_interfaces/srv/detail/error__functions.c
-- Installing: /home/abdulrahman/training_ws/src/group4_task/install/maze_interfaces/include/maze_interfaces/maze_interfaces/srv/detail/error__description.c
-- Installing: /home/abdulrahman/training_ws/src/group4_task/install/maze_interfaces/include/maze_interfaces/maze_interfaces/srv/detail/error__functions.h
-- Installing: /home/abdulrahman/training_ws/src/group4_task/install/maze_interfaces/include/maze_interfaces/maze_interfaces/srv/error.h
-- Installing: /home/abdulrahman/training_ws/src/group4_task/install/maze_interfaces/share/maze_interfaces/environment/library_path.sh
-- Installing: /home/abdulrahman/training_ws/src/group4_task/install/maze_interfaces/share/maze_interfaces/environment/library_path.dsv
-- Installing: /home/abdulrahman/training_ws/src/group4_task/install/maze_interfaces/lib/libmaze_interfaces__rosidl_generator_c.so
-- Set non-toolchain portion of runtime path of "/home/abdulrahman/training_ws/src/group4_task/install/maze_interfaces/lib/libmaze_interfaces__rosidl_generator_c.so" to ""
-- Up-to-date: /home/abdulrahman/training_ws/src/group4_task/install/maze_interfaces/include/maze_interfaces/maze_interfaces
-- Up-to-date: /home/abdulrahman/training_ws/src/group4_task/install/maze_interfaces/include/maze_interfaces/maze_interfaces/action
-- Up-to-date: /home/abdulrahman/training_ws/src/group4_task/install/maze_interfaces/include/maze_interfaces/maze_interfaces/action/detail
-- Installing: /home/abdulrahman/training_ws/src/group4_task/install/maze_interfaces/include/maze_interfaces/maze_interfaces/action/detail/move_x__rosidl_typesupport_fastrtps_c.h
-- Installing: /home/abdulrahman/training_ws/src/group4_task/install/maze_interfaces/include/maze_interfaces/maze_interfaces/action/detail/yaw__rosidl_typesupport_fastrtps_c.h
-- Up-to-date: /home/abdulrahman/training_ws/src/group4_task/install/maze_interfaces/include/maze_interfaces/maze_interfaces/msg
-- Installing: /home/abdulrahman/training_ws/src/group4_task/install/maze_interfaces/include/maze_interfaces/maze_interfaces/msg/rosidl_typesupport_fastrtps_c__visibility_control.h
-- Up-to-date: /home/abdulrahman/training_ws/src/group4_task/install/maze_interfaces/include/maze_interfaces/maze_interfaces/srv
-- Up-to-date: /home/abdulrahman/training_ws/src/group4_task/install/maze_interfaces/include/maze_interfaces/maze_interfaces/srv/detail
-- Installing: /home/abdulrahman/training_ws/src/group4_task/install/maze_interfaces/include/maze_interfaces/maze_interfaces/srv/detail/error__rosidl_typesupport_fastrtps_c.h
-- Installing: /home/abdulrahman/training_ws/src/group4_task/install/maze_interfaces/lib/libmaze_interfaces__rosidl_typesupport_fastrtps_c.so
-- Set non-toolchain portion of runtime path of "/home/abdulrahman/training_ws/src/group4_task/install/maze_interfaces/lib/libmaze_interfaces__rosidl_typesupport_fastrtps_c.so" to ""
-- Up-to-date: /home/abdulrahman/training_ws/src/group4_task/install/maze_interfaces/include/maze_interfaces/maze_interfaces
-- Up-to-date: /home/abdulrahman/training_ws/src/group4_task/install/maze_interfaces/include/maze_interfaces/maze_interfaces/action
-- Up-to-date: /home/abdulrahman/training_ws/src/group4_task/install/maze_interfaces/include/maze_interfaces/maze_interfaces/action/detail
-- Installing: /home/abdulrahman/training_ws/src/group4_task/install/maze_interfaces/include/maze_interfaces/maze_interfaces/action/detail/yaw__rosidl_typesupport_introspection_c.h
-- Installing: /home/abdulrahman/training_ws/src/group4_task/install/maze_interfaces/include/maze_interfaces/maze_interfaces/action/detail/move_x__rosidl_typesupport_introspection_c.h
-- Installing: /home/abdulrahman/training_ws/src/group4_task/install/maze_interfaces/include/maze_interfaces/maze_interfaces/action/detail/yaw__type_support.c
-- Installing: /home/abdulrahman/training_ws/src/group4_task/install/maze_interfaces/include/maze_interfaces/maze_interfaces/action/detail/move_x__type_support.c
-- Up-to-date: /home/abdulrahman/training_ws/src/group4_task/install/maze_interfaces/include/maze_interfaces/maze_interfaces/msg
-- Installing: /home/abdulrahman/training_ws/src/group4_task/install/maze_interfaces/include/maze_interfaces/maze_interfaces/msg/rosidl_typesupport_introspection_c__visibility_control.h
-- Up-to-date: /home/abdulrahman/training_ws/src/group4_task/install/maze_interfaces/include/maze_interfaces/maze_interfaces/srv
-- Up-to-date: /home/abdulrahman/training_ws/src/group4_task/install/maze_interfaces/include/maze_interfaces/maze_interfaces/srv/detail
-- Installing: /home/abdulrahman/training_ws/src/group4_task/install/maze_interfaces/include/maze_interfaces/maze_interfaces/srv/detail/error__type_support.c
-- Installing: /home/abdulrahman/training_ws/src/group4_task/install/maze_interfaces/include/maze_interfaces/maze_interfaces/srv/detail/error__rosidl_typesupport_introspection_c.h
-- Installing: /home/abdulrahman/training_ws/src/group4_task/install/maze_interfaces/lib/libmaze_interfaces__rosidl_typesupport_introspection_c.so
-- Set non-toolchain portion of runtime path of "/home/abdulrahman/training_ws/src/group4_task/install/maze_interfaces/lib/libmaze_interfaces__rosidl_typesupport_introspection_c.so" to ""
-- Installing: /home/abdulrahman/training_ws/src/group4_task/install/maze_interfaces/lib/libmaze_interfaces__rosidl_typesupport_c.so
-- Set non-toolchain portion of runtime path of "/home/abdulrahman/training_ws/src/group4_task/install/maze_interfaces/lib/libmaze_interfaces__rosidl_typesupport_c.so" to ""
-- Up-to-date: /home/abdulrahman/training_ws/src/group4_task/install/maze_interfaces/include/maze_interfaces/maze_interfaces
-- Up-to-date: /home/abdulrahman/training_ws/src/group4_task/install/maze_interfaces/include/maze_interfaces/maze_interfaces/action
-- Installing: /home/abdulrahman/training_ws/src/group4_task/install/maze_interfaces/include/maze_interfaces/maze_interfaces/action/yaw.hpp
-- Up-to-date: /home/abdulrahman/training_ws/src/group4_task/install/maze_interfaces/include/maze_interfaces/maze_interfaces/action/detail
-- Installing: /home/abdulrahman/training_ws/src/group4_task/install/maze_interfaces/include/maze_interfaces/maze_interfaces/action/detail/move_x__traits.hpp
-- Installing: /home/abdulrahman/training_ws/src/group4_task/install/maze_interfaces/include/maze_interfaces/maze_interfaces/action/detail/yaw__struct.hpp
-- Installing: /home/abdulrahman/training_ws/src/group4_task/install/maze_interfaces/include/maze_interfaces/maze_interfaces/action/detail/move_x__builder.hpp
-- Installing: /home/abdulrahman/training_ws/src/group4_task/install/maze_interfaces/include/maze_interfaces/maze_interfaces/action/detail/yaw__builder.hpp
-- Installing: /home/abdulrahman/training_ws/src/group4_task/install/maze_interfaces/include/maze_interfaces/maze_interfaces/action/detail/move_x__type_support.hpp
-- Installing: /home/abdulrahman/training_ws/src/group4_task/install/maze_interfaces/include/maze_interfaces/maze_interfaces/action/detail/move_x__struct.hpp
-- Installing: /home/abdulrahman/training_ws/src/group4_task/install/maze_interfaces/include/maze_interfaces/maze_interfaces/action/detail/yaw__type_support.hpp
-- Installing: /home/abdulrahman/training_ws/src/group4_task/install/maze_interfaces/include/maze_interfaces/maze_interfaces/action/detail/yaw__traits.hpp
-- Installing: /home/abdulrahman/training_ws/src/group4_task/install/maze_interfaces/include/maze_interfaces/maze_interfaces/action/move_x.hpp
-- Up-to-date: /home/abdulrahman/training_ws/src/group4_task/install/maze_interfaces/include/maze_interfaces/maze_interfaces/msg
-- Installing: /home/abdulrahman/training_ws/src/group4_task/install/maze_interfaces/include/maze_interfaces/maze_interfaces/msg/rosidl_generator_cpp__visibility_control.hpp
-- Up-to-date: /home/abdulrahman/training_ws/src/group4_task/install/maze_interfaces/include/maze_interfaces/maze_interfaces/srv
-- Up-to-date: /home/abdulrahman/training_ws/src/group4_task/install/maze_interfaces/include/maze_interfaces/maze_interfaces/srv/detail
-- Installing: /home/abdulrahman/training_ws/src/group4_task/install/maze_interfaces/include/maze_interfaces/maze_interfaces/srv/detail/error__struct.hpp
-- Installing: /home/abdulrahman/training_ws/src/group4_task/install/maze_interfaces/include/maze_interfaces/maze_interfaces/srv/detail/error__traits.hpp
-- Installing: /home/abdulrahman/training_ws/src/group4_task/install/maze_interfaces/include/maze_interfaces/maze_interfaces/srv/detail/error__type_support.hpp
-- Installing: /home/abdulrahman/training_ws/src/group4_task/install/maze_interfaces/include/maze_interfaces/maze_interfaces/srv/detail/error__builder.hpp
-- Installing: /home/abdulrahman/training_ws/src/group4_task/install/maze_interfaces/include/maze_interfaces/maze_interfaces/srv/error.hpp
-- Up-to-date: /home/abdulrahman/training_ws/src/group4_task/install/maze_interfaces/include/maze_interfaces/maze_interfaces
-- Up-to-date: /home/abdulrahman/training_ws/src/group4_task/install/maze_interfaces/include/maze_interfaces/maze_interfaces/action
-- Up-to-date: /home/abdulrahman/training_ws/src/group4_task/install/maze_interfaces/include/maze_interfaces/maze_interfaces/action/detail
-- Installing: /home/abdulrahman/training_ws/src/group4_task/install/maze_interfaces/include/maze_interfaces/maze_interfaces/action/detail/dds_fastrtps
-- Installing: /home/abdulrahman/training_ws/src/group4_task/install/maze_interfaces/include/maze_interfaces/maze_interfaces/action/detail/move_x__rosidl_typesupport_fastrtps_cpp.hpp
-- Installing: /home/abdulrahman/training_ws/src/group4_task/install/maze_interfaces/include/maze_interfaces/maze_interfaces/action/detail/yaw__rosidl_typesupport_fastrtps_cpp.hpp
-- Up-to-date: /home/abdulrahman/training_ws/src/group4_task/install/maze_interfaces/include/maze_interfaces/maze_interfaces/msg
-- Installing: /home/abdulrahman/training_ws/src/group4_task/install/maze_interfaces/include/maze_interfaces/maze_interfaces/msg/rosidl_typesupport_fastrtps_cpp__visibility_control.h
-- Up-to-date: /home/abdulrahman/training_ws/src/group4_task/install/maze_interfaces/include/maze_interfaces/maze_interfaces/srv
-- Up-to-date: /home/abdulrahman/training_ws/src/group4_task/install/maze_interfaces/include/maze_interfaces/maze_interfaces/srv/detail
-- Installing: /home/abdulrahman/training_ws/src/group4_task/install/maze_interfaces/include/maze_interfaces/maze_interfaces/srv/detail/dds_fastrtps
-- Installing: /home/abdulrahman/training_ws/src/group4_task/install/maze_interfaces/include/maze_interfaces/maze_interfaces/srv/detail/error__rosidl_typesupport_fastrtps_cpp.hpp
-- Installing: /home/abdulrahman/training_ws/src/group4_task/install/maze_interfaces/lib/libmaze_interfaces__rosidl_typesupport_fastrtps_cpp.so
-- Set non-toolchain portion of runtime path of "/home/abdulrahman/training_ws/src/group4_task/install/maze_interfaces/lib/libmaze_interfaces__rosidl_typesupport_fastrtps_cpp.so" to ""
-- Up-to-date: /home/abdulrahman/training_ws/src/group4_task/install/maze_interfaces/include/maze_interfaces/maze_interfaces
-- Up-to-date: /home/abdulrahman/training_ws/src/group4_task/install/maze_interfaces/include/maze_interfaces/maze_interfaces/action
-- Up-to-date: /home/abdulrahman/training_ws/src/group4_task/install/maze_interfaces/include/maze_interfaces/maze_interfaces/action/detail
-- Installing: /home/abdulrahman/training_ws/src/group4_task/install/maze_interfaces/include/maze_interfaces/maze_interfaces/action/detail/move_x__rosidl_typesupport_introspection_cpp.hpp
-- Installing: /home/abdulrahman/training_ws/src/group4_task/install/maze_interfaces/include/maze_interfaces/maze_interfaces/action/detail/move_x__type_support.cpp
-- Installing: /home/abdulrahman/training_ws/src/group4_task/install/maze_interfaces/include/maze_interfaces/maze_interfaces/action/detail/yaw__type_support.cpp
-- Installing: /home/abdulrahman/training_ws/src/group4_task/install/maze_interfaces/include/maze_interfaces/maze_interfaces/action/detail/yaw__rosidl_typesupport_introspection_cpp.hpp
-- Up-to-date: /home/abdulrahman/training_ws/src/group4_task/install/maze_interfaces/include/maze_interfaces/maze_interfaces/srv
-- Up-to-date: /home/abdulrahman/training_ws/src/group4_task/install/maze_interfaces/include/maze_interfaces/maze_interfaces/srv/detail
-- Installing: /home/abdulrahman/training_ws/src/group4_task/install/maze_interfaces/include/maze_interfaces/maze_interfaces/srv/detail/error__type_support.cpp
-- Installing: /home/abdulrahman/training_ws/src/group4_task/install/maze_interfaces/include/maze_interfaces/maze_interfaces/srv/detail/error__rosidl_typesupport_introspection_cpp.hpp
-- Installing: /home/abdulrahman/training_ws/src/group4_task/install/maze_interfaces/lib/libmaze_interfaces__rosidl_typesupport_introspection_cpp.so
-- Set non-toolchain portion of runtime path of "/home/abdulrahman/training_ws/src/group4_task/install/maze_interfaces/lib/libmaze_interfaces__rosidl_typesupport_introspection_cpp.so" to ""
-- Installing: /home/abdulrahman/training_ws/src/group4_task/install/maze_interfaces/lib/libmaze_interfaces__rosidl_typesupport_cpp.so
-- Set non-toolchain portion of runtime path of "/home/abdulrahman/training_ws/src/group4_task/install/maze_interfaces/lib/libmaze_interfaces__rosidl_typesupport_cpp.so" to ""
-- Installing: /home/abdulrahman/training_ws/src/group4_task/install/maze_interfaces/share/maze_interfaces/environment/pythonpath.sh
-- Installing: /home/abdulrahman/training_ws/src/group4_task/install/maze_interfaces/share/maze_interfaces/environment/pythonpath.dsv
-- Installing: /home/abdulrahman/training_ws/src/group4_task/install/maze_interfaces/lib/python3.12/site-packages/maze_interfaces-0.0.0-py3.12.egg-info
-- Installing: /home/abdulrahman/training_ws/src/group4_task/install/maze_interfaces/lib/python3.12/site-packages/maze_interfaces-0.0.0-py3.12.egg-info/top_level.txt
-- Installing: /home/abdulrahman/training_ws/src/group4_task/install/maze_interfaces/lib/python3.12/site-packages/maze_interfaces-0.0.0-py3.12.egg-info/PKG-INFO
-- Installing: /home/abdulrahman/training_ws/src/group4_task/install/maze_interfaces/lib/python3.12/site-packages/maze_interfaces-0.0.0-py3.12.egg-info/dependency_links.txt
-- Installing: /home/abdulrahman/training_ws/src/group4_task/install/maze_interfaces/lib/python3.12/site-packages/maze_interfaces-0.0.0-py3.12.egg-info/SOURCES.txt
-- Installing: /home/abdulrahman/training_ws/src/group4_task/install/maze_interfaces/lib/python3.12/site-packages/maze_interfaces
-- Installing: /home/abdulrahman/training_ws/src/group4_task/install/maze_interfaces/lib/python3.12/site-packages/maze_interfaces/maze_interfaces_s__rosidl_typesupport_c.so
-- Installing: /home/abdulrahman/training_ws/src/group4_task/install/maze_interfaces/lib/python3.12/site-packages/maze_interfaces/maze_interfaces_s__rosidl_typesupport_fastrtps_c.so
-- Installing: /home/abdulrahman/training_ws/src/group4_task/install/maze_interfaces/lib/python3.12/site-packages/maze_interfaces/action
-- Installing: /home/abdulrahman/training_ws/src/group4_task/install/maze_interfaces/lib/python3.12/site-packages/maze_interfaces/action/_move_x.py
-- Installing: /home/abdulrahman/training_ws/src/group4_task/install/maze_interfaces/lib/python3.12/site-packages/maze_interfaces/action/_yaw_s.c
-- Installing: /home/abdulrahman/training_ws/src/group4_task/install/maze_interfaces/lib/python3.12/site-packages/maze_interfaces/action/__init__.py
-- Installing: /home/abdulrahman/training_ws/src/group4_task/install/maze_interfaces/lib/python3.12/site-packages/maze_interfaces/action/_move_x_s.c
-- Installing: /home/abdulrahman/training_ws/src/group4_task/install/maze_interfaces/lib/python3.12/site-packages/maze_interfaces/action/_yaw.py
-- Installing: /home/abdulrahman/training_ws/src/group4_task/install/maze_interfaces/lib/python3.12/site-packages/maze_interfaces/_maze_interfaces_s.ep.rosidl_typesupport_c.c
-- Installing: /home/abdulrahman/training_ws/src/group4_task/install/maze_interfaces/lib/python3.12/site-packages/maze_interfaces/_maze_interfaces_s.ep.rosidl_typesupport_introspection_c.c
-- Installing: /home/abdulrahman/training_ws/src/group4_task/install/maze_interfaces/lib/python3.12/site-packages/maze_interfaces/__init__.py
-- Installing: /home/abdulrahman/training_ws/src/group4_task/install/maze_interfaces/lib/python3.12/site-packages/maze_interfaces/_maze_interfaces_s.ep.rosidl_typesupport_fastrtps_c.c
-- Installing: /home/abdulrahman/training_ws/src/group4_task/install/maze_interfaces/lib/python3.12/site-packages/maze_interfaces/maze_interfaces_s__rosidl_typesupport_introspection_c.so
-- Installing: /home/abdulrahman/training_ws/src/group4_task/install/maze_interfaces/lib/python3.12/site-packages/maze_interfaces/srv
-- Installing: /home/abdulrahman/training_ws/src/group4_task/install/maze_interfaces/lib/python3.12/site-packages/maze_interfaces/srv/_error_s.c
-- Installing: /home/abdulrahman/training_ws/src/group4_task/install/maze_interfaces/lib/python3.12/site-packages/maze_interfaces/srv/_error.py
-- Installing: /home/abdulrahman/training_ws/src/group4_task/install/maze_interfaces/lib/python3.12/site-packages/maze_interfaces/srv/__init__.py
Listing '/home/abdulrahman/training_ws/src/group4_task/install/maze_interfaces/lib/python3.12/site-packages/maze_interfaces'...
Compiling '/home/abdulrahman/training_ws/src/group4_task/install/maze_interfaces/lib/python3.12/site-packages/maze_interfaces/__init__.py'...
Listing '/home/abdulrahman/training_ws/src/group4_task/install/maze_interfaces/lib/python3.12/site-packages/maze_interfaces/action'...
Compiling '/home/abdulrahman/training_ws/src/group4_task/install/maze_interfaces/lib/python3.12/site-packages/maze_interfaces/action/__init__.py'...
Compiling '/home/abdulrahman/training_ws/src/group4_task/install/maze_interfaces/lib/python3.12/site-packages/maze_interfaces/action/_move_x.py'...
Compiling '/home/abdulrahman/training_ws/src/group4_task/install/maze_interfaces/lib/python3.12/site-packages/maze_interfaces/action/_yaw.py'...
Listing '/home/abdulrahman/training_ws/src/group4_task/install/maze_interfaces/lib/python3.12/site-packages/maze_interfaces/srv'...
Compiling '/home/abdulrahman/training_ws/src/group4_task/install/maze_interfaces/lib/python3.12/site-packages/maze_interfaces/srv/__init__.py'...
Compiling '/home/abdulrahman/training_ws/src/group4_task/install/maze_interfaces/lib/python3.12/site-packages/maze_interfaces/srv/_error.py'...
-- Installing: /home/abdulrahman/training_ws/src/group4_task/install/maze_interfaces/lib/python3.12/site-packages/maze_interfaces/maze_interfaces_s__rosidl_typesupport_fastrtps_c.so
-- Set non-toolchain portion of runtime path of "/home/abdulrahman/training_ws/src/group4_task/install/maze_interfaces/lib/python3.12/site-packages/maze_interfaces/maze_interfaces_s__rosidl_typesupport_fastrtps_c.so" to ""
-- Installing: /home/abdulrahman/training_ws/src/group4_task/install/maze_interfaces/lib/python3.12/site-packages/maze_interfaces/maze_interfaces_s__rosidl_typesupport_introspection_c.so
-- Set non-toolchain portion of runtime path of "/home/abdulrahman/training_ws/src/group4_task/install/maze_interfaces/lib/python3.12/site-packages/maze_interfaces/maze_interfaces_s__rosidl_typesupport_introspection_c.so" to ""
-- Installing: /home/abdulrahman/training_ws/src/group4_task/install/maze_interfaces/lib/python3.12/site-packages/maze_interfaces/maze_interfaces_s__rosidl_typesupport_c.so
-- Set non-toolchain portion of runtime path of "/home/abdulrahman/training_ws/src/group4_task/install/maze_interfaces/lib/python3.12/site-packages/maze_interfaces/maze_interfaces_s__rosidl_typesupport_c.so" to ""
-- Installing: /home/abdulrahman/training_ws/src/group4_task/install/maze_interfaces/lib/libmaze_interfaces__rosidl_generator_py.so
-- Set non-toolchain portion of runtime path of "/home/abdulrahman/training_ws/src/group4_task/install/maze_interfaces/lib/libmaze_interfaces__rosidl_generator_py.so" to ""
-- Installing: /home/abdulrahman/training_ws/src/group4_task/install/maze_interfaces/share/ament_index/resource_index/rust_packages/maze_interfaces
-- Installing: /home/abdulrahman/training_ws/src/group4_task/install/maze_interfaces/share/maze_interfaces/rust
-- Installing: /home/abdulrahman/training_ws/src/group4_task/install/maze_interfaces/share/maze_interfaces/rust/src
-- Installing: /home/abdulrahman/training_ws/src/group4_task/install/maze_interfaces/share/maze_interfaces/rust/src/lib.rs
-- Installing: /home/abdulrahman/training_ws/src/group4_task/install/maze_interfaces/share/maze_interfaces/rust/src/action.rs
-- Installing: /home/abdulrahman/training_ws/src/group4_task/install/maze_interfaces/share/maze_interfaces/rust/src/action
-- Installing: /home/abdulrahman/training_ws/src/group4_task/install/maze_interfaces/share/maze_interfaces/rust/src/action/rmw.rs
-- Installing: /home/abdulrahman/training_ws/src/group4_task/install/maze_interfaces/share/maze_interfaces/rust/src/srv.rs
-- Installing: /home/abdulrahman/training_ws/src/group4_task/install/maze_interfaces/share/maze_interfaces/rust/src/srv
-- Installing: /home/abdulrahman/training_ws/src/group4_task/install/maze_interfaces/share/maze_interfaces/rust/src/srv/rmw.rs
-- Installing: /home/abdulrahman/training_ws/src/group4_task/install/maze_interfaces/share/maze_interfaces/rust/build.rs
-- Installing: /home/abdulrahman/training_ws/src/group4_task/install/maze_interfaces/share/maze_interfaces/rust/Cargo.toml
-- Installing: /home/abdulrahman/training_ws/src/group4_task/install/maze_interfaces/share/maze_interfaces/action/MoveX.idl
-- Installing: /home/abdulrahman/training_ws/src/group4_task/install/maze_interfaces/share/maze_interfaces/action/Yaw.idl
-- Installing: /home/abdulrahman/training_ws/src/group4_task/install/maze_interfaces/share/maze_interfaces/srv/Error.idl
-- Installing: /home/abdulrahman/training_ws/src/group4_task/install/maze_interfaces/share/maze_interfaces/action/MoveX.action
-- Installing: /home/abdulrahman/training_ws/src/group4_task/install/maze_interfaces/share/maze_interfaces/action/Yaw.action
-- Installing: /home/abdulrahman/training_ws/src/group4_task/install/maze_interfaces/share/maze_interfaces/srv/Error.srv
-- Installing: /home/abdulrahman/training_ws/src/group4_task/install/maze_interfaces/share/ament_index/resource_index/package_run_dependencies/maze_interfaces
-- Installing: /home/abdulrahman/training_ws/src/group4_task/install/maze_interfaces/share/ament_index/resource_index/parent_prefix_path/maze_interfaces
-- Installing: /home/abdulrahman/training_ws/src/group4_task/install/maze_interfaces/share/maze_interfaces/environment/ament_prefix_path.sh
-- Installing: /home/abdulrahman/training_ws/src/group4_task/install/maze_interfaces/share/maze_interfaces/environment/ament_prefix_path.dsv
-- Installing: /home/abdulrahman/training_ws/src/group4_task/install/maze_interfaces/share/maze_interfaces/environment/path.sh
-- Installing: /home/abdulrahman/training_ws/src/group4_task/install/maze_interfaces/share/maze_interfaces/environment/path.dsv
-- Installing: /home/abdulrahman/training_ws/src/group4_task/install/maze_interfaces/share/maze_interfaces/local_setup.bash
-- Installing: /home/abdulrahman/training_ws/src/group4_task/install/maze_interfaces/share/maze_interfaces/local_setup.sh
-- Installing: /home/abdulrahman/training_ws/src/group4_task/install/maze_interfaces/share/maze_interfaces/local_setup.zsh
-- Installing: /home/abdulrahman/training_ws/src/group4_task/install/maze_interfaces/share/maze_interfaces/local_setup.dsv
-- Installing: /home/abdulrahman/training_ws/src/group4_task/install/maze_interfaces/share/maze_interfaces/package.dsv
-- Installing: /home/abdulrahman/training_ws/src/group4_task/install/maze_interfaces/share/ament_index/resource_index/packages/maze_interfaces
-- Installing: /home/abdulrahman/training_ws/src/group4_task/install/maze_interfaces/share/maze_interfaces/cmake/export_maze_interfaces__rosidl_generator_cExport.cmake
-- Installing: /home/abdulrahman/training_ws/src/group4_task/install/maze_interfaces/share/maze_interfaces/cmake/export_maze_interfaces__rosidl_generator_cExport-noconfig.cmake
-- Installing: /home/abdulrahman/training_ws/src/group4_task/install/maze_interfaces/share/maze_interfaces/cmake/export_maze_interfaces__rosidl_typesupport_fastrtps_cExport.cmake
-- Installing: /home/abdulrahman/training_ws/src/group4_task/install/maze_interfaces/share/maze_interfaces/cmake/export_maze_interfaces__rosidl_typesupport_fastrtps_cExport-noconfig.cmake
-- Installing: /home/abdulrahman/training_ws/src/group4_task/install/maze_interfaces/share/maze_interfaces/cmake/maze_interfaces__rosidl_typesupport_introspection_cExport.cmake
-- Installing: /home/abdulrahman/training_ws/src/group4_task/install/maze_interfaces/share/maze_interfaces/cmake/maze_interfaces__rosidl_typesupport_introspection_cExport-noconfig.cmake
-- Installing: /home/abdulrahman/training_ws/src/group4_task/install/maze_interfaces/share/maze_interfaces/cmake/maze_interfaces__rosidl_typesupport_cExport.cmake
-- Installing: /home/abdulrahman/training_ws/src/group4_task/install/maze_interfaces/share/maze_interfaces/cmake/maze_interfaces__rosidl_typesupport_cExport-noconfig.cmake
-- Installing: /home/abdulrahman/training_ws/src/group4_task/install/maze_interfaces/share/maze_interfaces/cmake/export_maze_interfaces__rosidl_generator_cppExport.cmake
-- Installing: /home/abdulrahman/training_ws/src/group4_task/install/maze_interfaces/share/maze_interfaces/cmake/export_maze_interfaces__rosidl_typesupport_fastrtps_cppExport.cmake
-- Installing: /home/abdulrahman/training_ws/src/group4_task/install/maze_interfaces/share/maze_interfaces/cmake/export_maze_interfaces__rosidl_typesupport_fastrtps_cppExport-noconfig.cmake
-- Installing: /home/abdulrahman/training_ws/src/group4_task/install/maze_interfaces/share/maze_interfaces/cmake/maze_interfaces__rosidl_typesupport_introspection_cppExport.cmake
-- Installing: /home/abdulrahman/training_ws/src/group4_task/install/maze_interfaces/share/maze_interfaces/cmake/maze_interfaces__rosidl_typesupport_introspection_cppExport-noconfig.cmake
-- Installing: /home/abdulrahman/training_ws/src/group4_task/install/maze_interfaces/share/maze_interfaces/cmake/maze_interfaces__rosidl_typesupport_cppExport.cmake
-- Installing: /home/abdulrahman/training_ws/src/group4_task/install/maze_interfaces/share/maze_interfaces/cmake/maze_interfaces__rosidl_typesupport_cppExport-noconfig.cmake
-- Installing: /home/abdulrahman/training_ws/src/group4_task/install/maze_interfaces/share/maze_interfaces/cmake/export_maze_interfaces__rosidl_generator_pyExport.cmake
-- Installing: /home/abdulrahman/training_ws/src/group4_task/install/maze_interfaces/share/maze_interfaces/cmake/export_maze_interfaces__rosidl_generator_pyExport-noconfig.cmake
-- Installing: /home/abdulrahman/training_ws/src/group4_task/install/maze_interfaces/share/maze_interfaces/cmake/rosidl_cmake-extras.cmake
-- Installing: /home/abdulrahman/training_ws/src/group4_task/install/maze_interfaces/share/maze_interfaces/cmake/ament_cmake_export_dependencies-extras.cmake
-- Installing: /home/abdulrahman/training_ws/src/group4_task/install/maze_interfaces/share/maze_interfaces/cmake/ament_cmake_export_include_directories-extras.cmake
-- Installing: /home/abdulrahman/training_ws/src/group4_task/install/maze_interfaces/share/maze_interfaces/cmake/ament_cmake_export_libraries-extras.cmake
-- Installing: /home/abdulrahman/training_ws/src/group4_task/install/maze_interfaces/share/maze_interfaces/cmake/ament_cmake_export_targets-extras.cmake
-- Installing: /home/abdulrahman/training_ws/src/group4_task/install/maze_interfaces/share/maze_interfaces/cmake/rosidl_cmake_export_typesupport_targets-extras.cmake
-- Installing: /home/abdulrahman/training_ws/src/group4_task/install/maze_interfaces/share/maze_interfaces/cmake/rosidl_cmake_export_typesupport_libraries-extras.cmake
-- Installing: /home/abdulrahman/training_ws/src/group4_task/install/maze_interfaces/share/maze_interfaces/cmake/rosidl_cmake_aggregate_target-extras.cmake
-- Installing: /home/abdulrahman/training_ws/src/group4_task/install/maze_interfaces/share/maze_interfaces/cmake/maze_interfacesConfig.cmake
-- Installing: /home/abdulrahman/training_ws/src/group4_task/install/maze_interfaces/share/maze_interfaces/cmake/maze_interfacesConfig-version.cmake
-- Installing: /home/abdulrahman/training_ws/src/group4_task/install/maze_interfaces/share/maze_interfaces/package.xml
