[0.374s] Invoking command in '/home/abdulrahman/training_ws/src/group4_task/build/maze_interfaces': CMAKE_PREFIX_PATH=${CMAKE_PREFIX_PATH}:/opt/ros/jazzy DEBUGINFOD_URLS=https://debuginfod.ubuntu.com /usr/bin/cmake /home/abdulrahman/training_ws/src/group4_task/maze_interfaces -DCMAKE_INSTALL_PREFIX=/home/abdulrahman/training_ws/src/group4_task/install/maze_interfaces
[0.472s] -- The C compiler identification is GNU 13.3.0
[0.567s] -- The CXX compiler identification is GNU 13.3.0
[0.595s] -- Detecting C compiler ABI info
[0.751s] -- Detecting C compiler ABI info - done
[0.766s] -- Check for working C compiler: /usr/bin/cc - skipped
[0.767s] -- Detecting C compile features
[0.767s] -- Detecting C compile features - done
[0.784s] -- Detecting CXX compiler ABI info
[0.971s] -- Detecting CXX compiler ABI info - done
[0.987s] -- Check for working CXX compiler: /usr/bin/c++ - skipped
[0.987s] -- Detecting CXX compile features
[0.988s] -- Detecting CXX compile features - done
[0.996s] -- Found ament_cmake: 2.5.6 (/opt/ros/jazzy/share/ament_cmake/cmake)
[1.263s] -- Found Python3: /usr/bin/python3 (found version "3.12.3") found components: Interpreter 
[1.504s] -- Found rosidl_default_generators: 1.6.1 (/opt/ros/jazzy/share/rosidl_default_generators/cmake)
[1.521s] -- Using all available rosidl_typesupport_c: rosidl_typesupport_fastrtps_c;rosidl_typesupport_introspection_c
[1.655s] -- Using all available rosidl_typesupport_cpp: rosidl_typesupport_fastrtps_cpp;rosidl_typesupport_introspection_cpp
[1.784s] -- Found rosidl_adapter: 4.6.9 (/opt/ros/jazzy/share/rosidl_adapter/cmake)
[3.029s] -- Found ament_cmake_ros: 0.12.1 (/opt/ros/jazzy/share/ament_cmake_ros/cmake)
[3.814s] -- Using all available rosidl_typesupport_c: rosidl_typesupport_fastrtps_c;rosidl_typesupport_introspection_c
[4.765s] -- Using all available rosidl_typesupport_cpp: rosidl_typesupport_fastrtps_cpp;rosidl_typesupport_introspection_cpp
[4.772s] -- Found python_cmake_module: 0.11.1 (/opt/ros/jazzy/share/python_cmake_module/cmake)
[4.988s] -- Found PythonExtra: /usr/bin/python3  
[5.654s] -- Found Python3: /usr/bin/python3 (found version "3.12.3") found components: Interpreter Development NumPy Development.Module Development.Embed 
[5.746s] -- Found Python3: /usr/bin/python3 (found version "3.12.3") found components: Interpreter 
[5.753s] -- Found ament_lint_auto: 0.17.5 (/opt/ros/jazzy/share/ament_lint_auto/cmake)
[5.806s] -- Added test 'lint_cmake' to check CMake code style
[5.809s] -- Added test 'xmllint' to check XML markup files
[5.813s] -- Configuring done (5.4s)
[5.874s] -- Generating done (0.0s)
[5.891s] -- Build files have been written to: /home/abdulrahman/training_ws/src/group4_task/build/maze_interfaces
[5.905s] Invoked command in '/home/abdulrahman/training_ws/src/group4_task/build/maze_interfaces' returned '0': CMAKE_PREFIX_PATH=${CMAKE_PREFIX_PATH}:/opt/ros/jazzy DEBUGINFOD_URLS=https://debuginfod.ubuntu.com /usr/bin/cmake /home/abdulrahman/training_ws/src/group4_task/maze_interfaces -DCMAKE_INSTALL_PREFIX=/home/abdulrahman/training_ws/src/group4_task/install/maze_interfaces
[5.907s] Invoking command in '/home/abdulrahman/training_ws/src/group4_task/build/maze_interfaces': CMAKE_PREFIX_PATH=${CMAKE_PREFIX_PATH}:/opt/ros/jazzy DEBUGINFOD_URLS=https://debuginfod.ubuntu.com /usr/bin/cmake --build /home/abdulrahman/training_ws/src/group4_task/build/maze_interfaces -- -j16 -l16
[5.981s] [  1%] [34m[1mGenerating type hashes for ROS interfaces[0m
[5.981s] [  3%] [34m[1mGenerating Rust code for ROS interfaces[0m
[5.995s] [  3%] Built target ament_cmake_python_copy_maze_interfaces
[6.263s] running egg_info
[6.264s] creating maze_interfaces.egg-info
[6.290s] writing maze_interfaces.egg-info/PKG-INFO
[6.290s] writing dependency_links to maze_interfaces.egg-info/dependency_links.txt
[6.290s] writing top-level names to maze_interfaces.egg-info/top_level.txt
[6.290s] writing manifest file 'maze_interfaces.egg-info/SOURCES.txt'
[6.311s] [  3%] Built target maze_interfaces__rosidl_generator_type_description
[6.326s] [  5%] [34m[1mGenerating C code for ROS interfaces[0m
[6.342s] [  7%] [34m[1mGenerating C++ code for ROS interfaces[0m
[6.366s] reading manifest file 'maze_interfaces.egg-info/SOURCES.txt'
[6.366s] writing manifest file 'maze_interfaces.egg-info/SOURCES.txt'
[6.393s] [  7%] Built target maze_interfaces__rs
[6.418s] [  7%] Built target ament_cmake_python_build_maze_interfaces_egg
[7.028s] [  7%] Built target maze_interfaces__cpp
[7.097s] [ 20%] [32mBuilding C object CMakeFiles/maze_interfaces__rosidl_generator_c.dir/rosidl_generator_c/maze_interfaces/srv/detail/error__type_support.c.o[0m
[7.097s] [ 20%] [32mBuilding C object CMakeFiles/maze_interfaces__rosidl_generator_c.dir/rosidl_generator_c/maze_interfaces/action/detail/move_x__functions.c.o[0m
[7.097s] [ 20%] [32mBuilding C object CMakeFiles/maze_interfaces__rosidl_generator_c.dir/rosidl_generator_c/maze_interfaces/srv/detail/error__description.c.o[0m
[7.097s] [ 20%] [32mBuilding C object CMakeFiles/maze_interfaces__rosidl_generator_c.dir/rosidl_generator_c/maze_interfaces/action/detail/move_x__type_support.c.o[0m
[7.097s] [ 20%] [32mBuilding C object CMakeFiles/maze_interfaces__rosidl_generator_c.dir/rosidl_generator_c/maze_interfaces/srv/detail/error__functions.c.o[0m
[7.097s] [ 20%] [32mBuilding C object CMakeFiles/maze_interfaces__rosidl_generator_c.dir/rosidl_generator_c/maze_interfaces/action/detail/yaw__type_support.c.o[0m
[7.097s] [ 20%] [32mBuilding C object CMakeFiles/maze_interfaces__rosidl_generator_c.dir/rosidl_generator_c/maze_interfaces/action/detail/move_x__description.c.o[0m
[7.097s] [ 23%] [32mBuilding C object CMakeFiles/maze_interfaces__rosidl_generator_c.dir/rosidl_generator_c/maze_interfaces/action/detail/yaw__description.c.o[0m
[7.097s] [ 23%] [32mBuilding C object CMakeFiles/maze_interfaces__rosidl_generator_c.dir/rosidl_generator_c/maze_interfaces/action/detail/yaw__functions.c.o[0m
[7.258s] [ 25%] [32m[1mLinking C shared library libmaze_interfaces__rosidl_generator_c.so[0m
[7.303s] [ 25%] Built target maze_interfaces__rosidl_generator_c
[7.317s] [ 34%] [34m[1mGenerating C++ type support dispatch for ROS interfaces[0m
[7.317s] [ 34%] [34m[1mGenerating C introspection for ROS interfaces[0m
[7.317s] [ 34%] [34m[1mGenerating C type support dispatch for ROS interfaces[0m
[7.318s] [ 34%] [34m[1mGenerating C type support for eProsima Fast-RTPS[0m
[7.318s] [ 34%] [34m[1mGenerating C++ type support for eProsima Fast-RTPS[0m
[7.318s] [ 36%] [34m[1mGenerating C++ introspection for ROS interfaces[0m
[7.744s] [ 41%] [32mBuilding CXX object CMakeFiles/maze_interfaces__rosidl_typesupport_c.dir/rosidl_typesupport_c/maze_interfaces/srv/error__type_support.cpp.o[0m
[7.744s] [ 41%] [32mBuilding CXX object CMakeFiles/maze_interfaces__rosidl_typesupport_c.dir/rosidl_typesupport_c/maze_interfaces/action/move_x__type_support.cpp.o[0m
[7.744s] [ 41%] [32mBuilding CXX object CMakeFiles/maze_interfaces__rosidl_typesupport_c.dir/rosidl_typesupport_c/maze_interfaces/action/yaw__type_support.cpp.o[0m
[7.758s] [ 45%] [32mBuilding CXX object CMakeFiles/maze_interfaces__rosidl_typesupport_cpp.dir/rosidl_typesupport_cpp/maze_interfaces/action/yaw__type_support.cpp.o[0m
[7.758s] [ 45%] [32mBuilding CXX object CMakeFiles/maze_interfaces__rosidl_typesupport_cpp.dir/rosidl_typesupport_cpp/maze_interfaces/action/move_x__type_support.cpp.o[0m
[7.761s] [ 47%] [32mBuilding CXX object CMakeFiles/maze_interfaces__rosidl_typesupport_cpp.dir/rosidl_typesupport_cpp/maze_interfaces/srv/error__type_support.cpp.o[0m
[7.830s] [ 49%] [32m[1mLinking CXX shared library libmaze_interfaces__rosidl_typesupport_c.so[0m
[7.900s] [ 49%] Built target maze_interfaces__rosidl_typesupport_c
[7.902s] [ 52%] [32mBuilding CXX object CMakeFiles/maze_interfaces__rosidl_typesupport_introspection_cpp.dir/rosidl_typesupport_introspection_cpp/maze_interfaces/action/detail/move_x__type_support.cpp.o[0m
[7.902s] [ 52%] [32mBuilding CXX object CMakeFiles/maze_interfaces__rosidl_typesupport_introspection_cpp.dir/rosidl_typesupport_introspection_cpp/maze_interfaces/action/detail/yaw__type_support.cpp.o[0m
[7.903s] [ 54%] [32mBuilding CXX object CMakeFiles/maze_interfaces__rosidl_typesupport_introspection_cpp.dir/rosidl_typesupport_introspection_cpp/maze_interfaces/srv/detail/error__type_support.cpp.o[0m
[7.992s] [ 58%] [32mBuilding C object CMakeFiles/maze_interfaces__rosidl_typesupport_introspection_c.dir/rosidl_typesupport_introspection_c/maze_interfaces/srv/detail/error__type_support.c.o[0m
[7.992s] [ 58%] [32mBuilding C object CMakeFiles/maze_interfaces__rosidl_typesupport_introspection_c.dir/rosidl_typesupport_introspection_c/maze_interfaces/action/detail/move_x__type_support.c.o[0m
[7.992s] [ 60%] [32mBuilding C object CMakeFiles/maze_interfaces__rosidl_typesupport_introspection_c.dir/rosidl_typesupport_introspection_c/maze_interfaces/action/detail/yaw__type_support.c.o[0m
[8.105s] [ 61%] [32m[1mLinking C shared library libmaze_interfaces__rosidl_typesupport_introspection_c.so[0m
[8.180s] [ 61%] Built target maze_interfaces__rosidl_typesupport_introspection_c
[8.259s] [ 63%] [32mBuilding CXX object CMakeFiles/maze_interfaces__rosidl_typesupport_fastrtps_cpp.dir/rosidl_typesupport_fastrtps_cpp/maze_interfaces/action/detail/dds_fastrtps/move_x__type_support.cpp.o[0m
[8.260s] [ 67%] [32mBuilding CXX object CMakeFiles/maze_interfaces__rosidl_typesupport_fastrtps_cpp.dir/rosidl_typesupport_fastrtps_cpp/maze_interfaces/srv/detail/dds_fastrtps/error__type_support.cpp.o[0m
[8.260s] [ 67%] [32mBuilding CXX object CMakeFiles/maze_interfaces__rosidl_typesupport_fastrtps_cpp.dir/rosidl_typesupport_fastrtps_cpp/maze_interfaces/action/detail/dds_fastrtps/yaw__type_support.cpp.o[0m
[8.352s] [ 72%] [32mBuilding CXX object CMakeFiles/maze_interfaces__rosidl_typesupport_fastrtps_c.dir/rosidl_typesupport_fastrtps_c/maze_interfaces/action/detail/move_x__type_support_c.cpp.o[0m
[8.352s] [ 72%] [32mBuilding CXX object CMakeFiles/maze_interfaces__rosidl_typesupport_fastrtps_c.dir/rosidl_typesupport_fastrtps_c/maze_interfaces/action/detail/yaw__type_support_c.cpp.o[0m
[8.352s] [ 72%] [32mBuilding CXX object CMakeFiles/maze_interfaces__rosidl_typesupport_fastrtps_c.dir/rosidl_typesupport_fastrtps_c/maze_interfaces/srv/detail/error__type_support_c.cpp.o[0m
[8.814s] [ 74%] [32m[1mLinking CXX shared library libmaze_interfaces__rosidl_typesupport_cpp.so[0m
[8.953s] [ 76%] [32m[1mLinking CXX shared library libmaze_interfaces__rosidl_typesupport_introspection_cpp.so[0m
[8.997s] [ 76%] Built target maze_interfaces__rosidl_typesupport_cpp
[9.108s] [ 76%] Built target maze_interfaces__rosidl_typesupport_introspection_cpp
[9.210s] [ 78%] [32m[1mLinking CXX shared library libmaze_interfaces__rosidl_typesupport_fastrtps_c.so[0m
[9.323s] [ 78%] Built target maze_interfaces__rosidl_typesupport_fastrtps_c
[9.543s] [ 80%] [32m[1mLinking CXX shared library libmaze_interfaces__rosidl_typesupport_fastrtps_cpp.so[0m
[9.640s] [ 80%] Built target maze_interfaces__rosidl_typesupport_fastrtps_cpp
[9.665s] [ 80%] Built target maze_interfaces
[9.693s] [ 81%] [34m[1mGenerating Python code for ROS interfaces[0m
[10.807s] [ 81%] Built target maze_interfaces__py
[10.834s] [ 87%] [32mBuilding C object CMakeFiles/maze_interfaces__rosidl_generator_py.dir/rosidl_generator_py/maze_interfaces/srv/_error_s.c.o[0m
[10.834s] [ 87%] [32mBuilding C object CMakeFiles/maze_interfaces__rosidl_generator_py.dir/rosidl_generator_py/maze_interfaces/action/_move_x_s.c.o[0m
[10.834s] [ 87%] [32mBuilding C object CMakeFiles/maze_interfaces__rosidl_generator_py.dir/rosidl_generator_py/maze_interfaces/action/_yaw_s.c.o[0m
[11.045s] [ 89%] [32m[1mLinking C shared library libmaze_interfaces__rosidl_generator_py.so[0m
[11.100s] [ 89%] Built target maze_interfaces__rosidl_generator_py
[11.125s] [ 94%] [32mBuilding C object CMakeFiles/maze_interfaces_s__rosidl_typesupport_c.dir/rosidl_generator_py/maze_interfaces/_maze_interfaces_s.ep.rosidl_typesupport_c.c.o[0m
[11.126s] [ 94%] [32mBuilding C object CMakeFiles/maze_interfaces_s__rosidl_typesupport_introspection_c.dir/rosidl_generator_py/maze_interfaces/_maze_interfaces_s.ep.rosidl_typesupport_introspection_c.c.o[0m
[11.126s] [ 94%] [32mBuilding C object CMakeFiles/maze_interfaces_s__rosidl_typesupport_fastrtps_c.dir/rosidl_generator_py/maze_interfaces/_maze_interfaces_s.ep.rosidl_typesupport_fastrtps_c.c.o[0m
[11.285s] [ 98%] [32m[1mLinking C shared module rosidl_generator_py/maze_interfaces/maze_interfaces_s__rosidl_typesupport_introspection_c.so[0m
[11.286s] [ 98%] [32m[1mLinking C shared module rosidl_generator_py/maze_interfaces/maze_interfaces_s__rosidl_typesupport_c.so[0m
[11.291s] [100%] [32m[1mLinking C shared module rosidl_generator_py/maze_interfaces/maze_interfaces_s__rosidl_typesupport_fastrtps_c.so[0m
[11.325s] [100%] Built target maze_interfaces_s__rosidl_typesupport_c
[11.325s] [100%] Built target maze_interfaces_s__rosidl_typesupport_introspection_c
[11.335s] [100%] Built target maze_interfaces_s__rosidl_typesupport_fastrtps_c
[11.351s] Invoked command in '/home/abdulrahman/training_ws/src/group4_task/build/maze_interfaces' returned '0': CMAKE_PREFIX_PATH=${CMAKE_PREFIX_PATH}:/opt/ros/jazzy DEBUGINFOD_URLS=https://debuginfod.ubuntu.com /usr/bin/cmake --build /home/abdulrahman/training_ws/src/group4_task/build/maze_interfaces -- -j16 -l16
[11.362s] Invoking command in '/home/abdulrahman/training_ws/src/group4_task/build/maze_interfaces': CMAKE_PREFIX_PATH=${CMAKE_PREFIX_PATH}:/opt/ros/jazzy DEBUGINFOD_URLS=https://debuginfod.ubuntu.com /usr/bin/cmake --install /home/abdulrahman/training_ws/src/group4_task/build/maze_interfaces
[11.373s] -- Install configuration: ""
[11.373s] -- Installing: /home/abdulrahman/training_ws/src/group4_task/install/maze_interfaces/share/ament_index/resource_index/rosidl_interfaces/maze_interfaces
[11.373s] -- Installing: /home/abdulrahman/training_ws/src/group4_task/install/maze_interfaces/share/maze_interfaces/action/MoveX.json
[11.373s] -- Installing: /home/abdulrahman/training_ws/src/group4_task/install/maze_interfaces/share/maze_interfaces/action/Yaw.json
[11.373s] -- Installing: /home/abdulrahman/training_ws/src/group4_task/install/maze_interfaces/share/maze_interfaces/srv/Error.json
[11.374s] -- Installing: /home/abdulrahman/training_ws/src/group4_task/install/maze_interfaces/include/maze_interfaces/maze_interfaces
[11.374s] -- Installing: /home/abdulrahman/training_ws/src/group4_task/install/maze_interfaces/include/maze_interfaces/maze_interfaces/action
[11.374s] -- Installing: /home/abdulrahman/training_ws/src/group4_task/install/maze_interfaces/include/maze_interfaces/maze_interfaces/action/detail
[11.374s] -- Installing: /home/abdulrahman/training_ws/src/group4_task/install/maze_interfaces/include/maze_interfaces/maze_interfaces/action/detail/yaw__description.c
[11.374s] -- Installing: /home/abdulrahman/training_ws/src/group4_task/install/maze_interfaces/include/maze_interfaces/maze_interfaces/action/detail/move_x__type_support.h
[11.374s] -- Installing: /home/abdulrahman/training_ws/src/group4_task/install/maze_interfaces/include/maze_interfaces/maze_interfaces/action/detail/yaw__struct.h
[11.374s] -- Installing: /home/abdulrahman/training_ws/src/group4_task/install/maze_interfaces/include/maze_interfaces/maze_interfaces/action/detail/move_x__functions.c
[11.374s] -- Installing: /home/abdulrahman/training_ws/src/group4_task/install/maze_interfaces/include/maze_interfaces/maze_interfaces/action/detail/move_x__description.c
[11.374s] -- Installing: /home/abdulrahman/training_ws/src/group4_task/install/maze_interfaces/include/maze_interfaces/maze_interfaces/action/detail/yaw__functions.c
[11.375s] -- Installing: /home/abdulrahman/training_ws/src/group4_task/install/maze_interfaces/include/maze_interfaces/maze_interfaces/action/detail/yaw__functions.h
[11.375s] -- Installing: /home/abdulrahman/training_ws/src/group4_task/install/maze_interfaces/include/maze_interfaces/maze_interfaces/action/detail/yaw__type_support.c
[11.375s] -- Installing: /home/abdulrahman/training_ws/src/group4_task/install/maze_interfaces/include/maze_interfaces/maze_interfaces/action/detail/move_x__functions.h
[11.375s] -- Installing: /home/abdulrahman/training_ws/src/group4_task/install/maze_interfaces/include/maze_interfaces/maze_interfaces/action/detail/move_x__struct.h
[11.375s] -- Installing: /home/abdulrahman/training_ws/src/group4_task/install/maze_interfaces/include/maze_interfaces/maze_interfaces/action/detail/yaw__type_support.h
[11.375s] -- Installing: /home/abdulrahman/training_ws/src/group4_task/install/maze_interfaces/include/maze_interfaces/maze_interfaces/action/detail/move_x__type_support.c
[11.376s] -- Installing: /home/abdulrahman/training_ws/src/group4_task/install/maze_interfaces/include/maze_interfaces/maze_interfaces/action/yaw.h
[11.376s] -- Installing: /home/abdulrahman/training_ws/src/group4_task/install/maze_interfaces/include/maze_interfaces/maze_interfaces/action/move_x.h
[11.376s] -- Installing: /home/abdulrahman/training_ws/src/group4_task/install/maze_interfaces/include/maze_interfaces/maze_interfaces/msg
[11.376s] -- Installing: /home/abdulrahman/training_ws/src/group4_task/install/maze_interfaces/include/maze_interfaces/maze_interfaces/msg/rosidl_generator_c__visibility_control.h
[11.376s] -- Installing: /home/abdulrahman/training_ws/src/group4_task/install/maze_interfaces/include/maze_interfaces/maze_interfaces/srv
[11.377s] -- Installing: /home/abdulrahman/training_ws/src/group4_task/install/maze_interfaces/include/maze_interfaces/maze_interfaces/srv/detail
[11.377s] -- Installing: /home/abdulrahman/training_ws/src/group4_task/install/maze_interfaces/include/maze_interfaces/maze_interfaces/srv/detail/error__type_support.h
[11.377s] -- Installing: /home/abdulrahman/training_ws/src/group4_task/install/maze_interfaces/include/maze_interfaces/maze_interfaces/srv/detail/error__struct.h
[11.377s] -- Installing: /home/abdulrahman/training_ws/src/group4_task/install/maze_interfaces/include/maze_interfaces/maze_interfaces/srv/detail/error__type_support.c
[11.377s] -- Installing: /home/abdulrahman/training_ws/src/group4_task/install/maze_interfaces/include/maze_interfaces/maze_interfaces/srv/detail/error__functions.c
[11.377s] -- Installing: /home/abdulrahman/training_ws/src/group4_task/install/maze_interfaces/include/maze_interfaces/maze_interfaces/srv/detail/error__description.c
[11.377s] -- Installing: /home/abdulrahman/training_ws/src/group4_task/install/maze_interfaces/include/maze_interfaces/maze_interfaces/srv/detail/error__functions.h
[11.377s] -- Installing: /home/abdulrahman/training_ws/src/group4_task/install/maze_interfaces/include/maze_interfaces/maze_interfaces/srv/error.h
[11.377s] -- Installing: /home/abdulrahman/training_ws/src/group4_task/install/maze_interfaces/share/maze_interfaces/environment/library_path.sh
[11.377s] -- Installing: /home/abdulrahman/training_ws/src/group4_task/install/maze_interfaces/share/maze_interfaces/environment/library_path.dsv
[11.378s] -- Installing: /home/abdulrahman/training_ws/src/group4_task/install/maze_interfaces/lib/libmaze_interfaces__rosidl_generator_c.so
[11.379s] -- Set non-toolchain portion of runtime path of "/home/abdulrahman/training_ws/src/group4_task/install/maze_interfaces/lib/libmaze_interfaces__rosidl_generator_c.so" to ""
[11.379s] -- Up-to-date: /home/abdulrahman/training_ws/src/group4_task/install/maze_interfaces/include/maze_interfaces/maze_interfaces
[11.379s] -- Up-to-date: /home/abdulrahman/training_ws/src/group4_task/install/maze_interfaces/include/maze_interfaces/maze_interfaces/action
[11.379s] -- Up-to-date: /home/abdulrahman/training_ws/src/group4_task/install/maze_interfaces/include/maze_interfaces/maze_interfaces/action/detail
[11.379s] -- Installing: /home/abdulrahman/training_ws/src/group4_task/install/maze_interfaces/include/maze_interfaces/maze_interfaces/action/detail/move_x__rosidl_typesupport_fastrtps_c.h
[11.379s] -- Installing: /home/abdulrahman/training_ws/src/group4_task/install/maze_interfaces/include/maze_interfaces/maze_interfaces/action/detail/yaw__rosidl_typesupport_fastrtps_c.h
[11.379s] -- Up-to-date: /home/abdulrahman/training_ws/src/group4_task/install/maze_interfaces/include/maze_interfaces/maze_interfaces/msg
[11.380s] -- Installing: /home/abdulrahman/training_ws/src/group4_task/install/maze_interfaces/include/maze_interfaces/maze_interfaces/msg/rosidl_typesupport_fastrtps_c__visibility_control.h
[11.380s] -- Up-to-date: /home/abdulrahman/training_ws/src/group4_task/install/maze_interfaces/include/maze_interfaces/maze_interfaces/srv
[11.380s] -- Up-to-date: /home/abdulrahman/training_ws/src/group4_task/install/maze_interfaces/include/maze_interfaces/maze_interfaces/srv/detail
[11.380s] -- Installing: /home/abdulrahman/training_ws/src/group4_task/install/maze_interfaces/include/maze_interfaces/maze_interfaces/srv/detail/error__rosidl_typesupport_fastrtps_c.h
[11.380s] -- Installing: /home/abdulrahman/training_ws/src/group4_task/install/maze_interfaces/lib/libmaze_interfaces__rosidl_typesupport_fastrtps_c.so
[11.381s] -- Set non-toolchain portion of runtime path of "/home/abdulrahman/training_ws/src/group4_task/install/maze_interfaces/lib/libmaze_interfaces__rosidl_typesupport_fastrtps_c.so" to ""
[11.381s] -- Up-to-date: /home/abdulrahman/training_ws/src/group4_task/install/maze_interfaces/include/maze_interfaces/maze_interfaces
[11.381s] -- Up-to-date: /home/abdulrahman/training_ws/src/group4_task/install/maze_interfaces/include/maze_interfaces/maze_interfaces/action
[11.381s] -- Up-to-date: /home/abdulrahman/training_ws/src/group4_task/install/maze_interfaces/include/maze_interfaces/maze_interfaces/action/detail
[11.381s] -- Installing: /home/abdulrahman/training_ws/src/group4_task/install/maze_interfaces/include/maze_interfaces/maze_interfaces/action/detail/yaw__rosidl_typesupport_introspection_c.h
[11.381s] -- Installing: /home/abdulrahman/training_ws/src/group4_task/install/maze_interfaces/include/maze_interfaces/maze_interfaces/action/detail/move_x__rosidl_typesupport_introspection_c.h
[11.381s] -- Installing: /home/abdulrahman/training_ws/src/group4_task/install/maze_interfaces/include/maze_interfaces/maze_interfaces/action/detail/yaw__type_support.c
[11.381s] -- Installing: /home/abdulrahman/training_ws/src/group4_task/install/maze_interfaces/include/maze_interfaces/maze_interfaces/action/detail/move_x__type_support.c
[11.382s] -- Up-to-date: /home/abdulrahman/training_ws/src/group4_task/install/maze_interfaces/include/maze_interfaces/maze_interfaces/msg
[11.382s] -- Installing: /home/abdulrahman/training_ws/src/group4_task/install/maze_interfaces/include/maze_interfaces/maze_interfaces/msg/rosidl_typesupport_introspection_c__visibility_control.h
[11.382s] -- Up-to-date: /home/abdulrahman/training_ws/src/group4_task/install/maze_interfaces/include/maze_interfaces/maze_interfaces/srv
[11.382s] -- Up-to-date: /home/abdulrahman/training_ws/src/group4_task/install/maze_interfaces/include/maze_interfaces/maze_interfaces/srv/detail
[11.382s] -- Installing: /home/abdulrahman/training_ws/src/group4_task/install/maze_interfaces/include/maze_interfaces/maze_interfaces/srv/detail/error__type_support.c
[11.382s] -- Installing: /home/abdulrahman/training_ws/src/group4_task/install/maze_interfaces/include/maze_interfaces/maze_interfaces/srv/detail/error__rosidl_typesupport_introspection_c.h
[11.382s] -- Installing: /home/abdulrahman/training_ws/src/group4_task/install/maze_interfaces/lib/libmaze_interfaces__rosidl_typesupport_introspection_c.so
[11.383s] -- Set non-toolchain portion of runtime path of "/home/abdulrahman/training_ws/src/group4_task/install/maze_interfaces/lib/libmaze_interfaces__rosidl_typesupport_introspection_c.so" to ""
[11.383s] -- Installing: /home/abdulrahman/training_ws/src/group4_task/install/maze_interfaces/lib/libmaze_interfaces__rosidl_typesupport_c.so
[11.384s] -- Set non-toolchain portion of runtime path of "/home/abdulrahman/training_ws/src/group4_task/install/maze_interfaces/lib/libmaze_interfaces__rosidl_typesupport_c.so" to ""
[11.384s] -- Up-to-date: /home/abdulrahman/training_ws/src/group4_task/install/maze_interfaces/include/maze_interfaces/maze_interfaces
[11.384s] -- Up-to-date: /home/abdulrahman/training_ws/src/group4_task/install/maze_interfaces/include/maze_interfaces/maze_interfaces/action
[11.384s] -- Installing: /home/abdulrahman/training_ws/src/group4_task/install/maze_interfaces/include/maze_interfaces/maze_interfaces/action/yaw.hpp
[11.384s] -- Up-to-date: /home/abdulrahman/training_ws/src/group4_task/install/maze_interfaces/include/maze_interfaces/maze_interfaces/action/detail
[11.384s] -- Installing: /home/abdulrahman/training_ws/src/group4_task/install/maze_interfaces/include/maze_interfaces/maze_interfaces/action/detail/move_x__traits.hpp
[11.384s] -- Installing: /home/abdulrahman/training_ws/src/group4_task/install/maze_interfaces/include/maze_interfaces/maze_interfaces/action/detail/yaw__struct.hpp
[11.384s] -- Installing: /home/abdulrahman/training_ws/src/group4_task/install/maze_interfaces/include/maze_interfaces/maze_interfaces/action/detail/move_x__builder.hpp
[11.385s] -- Installing: /home/abdulrahman/training_ws/src/group4_task/install/maze_interfaces/include/maze_interfaces/maze_interfaces/action/detail/yaw__builder.hpp
[11.385s] -- Installing: /home/abdulrahman/training_ws/src/group4_task/install/maze_interfaces/include/maze_interfaces/maze_interfaces/action/detail/move_x__type_support.hpp
[11.385s] -- Installing: /home/abdulrahman/training_ws/src/group4_task/install/maze_interfaces/include/maze_interfaces/maze_interfaces/action/detail/move_x__struct.hpp
[11.385s] -- Installing: /home/abdulrahman/training_ws/src/group4_task/install/maze_interfaces/include/maze_interfaces/maze_interfaces/action/detail/yaw__type_support.hpp
[11.385s] -- Installing: /home/abdulrahman/training_ws/src/group4_task/install/maze_interfaces/include/maze_interfaces/maze_interfaces/action/detail/yaw__traits.hpp
[11.385s] -- Installing: /home/abdulrahman/training_ws/src/group4_task/install/maze_interfaces/include/maze_interfaces/maze_interfaces/action/move_x.hpp
[11.385s] -- Up-to-date: /home/abdulrahman/training_ws/src/group4_task/install/maze_interfaces/include/maze_interfaces/maze_interfaces/msg
[11.385s] -- Installing: /home/abdulrahman/training_ws/src/group4_task/install/maze_interfaces/include/maze_interfaces/maze_interfaces/msg/rosidl_generator_cpp__visibility_control.hpp
[11.385s] -- Up-to-date: /home/abdulrahman/training_ws/src/group4_task/install/maze_interfaces/include/maze_interfaces/maze_interfaces/srv
[11.385s] -- Up-to-date: /home/abdulrahman/training_ws/src/group4_task/install/maze_interfaces/include/maze_interfaces/maze_interfaces/srv/detail
[11.385s] -- Installing: /home/abdulrahman/training_ws/src/group4_task/install/maze_interfaces/include/maze_interfaces/maze_interfaces/srv/detail/error__struct.hpp
[11.386s] -- Installing: /home/abdulrahman/training_ws/src/group4_task/install/maze_interfaces/include/maze_interfaces/maze_interfaces/srv/detail/error__traits.hpp
[11.386s] -- Installing: /home/abdulrahman/training_ws/src/group4_task/install/maze_interfaces/include/maze_interfaces/maze_interfaces/srv/detail/error__type_support.hpp
[11.386s] -- Installing: /home/abdulrahman/training_ws/src/group4_task/install/maze_interfaces/include/maze_interfaces/maze_interfaces/srv/detail/error__builder.hpp
[11.386s] -- Installing: /home/abdulrahman/training_ws/src/group4_task/install/maze_interfaces/include/maze_interfaces/maze_interfaces/srv/error.hpp
[11.386s] -- Up-to-date: /home/abdulrahman/training_ws/src/group4_task/install/maze_interfaces/include/maze_interfaces/maze_interfaces
[11.386s] -- Up-to-date: /home/abdulrahman/training_ws/src/group4_task/install/maze_interfaces/include/maze_interfaces/maze_interfaces/action
[11.386s] -- Up-to-date: /home/abdulrahman/training_ws/src/group4_task/install/maze_interfaces/include/maze_interfaces/maze_interfaces/action/detail
[11.386s] -- Installing: /home/abdulrahman/training_ws/src/group4_task/install/maze_interfaces/include/maze_interfaces/maze_interfaces/action/detail/dds_fastrtps
[11.386s] -- Installing: /home/abdulrahman/training_ws/src/group4_task/install/maze_interfaces/include/maze_interfaces/maze_interfaces/action/detail/move_x__rosidl_typesupport_fastrtps_cpp.hpp
[11.386s] -- Installing: /home/abdulrahman/training_ws/src/group4_task/install/maze_interfaces/include/maze_interfaces/maze_interfaces/action/detail/yaw__rosidl_typesupport_fastrtps_cpp.hpp
[11.386s] -- Up-to-date: /home/abdulrahman/training_ws/src/group4_task/install/maze_interfaces/include/maze_interfaces/maze_interfaces/msg
[11.386s] -- Installing: /home/abdulrahman/training_ws/src/group4_task/install/maze_interfaces/include/maze_interfaces/maze_interfaces/msg/rosidl_typesupport_fastrtps_cpp__visibility_control.h
[11.387s] -- Up-to-date: /home/abdulrahman/training_ws/src/group4_task/install/maze_interfaces/include/maze_interfaces/maze_interfaces/srv
[11.387s] -- Up-to-date: /home/abdulrahman/training_ws/src/group4_task/install/maze_interfaces/include/maze_interfaces/maze_interfaces/srv/detail
[11.387s] -- Installing: /home/abdulrahman/training_ws/src/group4_task/install/maze_interfaces/include/maze_interfaces/maze_interfaces/srv/detail/dds_fastrtps
[11.387s] -- Installing: /home/abdulrahman/training_ws/src/group4_task/install/maze_interfaces/include/maze_interfaces/maze_interfaces/srv/detail/error__rosidl_typesupport_fastrtps_cpp.hpp
[11.387s] -- Installing: /home/abdulrahman/training_ws/src/group4_task/install/maze_interfaces/lib/libmaze_interfaces__rosidl_typesupport_fastrtps_cpp.so
[11.388s] -- Set non-toolchain portion of runtime path of "/home/abdulrahman/training_ws/src/group4_task/install/maze_interfaces/lib/libmaze_interfaces__rosidl_typesupport_fastrtps_cpp.so" to ""
[11.388s] -- Up-to-date: /home/abdulrahman/training_ws/src/group4_task/install/maze_interfaces/include/maze_interfaces/maze_interfaces
[11.388s] -- Up-to-date: /home/abdulrahman/training_ws/src/group4_task/install/maze_interfaces/include/maze_interfaces/maze_interfaces/action
[11.388s] -- Up-to-date: /home/abdulrahman/training_ws/src/group4_task/install/maze_interfaces/include/maze_interfaces/maze_interfaces/action/detail
[11.388s] -- Installing: /home/abdulrahman/training_ws/src/group4_task/install/maze_interfaces/include/maze_interfaces/maze_interfaces/action/detail/move_x__rosidl_typesupport_introspection_cpp.hpp
[11.388s] -- Installing: /home/abdulrahman/training_ws/src/group4_task/install/maze_interfaces/include/maze_interfaces/maze_interfaces/action/detail/move_x__type_support.cpp
[11.388s] -- Installing: /home/abdulrahman/training_ws/src/group4_task/install/maze_interfaces/include/maze_interfaces/maze_interfaces/action/detail/yaw__type_support.cpp
[11.388s] -- Installing: /home/abdulrahman/training_ws/src/group4_task/install/maze_interfaces/include/maze_interfaces/maze_interfaces/action/detail/yaw__rosidl_typesupport_introspection_cpp.hpp
[11.389s] -- Up-to-date: /home/abdulrahman/training_ws/src/group4_task/install/maze_interfaces/include/maze_interfaces/maze_interfaces/srv
[11.389s] -- Up-to-date: /home/abdulrahman/training_ws/src/group4_task/install/maze_interfaces/include/maze_interfaces/maze_interfaces/srv/detail
[11.389s] -- Installing: /home/abdulrahman/training_ws/src/group4_task/install/maze_interfaces/include/maze_interfaces/maze_interfaces/srv/detail/error__type_support.cpp
[11.389s] -- Installing: /home/abdulrahman/training_ws/src/group4_task/install/maze_interfaces/include/maze_interfaces/maze_interfaces/srv/detail/error__rosidl_typesupport_introspection_cpp.hpp
[11.389s] -- Installing: /home/abdulrahman/training_ws/src/group4_task/install/maze_interfaces/lib/libmaze_interfaces__rosidl_typesupport_introspection_cpp.so
[11.390s] -- Set non-toolchain portion of runtime path of "/home/abdulrahman/training_ws/src/group4_task/install/maze_interfaces/lib/libmaze_interfaces__rosidl_typesupport_introspection_cpp.so" to ""
[11.390s] -- Installing: /home/abdulrahman/training_ws/src/group4_task/install/maze_interfaces/lib/libmaze_interfaces__rosidl_typesupport_cpp.so
[11.391s] -- Set non-toolchain portion of runtime path of "/home/abdulrahman/training_ws/src/group4_task/install/maze_interfaces/lib/libmaze_interfaces__rosidl_typesupport_cpp.so" to ""
[11.391s] -- Installing: /home/abdulrahman/training_ws/src/group4_task/install/maze_interfaces/share/maze_interfaces/environment/pythonpath.sh
[11.391s] -- Installing: /home/abdulrahman/training_ws/src/group4_task/install/maze_interfaces/share/maze_interfaces/environment/pythonpath.dsv
[11.391s] -- Installing: /home/abdulrahman/training_ws/src/group4_task/install/maze_interfaces/lib/python3.12/site-packages/maze_interfaces-0.0.0-py3.12.egg-info
[11.391s] -- Installing: /home/abdulrahman/training_ws/src/group4_task/install/maze_interfaces/lib/python3.12/site-packages/maze_interfaces-0.0.0-py3.12.egg-info/top_level.txt
[11.391s] -- Installing: /home/abdulrahman/training_ws/src/group4_task/install/maze_interfaces/lib/python3.12/site-packages/maze_interfaces-0.0.0-py3.12.egg-info/PKG-INFO
[11.391s] -- Installing: /home/abdulrahman/training_ws/src/group4_task/install/maze_interfaces/lib/python3.12/site-packages/maze_interfaces-0.0.0-py3.12.egg-info/dependency_links.txt
[11.392s] -- Installing: /home/abdulrahman/training_ws/src/group4_task/install/maze_interfaces/lib/python3.12/site-packages/maze_interfaces-0.0.0-py3.12.egg-info/SOURCES.txt
[11.392s] -- Installing: /home/abdulrahman/training_ws/src/group4_task/install/maze_interfaces/lib/python3.12/site-packages/maze_interfaces
[11.392s] -- Installing: /home/abdulrahman/training_ws/src/group4_task/install/maze_interfaces/lib/python3.12/site-packages/maze_interfaces/maze_interfaces_s__rosidl_typesupport_c.so
[11.392s] -- Installing: /home/abdulrahman/training_ws/src/group4_task/install/maze_interfaces/lib/python3.12/site-packages/maze_interfaces/maze_interfaces_s__rosidl_typesupport_fastrtps_c.so
[11.392s] -- Installing: /home/abdulrahman/training_ws/src/group4_task/install/maze_interfaces/lib/python3.12/site-packages/maze_interfaces/action
[11.392s] -- Installing: /home/abdulrahman/training_ws/src/group4_task/install/maze_interfaces/lib/python3.12/site-packages/maze_interfaces/action/_move_x.py
[11.392s] -- Installing: /home/abdulrahman/training_ws/src/group4_task/install/maze_interfaces/lib/python3.12/site-packages/maze_interfaces/action/_yaw_s.c
[11.393s] -- Installing: /home/abdulrahman/training_ws/src/group4_task/install/maze_interfaces/lib/python3.12/site-packages/maze_interfaces/action/__init__.py
[11.393s] -- Installing: /home/abdulrahman/training_ws/src/group4_task/install/maze_interfaces/lib/python3.12/site-packages/maze_interfaces/action/_move_x_s.c
[11.393s] -- Installing: /home/abdulrahman/training_ws/src/group4_task/install/maze_interfaces/lib/python3.12/site-packages/maze_interfaces/action/_yaw.py
[11.393s] -- Installing: /home/abdulrahman/training_ws/src/group4_task/install/maze_interfaces/lib/python3.12/site-packages/maze_interfaces/_maze_interfaces_s.ep.rosidl_typesupport_c.c
[11.393s] -- Installing: /home/abdulrahman/training_ws/src/group4_task/install/maze_interfaces/lib/python3.12/site-packages/maze_interfaces/_maze_interfaces_s.ep.rosidl_typesupport_introspection_c.c
[11.393s] -- Installing: /home/abdulrahman/training_ws/src/group4_task/install/maze_interfaces/lib/python3.12/site-packages/maze_interfaces/__init__.py
[11.393s] -- Installing: /home/abdulrahman/training_ws/src/group4_task/install/maze_interfaces/lib/python3.12/site-packages/maze_interfaces/_maze_interfaces_s.ep.rosidl_typesupport_fastrtps_c.c
[11.394s] -- Installing: /home/abdulrahman/training_ws/src/group4_task/install/maze_interfaces/lib/python3.12/site-packages/maze_interfaces/maze_interfaces_s__rosidl_typesupport_introspection_c.so
[11.394s] -- Installing: /home/abdulrahman/training_ws/src/group4_task/install/maze_interfaces/lib/python3.12/site-packages/maze_interfaces/srv
[11.394s] -- Installing: /home/abdulrahman/training_ws/src/group4_task/install/maze_interfaces/lib/python3.12/site-packages/maze_interfaces/srv/_error_s.c
[11.394s] -- Installing: /home/abdulrahman/training_ws/src/group4_task/install/maze_interfaces/lib/python3.12/site-packages/maze_interfaces/srv/_error.py
[11.394s] -- Installing: /home/abdulrahman/training_ws/src/group4_task/install/maze_interfaces/lib/python3.12/site-packages/maze_interfaces/srv/__init__.py
[11.451s] Listing '/home/abdulrahman/training_ws/src/group4_task/install/maze_interfaces/lib/python3.12/site-packages/maze_interfaces'...
[11.451s] Compiling '/home/abdulrahman/training_ws/src/group4_task/install/maze_interfaces/lib/python3.12/site-packages/maze_interfaces/__init__.py'...
[11.452s] Listing '/home/abdulrahman/training_ws/src/group4_task/install/maze_interfaces/lib/python3.12/site-packages/maze_interfaces/action'...
[11.452s] Compiling '/home/abdulrahman/training_ws/src/group4_task/install/maze_interfaces/lib/python3.12/site-packages/maze_interfaces/action/__init__.py'...
[11.452s] Compiling '/home/abdulrahman/training_ws/src/group4_task/install/maze_interfaces/lib/python3.12/site-packages/maze_interfaces/action/_move_x.py'...
[11.452s] Compiling '/home/abdulrahman/training_ws/src/group4_task/install/maze_interfaces/lib/python3.12/site-packages/maze_interfaces/action/_yaw.py'...
[11.452s] Listing '/home/abdulrahman/training_ws/src/group4_task/install/maze_interfaces/lib/python3.12/site-packages/maze_interfaces/srv'...
[11.452s] Compiling '/home/abdulrahman/training_ws/src/group4_task/install/maze_interfaces/lib/python3.12/site-packages/maze_interfaces/srv/__init__.py'...
[11.452s] Compiling '/home/abdulrahman/training_ws/src/group4_task/install/maze_interfaces/lib/python3.12/site-packages/maze_interfaces/srv/_error.py'...
[11.458s] -- Installing: /home/abdulrahman/training_ws/src/group4_task/install/maze_interfaces/lib/python3.12/site-packages/maze_interfaces/maze_interfaces_s__rosidl_typesupport_fastrtps_c.so
[11.458s] -- Set non-toolchain portion of runtime path of "/home/abdulrahman/training_ws/src/group4_task/install/maze_interfaces/lib/python3.12/site-packages/maze_interfaces/maze_interfaces_s__rosidl_typesupport_fastrtps_c.so" to ""
[11.459s] -- Installing: /home/abdulrahman/training_ws/src/group4_task/install/maze_interfaces/lib/python3.12/site-packages/maze_interfaces/maze_interfaces_s__rosidl_typesupport_introspection_c.so
[11.459s] -- Set non-toolchain portion of runtime path of "/home/abdulrahman/training_ws/src/group4_task/install/maze_interfaces/lib/python3.12/site-packages/maze_interfaces/maze_interfaces_s__rosidl_typesupport_introspection_c.so" to ""
[11.459s] -- Installing: /home/abdulrahman/training_ws/src/group4_task/install/maze_interfaces/lib/python3.12/site-packages/maze_interfaces/maze_interfaces_s__rosidl_typesupport_c.so
[11.460s] -- Set non-toolchain portion of runtime path of "/home/abdulrahman/training_ws/src/group4_task/install/maze_interfaces/lib/python3.12/site-packages/maze_interfaces/maze_interfaces_s__rosidl_typesupport_c.so" to ""
[11.460s] -- Installing: /home/abdulrahman/training_ws/src/group4_task/install/maze_interfaces/lib/libmaze_interfaces__rosidl_generator_py.so
[11.460s] -- Set non-toolchain portion of runtime path of "/home/abdulrahman/training_ws/src/group4_task/install/maze_interfaces/lib/libmaze_interfaces__rosidl_generator_py.so" to ""
[11.460s] -- Installing: /home/abdulrahman/training_ws/src/group4_task/install/maze_interfaces/share/ament_index/resource_index/rust_packages/maze_interfaces
[11.461s] -- Installing: /home/abdulrahman/training_ws/src/group4_task/install/maze_interfaces/share/maze_interfaces/rust
[11.461s] -- Installing: /home/abdulrahman/training_ws/src/group4_task/install/maze_interfaces/share/maze_interfaces/rust/src
[11.461s] -- Installing: /home/abdulrahman/training_ws/src/group4_task/install/maze_interfaces/share/maze_interfaces/rust/src/lib.rs
[11.461s] -- Installing: /home/abdulrahman/training_ws/src/group4_task/install/maze_interfaces/share/maze_interfaces/rust/src/action.rs
[11.461s] -- Installing: /home/abdulrahman/training_ws/src/group4_task/install/maze_interfaces/share/maze_interfaces/rust/src/action
[11.461s] -- Installing: /home/abdulrahman/training_ws/src/group4_task/install/maze_interfaces/share/maze_interfaces/rust/src/action/rmw.rs
[11.462s] -- Installing: /home/abdulrahman/training_ws/src/group4_task/install/maze_interfaces/share/maze_interfaces/rust/src/srv.rs
[11.462s] -- Installing: /home/abdulrahman/training_ws/src/group4_task/install/maze_interfaces/share/maze_interfaces/rust/src/srv
[11.462s] -- Installing: /home/abdulrahman/training_ws/src/group4_task/install/maze_interfaces/share/maze_interfaces/rust/src/srv/rmw.rs
[11.462s] -- Installing: /home/abdulrahman/training_ws/src/group4_task/install/maze_interfaces/share/maze_interfaces/rust/build.rs
[11.462s] -- Installing: /home/abdulrahman/training_ws/src/group4_task/install/maze_interfaces/share/maze_interfaces/rust/Cargo.toml
[11.463s] -- Installing: /home/abdulrahman/training_ws/src/group4_task/install/maze_interfaces/share/maze_interfaces/action/MoveX.idl
[11.463s] -- Installing: /home/abdulrahman/training_ws/src/group4_task/install/maze_interfaces/share/maze_interfaces/action/Yaw.idl
[11.463s] -- Installing: /home/abdulrahman/training_ws/src/group4_task/install/maze_interfaces/share/maze_interfaces/srv/Error.idl
[11.463s] -- Installing: /home/abdulrahman/training_ws/src/group4_task/install/maze_interfaces/share/maze_interfaces/action/MoveX.action
[11.463s] -- Installing: /home/abdulrahman/training_ws/src/group4_task/install/maze_interfaces/share/maze_interfaces/action/Yaw.action
[11.464s] -- Installing: /home/abdulrahman/training_ws/src/group4_task/install/maze_interfaces/share/maze_interfaces/srv/Error.srv
[11.464s] -- Installing: /home/abdulrahman/training_ws/src/group4_task/install/maze_interfaces/share/ament_index/resource_index/package_run_dependencies/maze_interfaces
[11.464s] -- Installing: /home/abdulrahman/training_ws/src/group4_task/install/maze_interfaces/share/ament_index/resource_index/parent_prefix_path/maze_interfaces
[11.464s] -- Installing: /home/abdulrahman/training_ws/src/group4_task/install/maze_interfaces/share/maze_interfaces/environment/ament_prefix_path.sh
[11.465s] -- Installing: /home/abdulrahman/training_ws/src/group4_task/install/maze_interfaces/share/maze_interfaces/environment/ament_prefix_path.dsv
[11.465s] -- Installing: /home/abdulrahman/training_ws/src/group4_task/install/maze_interfaces/share/maze_interfaces/environment/path.sh
[11.466s] -- Installing: /home/abdulrahman/training_ws/src/group4_task/install/maze_interfaces/share/maze_interfaces/environment/path.dsv
[11.466s] -- Installing: /home/abdulrahman/training_ws/src/group4_task/install/maze_interfaces/share/maze_interfaces/local_setup.bash
[11.466s] -- Installing: /home/abdulrahman/training_ws/src/group4_task/install/maze_interfaces/share/maze_interfaces/local_setup.sh
[11.466s] -- Installing: /home/abdulrahman/training_ws/src/group4_task/install/maze_interfaces/share/maze_interfaces/local_setup.zsh
[11.466s] -- Installing: /home/abdulrahman/training_ws/src/group4_task/install/maze_interfaces/share/maze_interfaces/local_setup.dsv
[11.466s] -- Installing: /home/abdulrahman/training_ws/src/group4_task/install/maze_interfaces/share/maze_interfaces/package.dsv
[11.466s] -- Installing: /home/abdulrahman/training_ws/src/group4_task/install/maze_interfaces/share/ament_index/resource_index/packages/maze_interfaces
[11.467s] -- Installing: /home/abdulrahman/training_ws/src/group4_task/install/maze_interfaces/share/maze_interfaces/cmake/export_maze_interfaces__rosidl_generator_cExport.cmake
[11.467s] -- Installing: /home/abdulrahman/training_ws/src/group4_task/install/maze_interfaces/share/maze_interfaces/cmake/export_maze_interfaces__rosidl_generator_cExport-noconfig.cmake
[11.467s] -- Installing: /home/abdulrahman/training_ws/src/group4_task/install/maze_interfaces/share/maze_interfaces/cmake/export_maze_interfaces__rosidl_typesupport_fastrtps_cExport.cmake
[11.467s] -- Installing: /home/abdulrahman/training_ws/src/group4_task/install/maze_interfaces/share/maze_interfaces/cmake/export_maze_interfaces__rosidl_typesupport_fastrtps_cExport-noconfig.cmake
[11.467s] -- Installing: /home/abdulrahman/training_ws/src/group4_task/install/maze_interfaces/share/maze_interfaces/cmake/maze_interfaces__rosidl_typesupport_introspection_cExport.cmake
[11.467s] -- Installing: /home/abdulrahman/training_ws/src/group4_task/install/maze_interfaces/share/maze_interfaces/cmake/maze_interfaces__rosidl_typesupport_introspection_cExport-noconfig.cmake
[11.467s] -- Installing: /home/abdulrahman/training_ws/src/group4_task/install/maze_interfaces/share/maze_interfaces/cmake/maze_interfaces__rosidl_typesupport_cExport.cmake
[11.467s] -- Installing: /home/abdulrahman/training_ws/src/group4_task/install/maze_interfaces/share/maze_interfaces/cmake/maze_interfaces__rosidl_typesupport_cExport-noconfig.cmake
[11.468s] -- Installing: /home/abdulrahman/training_ws/src/group4_task/install/maze_interfaces/share/maze_interfaces/cmake/export_maze_interfaces__rosidl_generator_cppExport.cmake
[11.468s] -- Installing: /home/abdulrahman/training_ws/src/group4_task/install/maze_interfaces/share/maze_interfaces/cmake/export_maze_interfaces__rosidl_typesupport_fastrtps_cppExport.cmake
[11.468s] -- Installing: /home/abdulrahman/training_ws/src/group4_task/install/maze_interfaces/share/maze_interfaces/cmake/export_maze_interfaces__rosidl_typesupport_fastrtps_cppExport-noconfig.cmake
[11.468s] -- Installing: /home/abdulrahman/training_ws/src/group4_task/install/maze_interfaces/share/maze_interfaces/cmake/maze_interfaces__rosidl_typesupport_introspection_cppExport.cmake
[11.468s] -- Installing: /home/abdulrahman/training_ws/src/group4_task/install/maze_interfaces/share/maze_interfaces/cmake/maze_interfaces__rosidl_typesupport_introspection_cppExport-noconfig.cmake
[11.468s] -- Installing: /home/abdulrahman/training_ws/src/group4_task/install/maze_interfaces/share/maze_interfaces/cmake/maze_interfaces__rosidl_typesupport_cppExport.cmake
[11.468s] -- Installing: /home/abdulrahman/training_ws/src/group4_task/install/maze_interfaces/share/maze_interfaces/cmake/maze_interfaces__rosidl_typesupport_cppExport-noconfig.cmake
[11.469s] -- Installing: /home/abdulrahman/training_ws/src/group4_task/install/maze_interfaces/share/maze_interfaces/cmake/export_maze_interfaces__rosidl_generator_pyExport.cmake
[11.469s] -- Installing: /home/abdulrahman/training_ws/src/group4_task/install/maze_interfaces/share/maze_interfaces/cmake/export_maze_interfaces__rosidl_generator_pyExport-noconfig.cmake
[11.469s] -- Installing: /home/abdulrahman/training_ws/src/group4_task/install/maze_interfaces/share/maze_interfaces/cmake/rosidl_cmake-extras.cmake
[11.469s] -- Installing: /home/abdulrahman/training_ws/src/group4_task/install/maze_interfaces/share/maze_interfaces/cmake/ament_cmake_export_dependencies-extras.cmake
[11.469s] -- Installing: /home/abdulrahman/training_ws/src/group4_task/install/maze_interfaces/share/maze_interfaces/cmake/ament_cmake_export_include_directories-extras.cmake
[11.469s] -- Installing: /home/abdulrahman/training_ws/src/group4_task/install/maze_interfaces/share/maze_interfaces/cmake/ament_cmake_export_libraries-extras.cmake
[11.469s] -- Installing: /home/abdulrahman/training_ws/src/group4_task/install/maze_interfaces/share/maze_interfaces/cmake/ament_cmake_export_targets-extras.cmake
[11.470s] -- Installing: /home/abdulrahman/training_ws/src/group4_task/install/maze_interfaces/share/maze_interfaces/cmake/rosidl_cmake_export_typesupport_targets-extras.cmake
[11.470s] -- Installing: /home/abdulrahman/training_ws/src/group4_task/install/maze_interfaces/share/maze_interfaces/cmake/rosidl_cmake_export_typesupport_libraries-extras.cmake
[11.470s] -- Installing: /home/abdulrahman/training_ws/src/group4_task/install/maze_interfaces/share/maze_interfaces/cmake/rosidl_cmake_aggregate_target-extras.cmake
[11.470s] -- Installing: /home/abdulrahman/training_ws/src/group4_task/install/maze_interfaces/share/maze_interfaces/cmake/maze_interfacesConfig.cmake
[11.470s] -- Installing: /home/abdulrahman/training_ws/src/group4_task/install/maze_interfaces/share/maze_interfaces/cmake/maze_interfacesConfig-version.cmake
[11.470s] -- Installing: /home/abdulrahman/training_ws/src/group4_task/install/maze_interfaces/share/maze_interfaces/package.xml
[11.473s] Invoked command in '/home/abdulrahman/training_ws/src/group4_task/build/maze_interfaces' returned '0': CMAKE_PREFIX_PATH=${CMAKE_PREFIX_PATH}:/opt/ros/jazzy DEBUGINFOD_URLS=https://debuginfod.ubuntu.com /usr/bin/cmake --install /home/abdulrahman/training_ws/src/group4_task/build/maze_interfaces
