[0.000000] (-) TimerEvent: {}
[0.000438] (maze_control) JobQueued: {'identifier': 'maze_control', 'dependencies': OrderedDict()}
[0.001734] (maze_interfaces) JobQueued: {'identifier': 'maze_interfaces', 'dependencies': OrderedDict()}
[0.001812] (maze_solver) JobQueued: {'identifier': 'maze_solver', 'dependencies': OrderedDict()}
[0.001859] (maze_control) JobStarted: {'identifier': 'maze_control'}
[0.012967] (maze_interfaces) JobStarted: {'identifier': 'maze_interfaces'}
[0.018847] (maze_solver) JobStarted: {'identifier': 'maze_solver'}
[0.099658] (-) TimerEvent: {}
[0.200075] (-) TimerEvent: {}
[0.300472] (-) TimerEvent: {}
[0.400895] (-) TimerEvent: {}
[0.501295] (-) TimerEvent: {}
[0.558406] (maze_interfaces) JobProgress: {'identifier': 'maze_interfaces', 'progress': 'cmake'}
[0.560322] (maze_interfaces) JobProgress: {'identifier': 'maze_interfaces', 'progress': 'build'}
[0.561750] (maze_interfaces) Command: {'cmd': ['/usr/bin/cmake', '--build', '/home/abdulrahman/training_ws/src/group4_task/build/maze_interfaces', '--', '-j16', '-l16'], 'cwd': '/home/abdulrahman/training_ws/src/group4_task/build/maze_interfaces', 'env': OrderedDict({'GZ_SIM_RESOURCE_PATH': '/opt/ros/jazzy/share', 'USER': 'abdulrahman', 'GZ_CONFIG_PATH': '/opt/ros/jazzy/opt/gz_sim_vendor/share/gz:/opt/ros/jazzy/opt/sdformat_vendor/share/gz:/opt/ros/jazzy/opt/gz_gui_vendor/share/gz:/opt/ros/jazzy/opt/gz_transport_vendor/share/gz:/opt/ros/jazzy/opt/gz_rendering_vendor/share/gz:/opt/ros/jazzy/opt/gz_plugin_vendor/share/gz:/opt/ros/jazzy/opt/gz_fuel_tools_vendor/share/gz:/opt/ros/jazzy/opt/gz_msgs_vendor/share/gz:/opt/ros/jazzy/opt/gz_common_vendor/share/gz', 'XDG_SESSION_TYPE': 'x11', 'CLUTTER_DISABLE_MIPMAPPED_TEXT': '1', 'SHLVL': '1', 'LD_LIBRARY_PATH': '/home/abdulrahman/training_ws/install/maze_interfaces/lib:/opt/ros/jazzy/opt/gz_sim_vendor/lib:/opt/ros/jazzy/opt/gz_sensors_vendor/lib:/opt/ros/jazzy/opt/gz_physics_vendor/lib:/opt/ros/jazzy/opt/sdformat_vendor/lib:/opt/ros/jazzy/opt/rviz_ogre_vendor/lib:/opt/ros/jazzy/lib/x86_64-linux-gnu:/opt/ros/jazzy/opt/gz_gui_vendor/lib:/opt/ros/jazzy/opt/gz_transport_vendor/lib:/opt/ros/jazzy/opt/gz_rendering_vendor/lib:/opt/ros/jazzy/opt/gz_plugin_vendor/lib:/opt/ros/jazzy/opt/gz_fuel_tools_vendor/lib:/opt/ros/jazzy/opt/gz_msgs_vendor/lib:/opt/ros/jazzy/opt/gz_common_vendor/lib:/opt/ros/jazzy/opt/gz_math_vendor/lib:/opt/ros/jazzy/opt/gz_utils_vendor/lib:/opt/ros/jazzy/opt/gz_tools_vendor/lib:/opt/ros/jazzy/opt/gz_ogre_next_vendor/lib:/opt/ros/jazzy/opt/gz_dartsim_vendor/lib:/opt/ros/jazzy/opt/gz_cmake_vendor/lib:/opt/ros/jazzy/lib', 'HOME': '/home/abdulrahman', 'OLDPWD': '/home/abdulrahman/training_ws/src', 'DESKTOP_SESSION': 'ubuntu', 'ROS_PYTHON_VERSION': '3', 'GNOME_SHELL_SESSION_MODE': 'ubuntu', 'GTK_MODULES': 'gail:atk-bridge', 'SYSTEMD_EXEC_PID': '2607', 'GSM_SKIP_SSH_AGENT_WORKAROUND': 'true', 'DBUS_SESSION_BUS_ADDRESS': 'unix:path=/run/user/1000/bus', 'COLORTERM': 'truecolor', 'DEBUGINFOD_URLS': 'https://debuginfod.ubuntu.com', 'COLCON_PREFIX_PATH': '/home/abdulrahman/training_ws/install', 'ROS_DISTRO': 'jazzy', 'LOGNAME': 'abdulrahman', '_': '/usr/bin/colcon', 'ROS_VERSION': '2', 'MEMORY_PRESSURE_WATCH': '/sys/fs/cgroup/user.slice/user-1000.slice/user@1000.service/session.slice/org.gnome.Shell@x11.service/memory.pressure', 'XDG_SESSION_CLASS': 'user', 'USERNAME': 'abdulrahman', 'TERM': 'xterm-256color', 'GNOME_DESKTOP_SESSION_ID': 'this-is-deprecated', 'WINDOWPATH': '2', 'PATH': '/opt/ros/jazzy/opt/gz_msgs_vendor/bin:/opt/ros/jazzy/opt/gz_tools_vendor/bin:/opt/ros/jazzy/opt/gz_ogre_next_vendor/bin:/opt/ros/jazzy/bin:/usr/local/sbin:/usr/local/bin:/usr/sbin:/usr/bin:/sbin:/bin:/usr/games:/usr/local/games:/snap/bin:/snap/bin', 'SESSION_MANAGER': 'local/AbdulrahmanDevice:@/tmp/.ICE-unix/2575,unix/AbdulrahmanDevice:/tmp/.ICE-unix/2575', 'XDG_MENU_PREFIX': 'gnome-', 'GNOME_TERMINAL_SCREEN': '/org/gnome/Terminal/screen/ecdd15d5_5904_409d_becb_8e787cf5ef21', 'XDG_RUNTIME_DIR': '/run/user/1000', 'DISPLAY': ':1', 'LANG': 'en_US.UTF-8', 'XDG_CURRENT_DESKTOP': 'ubuntu:GNOME', 'XMODIFIERS': '@im=ibus', 'XDG_SESSION_DESKTOP': 'ubuntu', 'XAUTHORITY': '/run/user/1000/gdm/Xauthority', 'GNOME_TERMINAL_SERVICE': ':1.96', 'SSH_AUTH_SOCK': '/run/user/1000/keyring/ssh', 'AMENT_PREFIX_PATH': '/home/abdulrahman/training_ws/install/maze_solver:/home/abdulrahman/training_ws/install/maze_interfaces:/home/abdulrahman/training_ws/install/maze_control:/opt/ros/jazzy', 'SHELL': '/bin/bash', 'QT_ACCESSIBILITY': '1', 'GDMSESSION': 'ubuntu', 'GPG_AGENT_INFO': '/run/user/1000/gnupg/S.gpg-agent:0:1', 'ROS_AUTOMATIC_DISCOVERY_RANGE': 'SUBNET', 'QT_IM_MODULE': 'ibus', 'PWD': '/home/abdulrahman/training_ws/src/group4_task/build/maze_interfaces', 'LC_ALL': 'en_US.UTF-8', 'XDG_CONFIG_DIRS': '/etc/xdg/xdg-ubuntu:/etc/xdg', 'XDG_DATA_DIRS': '/usr/share/ubuntu:/usr/share/gnome:/usr/local/share/:/usr/share/:/var/lib/snapd/desktop', 'PYTHONPATH': '/home/abdulrahman/training_ws/install/maze_solver/lib/python3.12/site-packages:/home/abdulrahman/training_ws/install/maze_interfaces/lib/python3.12/site-packages:/home/abdulrahman/training_ws/install/maze_control/lib/python3.12/site-packages:/opt/ros/jazzy/lib/python3.12/site-packages', 'COLCON': '1', 'MEMORY_PRESSURE_WRITE': 'c29tZSAyMDAwMDAgMjAwMDAwMAA=', 'VTE_VERSION': '7600', 'CMAKE_PREFIX_PATH': '/home/abdulrahman/training_ws/install/maze_interfaces:/opt/ros/jazzy/opt/gz_sim_vendor:/opt/ros/jazzy/opt/gz_sensors_vendor:/opt/ros/jazzy/opt/gz_physics_vendor:/opt/ros/jazzy/opt/sdformat_vendor:/opt/ros/jazzy/opt/gz_gui_vendor:/opt/ros/jazzy/opt/gz_transport_vendor:/opt/ros/jazzy/opt/gz_rendering_vendor:/opt/ros/jazzy/opt/gz_plugin_vendor:/opt/ros/jazzy/opt/gz_fuel_tools_vendor:/opt/ros/jazzy/opt/gz_msgs_vendor:/opt/ros/jazzy/opt/gz_common_vendor:/opt/ros/jazzy/opt/gz_math_vendor:/opt/ros/jazzy/opt/gz_utils_vendor:/opt/ros/jazzy/opt/gz_tools_vendor:/opt/ros/jazzy/opt/gz_ogre_next_vendor:/opt/ros/jazzy/opt/gz_dartsim_vendor:/opt/ros/jazzy/opt/gz_cmake_vendor:/home/abdulrahman/training_ws/install/maze_solver:/home/abdulrahman/training_ws/install/maze_control:/opt/ros/jazzy'}), 'shell': False}
[0.601451] (-) TimerEvent: {}
[0.622925] (maze_interfaces) StdoutLine: {'line': b'-- Found ament_cmake: 2.5.6 (/opt/ros/jazzy/share/ament_cmake/cmake)\n'}
[0.701596] (-) TimerEvent: {}
[0.802015] (-) TimerEvent: {}
[0.873043] (maze_interfaces) StdoutLine: {'line': b'-- Found rosidl_default_generators: 1.6.1 (/opt/ros/jazzy/share/rosidl_default_generators/cmake)\n'}
[0.878279] (maze_interfaces) StdoutLine: {'line': b'-- Using all available rosidl_typesupport_c: rosidl_typesupport_fastrtps_c;rosidl_typesupport_introspection_c\n'}
[0.902151] (-) TimerEvent: {}
[0.939542] (maze_interfaces) StdoutLine: {'line': b'-- Using all available rosidl_typesupport_cpp: rosidl_typesupport_fastrtps_cpp;rosidl_typesupport_introspection_cpp\n'}
[1.002634] (-) TimerEvent: {}
[1.021339] (maze_interfaces) StdoutLine: {'line': b'-- Found rosidl_adapter: 4.6.9 (/opt/ros/jazzy/share/rosidl_adapter/cmake)\n'}
[1.102744] (-) TimerEvent: {}
[1.203166] (-) TimerEvent: {}
[1.303585] (-) TimerEvent: {}
[1.403931] (-) TimerEvent: {}
[1.504216] (-) TimerEvent: {}
[1.604521] (-) TimerEvent: {}
[1.704856] (-) TimerEvent: {}
[1.781194] (maze_interfaces) StdoutLine: {'line': b'-- Found ament_cmake_ros: 0.12.1 (/opt/ros/jazzy/share/ament_cmake_ros/cmake)\n'}
[1.804998] (-) TimerEvent: {}
[1.905405] (-) TimerEvent: {}
[2.005829] (-) TimerEvent: {}
[2.018618] (maze_interfaces) StdoutLine: {'line': b'-- Using all available rosidl_typesupport_c: rosidl_typesupport_fastrtps_c;rosidl_typesupport_introspection_c\n'}
[2.105971] (-) TimerEvent: {}
[2.206318] (-) TimerEvent: {}
[2.306615] (-) TimerEvent: {}
[2.326697] (maze_interfaces) StdoutLine: {'line': b'-- Using all available rosidl_typesupport_cpp: rosidl_typesupport_fastrtps_cpp;rosidl_typesupport_introspection_cpp\n'}
[2.331248] (maze_interfaces) StdoutLine: {'line': b'-- Found python_cmake_module: 0.11.1 (/opt/ros/jazzy/share/python_cmake_module/cmake)\n'}
[2.336826] (maze_control) Command: {'cmd': ['/usr/bin/python3', '-W', 'ignore:setup.py install is deprecated', '-W', 'ignore:easy_install command is deprecated', 'setup.py', 'egg_info', '--egg-base', '../build/maze_control', 'build', '--build-base', '/home/abdulrahman/training_ws/src/group4_task/build/maze_control/build', 'install', '--record', '/home/abdulrahman/training_ws/src/group4_task/build/maze_control/install.log', '--install-scripts', '$base/lib/maze_control', '--single-version-externally-managed', 'install_data'], 'cwd': '/home/abdulrahman/training_ws/src/group4_task/maze_control', 'env': {'GZ_SIM_RESOURCE_PATH': '/opt/ros/jazzy/share', 'USER': 'abdulrahman', 'GZ_CONFIG_PATH': '/opt/ros/jazzy/opt/gz_sim_vendor/share/gz:/opt/ros/jazzy/opt/sdformat_vendor/share/gz:/opt/ros/jazzy/opt/gz_gui_vendor/share/gz:/opt/ros/jazzy/opt/gz_transport_vendor/share/gz:/opt/ros/jazzy/opt/gz_rendering_vendor/share/gz:/opt/ros/jazzy/opt/gz_plugin_vendor/share/gz:/opt/ros/jazzy/opt/gz_fuel_tools_vendor/share/gz:/opt/ros/jazzy/opt/gz_msgs_vendor/share/gz:/opt/ros/jazzy/opt/gz_common_vendor/share/gz', 'XDG_SESSION_TYPE': 'x11', 'CLUTTER_DISABLE_MIPMAPPED_TEXT': '1', 'SHLVL': '1', 'LD_LIBRARY_PATH': '/home/abdulrahman/training_ws/install/maze_interfaces/lib:/opt/ros/jazzy/opt/gz_sim_vendor/lib:/opt/ros/jazzy/opt/gz_sensors_vendor/lib:/opt/ros/jazzy/opt/gz_physics_vendor/lib:/opt/ros/jazzy/opt/sdformat_vendor/lib:/opt/ros/jazzy/opt/rviz_ogre_vendor/lib:/opt/ros/jazzy/lib/x86_64-linux-gnu:/opt/ros/jazzy/opt/gz_gui_vendor/lib:/opt/ros/jazzy/opt/gz_transport_vendor/lib:/opt/ros/jazzy/opt/gz_rendering_vendor/lib:/opt/ros/jazzy/opt/gz_plugin_vendor/lib:/opt/ros/jazzy/opt/gz_fuel_tools_vendor/lib:/opt/ros/jazzy/opt/gz_msgs_vendor/lib:/opt/ros/jazzy/opt/gz_common_vendor/lib:/opt/ros/jazzy/opt/gz_math_vendor/lib:/opt/ros/jazzy/opt/gz_utils_vendor/lib:/opt/ros/jazzy/opt/gz_tools_vendor/lib:/opt/ros/jazzy/opt/gz_ogre_next_vendor/lib:/opt/ros/jazzy/opt/gz_dartsim_vendor/lib:/opt/ros/jazzy/opt/gz_cmake_vendor/lib:/opt/ros/jazzy/lib', 'HOME': '/home/abdulrahman', 'OLDPWD': '/home/abdulrahman/training_ws/src', 'DESKTOP_SESSION': 'ubuntu', 'ROS_PYTHON_VERSION': '3', 'GNOME_SHELL_SESSION_MODE': 'ubuntu', 'GTK_MODULES': 'gail:atk-bridge', 'SYSTEMD_EXEC_PID': '2607', 'GSM_SKIP_SSH_AGENT_WORKAROUND': 'true', 'DBUS_SESSION_BUS_ADDRESS': 'unix:path=/run/user/1000/bus', 'COLORTERM': 'truecolor', 'DEBUGINFOD_URLS': 'https://debuginfod.ubuntu.com', 'COLCON_PREFIX_PATH': '/home/abdulrahman/training_ws/install', 'ROS_DISTRO': 'jazzy', 'LOGNAME': 'abdulrahman', '_': '/usr/bin/colcon', 'ROS_VERSION': '2', 'MEMORY_PRESSURE_WATCH': '/sys/fs/cgroup/user.slice/user-1000.slice/user@1000.service/session.slice/org.gnome.Shell@x11.service/memory.pressure', 'XDG_SESSION_CLASS': 'user', 'USERNAME': 'abdulrahman', 'TERM': 'xterm-256color', 'GNOME_DESKTOP_SESSION_ID': 'this-is-deprecated', 'WINDOWPATH': '2', 'PATH': '/opt/ros/jazzy/opt/gz_msgs_vendor/bin:/opt/ros/jazzy/opt/gz_tools_vendor/bin:/opt/ros/jazzy/opt/gz_ogre_next_vendor/bin:/opt/ros/jazzy/bin:/usr/local/sbin:/usr/local/bin:/usr/sbin:/usr/bin:/sbin:/bin:/usr/games:/usr/local/games:/snap/bin:/snap/bin', 'SESSION_MANAGER': 'local/AbdulrahmanDevice:@/tmp/.ICE-unix/2575,unix/AbdulrahmanDevice:/tmp/.ICE-unix/2575', 'XDG_MENU_PREFIX': 'gnome-', 'GNOME_TERMINAL_SCREEN': '/org/gnome/Terminal/screen/ecdd15d5_5904_409d_becb_8e787cf5ef21', 'XDG_RUNTIME_DIR': '/run/user/1000', 'DISPLAY': ':1', 'LANG': 'en_US.UTF-8', 'XDG_CURRENT_DESKTOP': 'ubuntu:GNOME', 'XMODIFIERS': '@im=ibus', 'XDG_SESSION_DESKTOP': 'ubuntu', 'XAUTHORITY': '/run/user/1000/gdm/Xauthority', 'GNOME_TERMINAL_SERVICE': ':1.96', 'SSH_AUTH_SOCK': '/run/user/1000/keyring/ssh', 'AMENT_PREFIX_PATH': '/home/abdulrahman/training_ws/install/maze_solver:/home/abdulrahman/training_ws/install/maze_interfaces:/home/abdulrahman/training_ws/install/maze_control:/opt/ros/jazzy', 'SHELL': '/bin/bash', 'QT_ACCESSIBILITY': '1', 'GDMSESSION': 'ubuntu', 'GPG_AGENT_INFO': '/run/user/1000/gnupg/S.gpg-agent:0:1', 'ROS_AUTOMATIC_DISCOVERY_RANGE': 'SUBNET', 'QT_IM_MODULE': 'ibus', 'PWD': '/home/abdulrahman/training_ws/src/group4_task/build/maze_control', 'LC_ALL': 'en_US.UTF-8', 'XDG_CONFIG_DIRS': '/etc/xdg/xdg-ubuntu:/etc/xdg', 'XDG_DATA_DIRS': '/usr/share/ubuntu:/usr/share/gnome:/usr/local/share/:/usr/share/:/var/lib/snapd/desktop', 'PYTHONPATH': '/home/abdulrahman/training_ws/src/group4_task/build/maze_control/prefix_override:/usr/lib/python3/dist-packages/colcon_core/task/python/colcon_distutils_commands:/home/abdulrahman/training_ws/src/group4_task/install/maze_control/lib/python3.12/site-packages:/home/abdulrahman/training_ws/install/maze_solver/lib/python3.12/site-packages:/home/abdulrahman/training_ws/install/maze_interfaces/lib/python3.12/site-packages:/home/abdulrahman/training_ws/install/maze_control/lib/python3.12/site-packages:/opt/ros/jazzy/lib/python3.12/site-packages', 'COLCON': '1', 'MEMORY_PRESSURE_WRITE': 'c29tZSAyMDAwMDAgMjAwMDAwMAA=', 'VTE_VERSION': '7600', 'CMAKE_PREFIX_PATH': '/home/abdulrahman/training_ws/install/maze_interfaces:/opt/ros/jazzy/opt/gz_sim_vendor:/opt/ros/jazzy/opt/gz_sensors_vendor:/opt/ros/jazzy/opt/gz_physics_vendor:/opt/ros/jazzy/opt/sdformat_vendor:/opt/ros/jazzy/opt/gz_gui_vendor:/opt/ros/jazzy/opt/gz_transport_vendor:/opt/ros/jazzy/opt/gz_rendering_vendor:/opt/ros/jazzy/opt/gz_plugin_vendor:/opt/ros/jazzy/opt/gz_fuel_tools_vendor:/opt/ros/jazzy/opt/gz_msgs_vendor:/opt/ros/jazzy/opt/gz_common_vendor:/opt/ros/jazzy/opt/gz_math_vendor:/opt/ros/jazzy/opt/gz_utils_vendor:/opt/ros/jazzy/opt/gz_tools_vendor:/opt/ros/jazzy/opt/gz_ogre_next_vendor:/opt/ros/jazzy/opt/gz_dartsim_vendor:/opt/ros/jazzy/opt/gz_cmake_vendor'}, 'shell': False}
[2.406723] (-) TimerEvent: {}
[2.464052] (maze_solver) Command: {'cmd': ['/usr/bin/python3', '-W', 'ignore:setup.py install is deprecated', '-W', 'ignore:easy_install command is deprecated', 'setup.py', 'egg_info', '--egg-base', '../build/maze_solver', 'build', '--build-base', '/home/abdulrahman/training_ws/src/group4_task/build/maze_solver/build', 'install', '--record', '/home/abdulrahman/training_ws/src/group4_task/build/maze_solver/install.log', '--install-scripts', '$base/lib/maze_solver', '--single-version-externally-managed', 'install_data'], 'cwd': '/home/abdulrahman/training_ws/src/group4_task/maze_solver', 'env': {'GZ_SIM_RESOURCE_PATH': '/opt/ros/jazzy/share', 'USER': 'abdulrahman', 'GZ_CONFIG_PATH': '/opt/ros/jazzy/opt/gz_sim_vendor/share/gz:/opt/ros/jazzy/opt/sdformat_vendor/share/gz:/opt/ros/jazzy/opt/gz_gui_vendor/share/gz:/opt/ros/jazzy/opt/gz_transport_vendor/share/gz:/opt/ros/jazzy/opt/gz_rendering_vendor/share/gz:/opt/ros/jazzy/opt/gz_plugin_vendor/share/gz:/opt/ros/jazzy/opt/gz_fuel_tools_vendor/share/gz:/opt/ros/jazzy/opt/gz_msgs_vendor/share/gz:/opt/ros/jazzy/opt/gz_common_vendor/share/gz', 'XDG_SESSION_TYPE': 'x11', 'CLUTTER_DISABLE_MIPMAPPED_TEXT': '1', 'SHLVL': '1', 'LD_LIBRARY_PATH': '/home/abdulrahman/training_ws/install/maze_interfaces/lib:/opt/ros/jazzy/opt/gz_sim_vendor/lib:/opt/ros/jazzy/opt/gz_sensors_vendor/lib:/opt/ros/jazzy/opt/gz_physics_vendor/lib:/opt/ros/jazzy/opt/sdformat_vendor/lib:/opt/ros/jazzy/opt/rviz_ogre_vendor/lib:/opt/ros/jazzy/lib/x86_64-linux-gnu:/opt/ros/jazzy/opt/gz_gui_vendor/lib:/opt/ros/jazzy/opt/gz_transport_vendor/lib:/opt/ros/jazzy/opt/gz_rendering_vendor/lib:/opt/ros/jazzy/opt/gz_plugin_vendor/lib:/opt/ros/jazzy/opt/gz_fuel_tools_vendor/lib:/opt/ros/jazzy/opt/gz_msgs_vendor/lib:/opt/ros/jazzy/opt/gz_common_vendor/lib:/opt/ros/jazzy/opt/gz_math_vendor/lib:/opt/ros/jazzy/opt/gz_utils_vendor/lib:/opt/ros/jazzy/opt/gz_tools_vendor/lib:/opt/ros/jazzy/opt/gz_ogre_next_vendor/lib:/opt/ros/jazzy/opt/gz_dartsim_vendor/lib:/opt/ros/jazzy/opt/gz_cmake_vendor/lib:/opt/ros/jazzy/lib', 'HOME': '/home/abdulrahman', 'OLDPWD': '/home/abdulrahman/training_ws/src', 'DESKTOP_SESSION': 'ubuntu', 'ROS_PYTHON_VERSION': '3', 'GNOME_SHELL_SESSION_MODE': 'ubuntu', 'GTK_MODULES': 'gail:atk-bridge', 'SYSTEMD_EXEC_PID': '2607', 'GSM_SKIP_SSH_AGENT_WORKAROUND': 'true', 'DBUS_SESSION_BUS_ADDRESS': 'unix:path=/run/user/1000/bus', 'COLORTERM': 'truecolor', 'DEBUGINFOD_URLS': 'https://debuginfod.ubuntu.com', 'COLCON_PREFIX_PATH': '/home/abdulrahman/training_ws/install', 'ROS_DISTRO': 'jazzy', 'LOGNAME': 'abdulrahman', '_': '/usr/bin/colcon', 'ROS_VERSION': '2', 'MEMORY_PRESSURE_WATCH': '/sys/fs/cgroup/user.slice/user-1000.slice/user@1000.service/session.slice/org.gnome.Shell@x11.service/memory.pressure', 'XDG_SESSION_CLASS': 'user', 'USERNAME': 'abdulrahman', 'TERM': 'xterm-256color', 'GNOME_DESKTOP_SESSION_ID': 'this-is-deprecated', 'WINDOWPATH': '2', 'PATH': '/opt/ros/jazzy/opt/gz_msgs_vendor/bin:/opt/ros/jazzy/opt/gz_tools_vendor/bin:/opt/ros/jazzy/opt/gz_ogre_next_vendor/bin:/opt/ros/jazzy/bin:/usr/local/sbin:/usr/local/bin:/usr/sbin:/usr/bin:/sbin:/bin:/usr/games:/usr/local/games:/snap/bin:/snap/bin', 'SESSION_MANAGER': 'local/AbdulrahmanDevice:@/tmp/.ICE-unix/2575,unix/AbdulrahmanDevice:/tmp/.ICE-unix/2575', 'XDG_MENU_PREFIX': 'gnome-', 'GNOME_TERMINAL_SCREEN': '/org/gnome/Terminal/screen/ecdd15d5_5904_409d_becb_8e787cf5ef21', 'XDG_RUNTIME_DIR': '/run/user/1000', 'DISPLAY': ':1', 'LANG': 'en_US.UTF-8', 'XDG_CURRENT_DESKTOP': 'ubuntu:GNOME', 'XMODIFIERS': '@im=ibus', 'XDG_SESSION_DESKTOP': 'ubuntu', 'XAUTHORITY': '/run/user/1000/gdm/Xauthority', 'GNOME_TERMINAL_SERVICE': ':1.96', 'SSH_AUTH_SOCK': '/run/user/1000/keyring/ssh', 'AMENT_PREFIX_PATH': '/home/abdulrahman/training_ws/install/maze_solver:/home/abdulrahman/training_ws/install/maze_interfaces:/home/abdulrahman/training_ws/install/maze_control:/opt/ros/jazzy', 'SHELL': '/bin/bash', 'QT_ACCESSIBILITY': '1', 'GDMSESSION': 'ubuntu', 'GPG_AGENT_INFO': '/run/user/1000/gnupg/S.gpg-agent:0:1', 'ROS_AUTOMATIC_DISCOVERY_RANGE': 'SUBNET', 'QT_IM_MODULE': 'ibus', 'PWD': '/home/abdulrahman/training_ws/src/group4_task/build/maze_solver', 'LC_ALL': 'en_US.UTF-8', 'XDG_CONFIG_DIRS': '/etc/xdg/xdg-ubuntu:/etc/xdg', 'XDG_DATA_DIRS': '/usr/share/ubuntu:/usr/share/gnome:/usr/local/share/:/usr/share/:/var/lib/snapd/desktop', 'PYTHONPATH': '/home/abdulrahman/training_ws/src/group4_task/build/maze_solver/prefix_override:/usr/lib/python3/dist-packages/colcon_core/task/python/colcon_distutils_commands:/home/abdulrahman/training_ws/src/group4_task/install/maze_solver/lib/python3.12/site-packages:/home/abdulrahman/training_ws/install/maze_solver/lib/python3.12/site-packages:/home/abdulrahman/training_ws/install/maze_interfaces/lib/python3.12/site-packages:/home/abdulrahman/training_ws/install/maze_control/lib/python3.12/site-packages:/opt/ros/jazzy/lib/python3.12/site-packages', 'COLCON': '1', 'MEMORY_PRESSURE_WRITE': 'c29tZSAyMDAwMDAgMjAwMDAwMAA=', 'VTE_VERSION': '7600', 'CMAKE_PREFIX_PATH': '/home/abdulrahman/training_ws/install/maze_interfaces:/opt/ros/jazzy/opt/gz_sim_vendor:/opt/ros/jazzy/opt/gz_sensors_vendor:/opt/ros/jazzy/opt/gz_physics_vendor:/opt/ros/jazzy/opt/sdformat_vendor:/opt/ros/jazzy/opt/gz_gui_vendor:/opt/ros/jazzy/opt/gz_transport_vendor:/opt/ros/jazzy/opt/gz_rendering_vendor:/opt/ros/jazzy/opt/gz_plugin_vendor:/opt/ros/jazzy/opt/gz_fuel_tools_vendor:/opt/ros/jazzy/opt/gz_msgs_vendor:/opt/ros/jazzy/opt/gz_common_vendor:/opt/ros/jazzy/opt/gz_math_vendor:/opt/ros/jazzy/opt/gz_utils_vendor:/opt/ros/jazzy/opt/gz_tools_vendor:/opt/ros/jazzy/opt/gz_ogre_next_vendor:/opt/ros/jazzy/opt/gz_dartsim_vendor:/opt/ros/jazzy/opt/gz_cmake_vendor'}, 'shell': False}
[2.506884] (-) TimerEvent: {}
[2.607340] (-) TimerEvent: {}
[2.631431] (maze_control) StderrLine: {'line': b'/usr/lib/python3/dist-packages/setuptools/dist.py:744: SetuptoolsDeprecationWarning: Invalid dash-separated options\n'}
[2.631717] (maze_control) StderrLine: {'line': b'!!\n'}
[2.631848] (maze_control) StderrLine: {'line': b'\n'}
[2.631966] (maze_control) StderrLine: {'line': b'        ********************************************************************************\n'}
[2.632063] (maze_control) StderrLine: {'line': b"        Usage of dash-separated 'script-dir' will not be supported in future\n"}
[2.632162] (maze_control) StderrLine: {'line': b"        versions. Please use the underscore name 'script_dir' instead.\n"}
[2.632298] (maze_control) StderrLine: {'line': b'\n'}
[2.632403] (maze_control) StderrLine: {'line': b'        This deprecation is overdue, please update your project and remove deprecated\n'}
[2.632495] (maze_control) StderrLine: {'line': b'        calls to avoid build errors in the future.\n'}
[2.632602] (maze_control) StderrLine: {'line': b'\n'}
[2.632698] (maze_control) StderrLine: {'line': b'        See https://setuptools.pypa.io/en/latest/userguide/declarative_config.html for details.\n'}
[2.632790] (maze_control) StderrLine: {'line': b'        ********************************************************************************\n'}
[2.632881] (maze_control) StderrLine: {'line': b'\n'}
[2.632969] (maze_control) StderrLine: {'line': b'!!\n'}
[2.633058] (maze_control) StderrLine: {'line': b'  opt = self.warn_dash_deprecation(opt, section)\n'}
[2.707492] (-) TimerEvent: {}
[2.807866] (-) TimerEvent: {}
[2.908262] (-) TimerEvent: {}
[2.955187] (maze_interfaces) StdoutLine: {'line': b'-- Found Python3: /usr/bin/python3 (found version "3.12.3") found components: Interpreter Development NumPy Development.Module Development.Embed \n'}
[3.008400] (-) TimerEvent: {}
[3.010663] (maze_control) StdoutLine: {'line': b'running egg_info\n'}
[3.064057] (maze_interfaces) StdoutLine: {'line': b'-- Found Python3: /usr/bin/python3 (found version "3.12.3") found components: Interpreter \n'}
[3.065504] (maze_control) StdoutLine: {'line': b'writing ../build/maze_control/maze_control.egg-info/PKG-INFO\n'}
[3.066112] (maze_control) StdoutLine: {'line': b'writing dependency_links to ../build/maze_control/maze_control.egg-info/dependency_links.txt\n'}
[3.066648] (maze_control) StdoutLine: {'line': b'writing entry points to ../build/maze_control/maze_control.egg-info/entry_points.txt\n'}
[3.067025] (maze_control) StdoutLine: {'line': b'writing requirements to ../build/maze_control/maze_control.egg-info/requires.txt\n'}
[3.067435] (maze_control) StdoutLine: {'line': b'writing top-level names to ../build/maze_control/maze_control.egg-info/top_level.txt\n'}
[3.068158] (maze_interfaces) StdoutLine: {'line': b'-- Found ament_lint_auto: 0.17.5 (/opt/ros/jazzy/share/ament_lint_auto/cmake)\n'}
[3.094901] (maze_interfaces) StdoutLine: {'line': b"-- Added test 'lint_cmake' to check CMake code style\n"}
[3.097063] (maze_interfaces) StdoutLine: {'line': b"-- Added test 'xmllint' to check XML markup files\n"}
[3.101222] (maze_interfaces) StdoutLine: {'line': b'-- Configuring done (2.5s)\n'}
[3.108533] (-) TimerEvent: {}
[3.146203] (maze_solver) StdoutLine: {'line': b'running egg_info\n'}
[3.172490] (maze_control) StdoutLine: {'line': b"reading manifest file '../build/maze_control/maze_control.egg-info/SOURCES.txt'\n"}
[3.174315] (maze_interfaces) StdoutLine: {'line': b'-- Generating done (0.1s)\n'}
[3.174722] (maze_control) StdoutLine: {'line': b"writing manifest file '../build/maze_control/maze_control.egg-info/SOURCES.txt'\n"}
[3.175054] (maze_control) StdoutLine: {'line': b'running build\n'}
[3.175276] (maze_control) StdoutLine: {'line': b'running build_py\n'}
[3.175824] (maze_control) StdoutLine: {'line': b'running install\n'}
[3.189843] (maze_control) StdoutLine: {'line': b'running install_lib\n'}
[3.196781] (maze_interfaces) StdoutLine: {'line': b'-- Build files have been written to: /home/abdulrahman/training_ws/src/group4_task/build/maze_interfaces\n'}
[3.198417] (maze_solver) StdoutLine: {'line': b'writing ../build/maze_solver/maze_solver.egg-info/PKG-INFO\n'}
[3.199032] (maze_solver) StdoutLine: {'line': b'writing dependency_links to ../build/maze_solver/maze_solver.egg-info/dependency_links.txt\n'}
[3.199510] (maze_solver) StdoutLine: {'line': b'writing entry points to ../build/maze_solver/maze_solver.egg-info/entry_points.txt\n'}
[3.199899] (maze_solver) StdoutLine: {'line': b'writing requirements to ../build/maze_solver/maze_solver.egg-info/requires.txt\n'}
[3.200200] (maze_solver) StdoutLine: {'line': b'writing top-level names to ../build/maze_solver/maze_solver.egg-info/top_level.txt\n'}
[3.208612] (-) TimerEvent: {}
[3.244029] (maze_control) StdoutLine: {'line': b'running install_data\n'}
[3.244560] (maze_control) StdoutLine: {'line': b'running install_egg_info\n'}
[3.291323] (maze_interfaces) StdoutLine: {'line': b'[  1%] Built target maze_interfaces__rosidl_generator_type_description\n'}
[3.292014] (maze_interfaces) StdoutLine: {'line': b'[  3%] Built target maze_interfaces__rs\n'}
[3.300832] (maze_control) StdoutLine: {'line': b"removing '/home/abdulrahman/training_ws/src/group4_task/install/maze_control/lib/python3.12/site-packages/maze_control-0.1.0-py3.12.egg-info' (and everything under it)\n"}
[3.301615] (maze_control) StdoutLine: {'line': b'Copying ../build/maze_control/maze_control.egg-info to /home/abdulrahman/training_ws/src/group4_task/install/maze_control/lib/python3.12/site-packages/maze_control-0.1.0-py3.12.egg-info\n'}
[3.302589] (maze_solver) StdoutLine: {'line': b"reading manifest file '../build/maze_solver/maze_solver.egg-info/SOURCES.txt'\n"}
[3.303927] (maze_solver) StdoutLine: {'line': b"writing manifest file '../build/maze_solver/maze_solver.egg-info/SOURCES.txt'\n"}
[3.304168] (maze_solver) StdoutLine: {'line': b'running build\n'}
[3.304413] (maze_solver) StdoutLine: {'line': b'running build_py\n'}
[3.304637] (maze_control) StdoutLine: {'line': b'running install_scripts\n'}
[3.304850] (maze_solver) StdoutLine: {'line': b'copying maze_solver/yaw_action_server.py -> /home/abdulrahman/training_ws/src/group4_task/build/maze_solver/build/lib/maze_solver\n'}
[3.305050] (maze_solver) StdoutLine: {'line': b'copying maze_solver/action_client.py -> /home/abdulrahman/training_ws/src/group4_task/build/maze_solver/build/lib/maze_solver\n'}
[3.305281] (maze_solver) StdoutLine: {'line': b'copying maze_solver/movex_action_server.py -> /home/abdulrahman/training_ws/src/group4_task/build/maze_solver/build/lib/maze_solver\n'}
[3.305590] (maze_solver) StdoutLine: {'line': b'running install\n'}
[3.308697] (-) TimerEvent: {}
[3.309457] (maze_interfaces) StdoutLine: {'line': b'[  3%] Built target ament_cmake_python_copy_maze_interfaces\n'}
[3.314447] (maze_solver) StdoutLine: {'line': b'running install_lib\n'}
[3.334464] (maze_interfaces) StdoutLine: {'line': b'[  5%] Built target maze_interfaces__cpp\n'}
[3.348492] (maze_interfaces) StdoutLine: {'line': b'[ 25%] Built target maze_interfaces__rosidl_generator_c\n'}
[3.355415] (maze_solver) StdoutLine: {'line': b'copying /home/abdulrahman/training_ws/src/group4_task/build/maze_solver/build/lib/maze_solver/yaw_action_server.py -> /home/abdulrahman/training_ws/src/group4_task/install/maze_solver/lib/python3.12/site-packages/maze_solver\n'}
[3.355924] (maze_solver) StdoutLine: {'line': b'copying /home/abdulrahman/training_ws/src/group4_task/build/maze_solver/build/lib/maze_solver/action_client.py -> /home/abdulrahman/training_ws/src/group4_task/install/maze_solver/lib/python3.12/site-packages/maze_solver\n'}
[3.356330] (maze_solver) StdoutLine: {'line': b'copying /home/abdulrahman/training_ws/src/group4_task/build/maze_solver/build/lib/maze_solver/movex_action_server.py -> /home/abdulrahman/training_ws/src/group4_task/install/maze_solver/lib/python3.12/site-packages/maze_solver\n'}
[3.357422] (maze_solver) StdoutLine: {'line': b'byte-compiling /home/abdulrahman/training_ws/src/group4_task/install/maze_solver/lib/python3.12/site-packages/maze_solver/yaw_action_server.py to yaw_action_server.cpython-312.pyc\n'}
[3.360089] (maze_solver) StdoutLine: {'line': b'byte-compiling /home/abdulrahman/training_ws/src/group4_task/install/maze_solver/lib/python3.12/site-packages/maze_solver/action_client.py to action_client.cpython-312.pyc\n'}
[3.361908] (maze_solver) StdoutLine: {'line': b'byte-compiling /home/abdulrahman/training_ws/src/group4_task/install/maze_solver/lib/python3.12/site-packages/maze_solver/movex_action_server.py to movex_action_server.cpython-312.pyc\n'}
[3.363640] (maze_solver) StdoutLine: {'line': b'running install_data\n'}
[3.363979] (maze_solver) StdoutLine: {'line': b'running install_egg_info\n'}
[3.398214] (maze_interfaces) StdoutLine: {'line': b'[ 34%] Built target maze_interfaces__rosidl_typesupport_c\n'}
[3.399506] (maze_interfaces) StdoutLine: {'line': b'[ 43%] Built target maze_interfaces__rosidl_typesupport_introspection_cpp\n'}
[3.400865] (maze_interfaces) StdoutLine: {'line': b'[ 52%] Built target maze_interfaces__rosidl_typesupport_cpp\n'}
[3.402327] (maze_interfaces) StdoutLine: {'line': b'[ 61%] Built target maze_interfaces__rosidl_typesupport_fastrtps_c\n'}
[3.403905] (maze_solver) StdoutLine: {'line': b"removing '/home/abdulrahman/training_ws/src/group4_task/install/maze_solver/lib/python3.12/site-packages/maze_solver-0.0.0-py3.12.egg-info' (and everything under it)\n"}
[3.404529] (maze_solver) StdoutLine: {'line': b'Copying ../build/maze_solver/maze_solver.egg-info to /home/abdulrahman/training_ws/src/group4_task/install/maze_solver/lib/python3.12/site-packages/maze_solver-0.0.0-py3.12.egg-info\n'}
[3.406190] (maze_solver) StdoutLine: {'line': b'running install_scripts\n'}
[3.408803] (-) TimerEvent: {}
[3.414937] (maze_interfaces) StdoutLine: {'line': b'[ 70%] Built target maze_interfaces__rosidl_typesupport_introspection_c\n'}
[3.433736] (maze_interfaces) StdoutLine: {'line': b'[ 80%] Built target maze_interfaces__rosidl_typesupport_fastrtps_cpp\n'}
[3.474850] (maze_interfaces) StdoutLine: {'line': b'[ 80%] Built target maze_interfaces\n'}
[3.508945] (-) TimerEvent: {}
[3.519909] (maze_interfaces) StdoutLine: {'line': b'[ 81%] Built target maze_interfaces__py\n'}
[3.577098] (maze_interfaces) StdoutLine: {'line': b'[ 89%] Built target maze_interfaces__rosidl_generator_py\n'}
[3.609072] (-) TimerEvent: {}
[3.623385] (maze_interfaces) StdoutLine: {'line': b'[ 92%] Built target maze_interfaces_s__rosidl_typesupport_c\n'}
[3.625854] (maze_interfaces) StdoutLine: {'line': b'[ 96%] Built target maze_interfaces_s__rosidl_typesupport_introspection_c\n'}
[3.639338] (maze_control) StdoutLine: {'line': b'Installing maze_timer_node script to /home/abdulrahman/training_ws/src/group4_task/install/maze_control/lib/maze_control\n'}
[3.639743] (maze_control) StdoutLine: {'line': b'Installing wall_retraction_service script to /home/abdulrahman/training_ws/src/group4_task/install/maze_control/lib/maze_control\n'}
[3.640211] (maze_control) StdoutLine: {'line': b"writing list of installed files to '/home/abdulrahman/training_ws/src/group4_task/build/maze_control/install.log'\n"}
[3.641099] (maze_interfaces) StdoutLine: {'line': b'[100%] Built target maze_interfaces_s__rosidl_typesupport_fastrtps_c\n'}
[3.643489] (maze_solver) StdoutLine: {'line': b'Installing action script to /home/abdulrahman/training_ws/src/group4_task/install/maze_solver/lib/maze_solver\n'}
[3.643865] (maze_solver) StdoutLine: {'line': b'Installing move_x_action_server script to /home/abdulrahman/training_ws/src/group4_task/install/maze_solver/lib/maze_solver\n'}
[3.644122] (maze_solver) StdoutLine: {'line': b'Installing move_yaw_action_server script to /home/abdulrahman/training_ws/src/group4_task/install/maze_solver/lib/maze_solver\n'}
[3.644596] (maze_solver) StdoutLine: {'line': b"writing list of installed files to '/home/abdulrahman/training_ws/src/group4_task/build/maze_solver/install.log'\n"}
[3.694199] (maze_solver) CommandEnded: {'returncode': 0}
[3.708005] (maze_solver) JobEnded: {'identifier': 'maze_solver', 'rc': 0}
[3.709212] (-) TimerEvent: {}
[3.709446] (maze_control) CommandEnded: {'returncode': 0}
[3.717981] (maze_control) JobEnded: {'identifier': 'maze_control', 'rc': 0}
[3.749183] (maze_interfaces) StdoutLine: {'line': b'running egg_info\n'}
[3.784082] (maze_interfaces) StdoutLine: {'line': b'writing maze_interfaces.egg-info/PKG-INFO\n'}
[3.784581] (maze_interfaces) StdoutLine: {'line': b'writing dependency_links to maze_interfaces.egg-info/dependency_links.txt\n'}
[3.784899] (maze_interfaces) StdoutLine: {'line': b'writing top-level names to maze_interfaces.egg-info/top_level.txt\n'}
[3.809333] (-) TimerEvent: {}
[3.893959] (maze_interfaces) StdoutLine: {'line': b"reading manifest file 'maze_interfaces.egg-info/SOURCES.txt'\n"}
[3.896359] (maze_interfaces) StdoutLine: {'line': b"writing manifest file 'maze_interfaces.egg-info/SOURCES.txt'\n"}
[3.909485] (-) TimerEvent: {}
[3.949054] (maze_interfaces) StdoutLine: {'line': b'[100%] Built target ament_cmake_python_build_maze_interfaces_egg\n'}
[3.981294] (maze_interfaces) CommandEnded: {'returncode': 0}
[3.982761] (maze_interfaces) JobProgress: {'identifier': 'maze_interfaces', 'progress': 'install'}
[4.005811] (maze_interfaces) Command: {'cmd': ['/usr/bin/cmake', '--install', '/home/abdulrahman/training_ws/src/group4_task/build/maze_interfaces'], 'cwd': '/home/abdulrahman/training_ws/src/group4_task/build/maze_interfaces', 'env': OrderedDict({'GZ_SIM_RESOURCE_PATH': '/opt/ros/jazzy/share', 'USER': 'abdulrahman', 'GZ_CONFIG_PATH': '/opt/ros/jazzy/opt/gz_sim_vendor/share/gz:/opt/ros/jazzy/opt/sdformat_vendor/share/gz:/opt/ros/jazzy/opt/gz_gui_vendor/share/gz:/opt/ros/jazzy/opt/gz_transport_vendor/share/gz:/opt/ros/jazzy/opt/gz_rendering_vendor/share/gz:/opt/ros/jazzy/opt/gz_plugin_vendor/share/gz:/opt/ros/jazzy/opt/gz_fuel_tools_vendor/share/gz:/opt/ros/jazzy/opt/gz_msgs_vendor/share/gz:/opt/ros/jazzy/opt/gz_common_vendor/share/gz', 'XDG_SESSION_TYPE': 'x11', 'CLUTTER_DISABLE_MIPMAPPED_TEXT': '1', 'SHLVL': '1', 'LD_LIBRARY_PATH': '/home/abdulrahman/training_ws/install/maze_interfaces/lib:/opt/ros/jazzy/opt/gz_sim_vendor/lib:/opt/ros/jazzy/opt/gz_sensors_vendor/lib:/opt/ros/jazzy/opt/gz_physics_vendor/lib:/opt/ros/jazzy/opt/sdformat_vendor/lib:/opt/ros/jazzy/opt/rviz_ogre_vendor/lib:/opt/ros/jazzy/lib/x86_64-linux-gnu:/opt/ros/jazzy/opt/gz_gui_vendor/lib:/opt/ros/jazzy/opt/gz_transport_vendor/lib:/opt/ros/jazzy/opt/gz_rendering_vendor/lib:/opt/ros/jazzy/opt/gz_plugin_vendor/lib:/opt/ros/jazzy/opt/gz_fuel_tools_vendor/lib:/opt/ros/jazzy/opt/gz_msgs_vendor/lib:/opt/ros/jazzy/opt/gz_common_vendor/lib:/opt/ros/jazzy/opt/gz_math_vendor/lib:/opt/ros/jazzy/opt/gz_utils_vendor/lib:/opt/ros/jazzy/opt/gz_tools_vendor/lib:/opt/ros/jazzy/opt/gz_ogre_next_vendor/lib:/opt/ros/jazzy/opt/gz_dartsim_vendor/lib:/opt/ros/jazzy/opt/gz_cmake_vendor/lib:/opt/ros/jazzy/lib', 'HOME': '/home/abdulrahman', 'OLDPWD': '/home/abdulrahman/training_ws/src', 'DESKTOP_SESSION': 'ubuntu', 'ROS_PYTHON_VERSION': '3', 'GNOME_SHELL_SESSION_MODE': 'ubuntu', 'GTK_MODULES': 'gail:atk-bridge', 'SYSTEMD_EXEC_PID': '2607', 'GSM_SKIP_SSH_AGENT_WORKAROUND': 'true', 'DBUS_SESSION_BUS_ADDRESS': 'unix:path=/run/user/1000/bus', 'COLORTERM': 'truecolor', 'DEBUGINFOD_URLS': 'https://debuginfod.ubuntu.com', 'COLCON_PREFIX_PATH': '/home/abdulrahman/training_ws/install', 'ROS_DISTRO': 'jazzy', 'LOGNAME': 'abdulrahman', '_': '/usr/bin/colcon', 'ROS_VERSION': '2', 'MEMORY_PRESSURE_WATCH': '/sys/fs/cgroup/user.slice/user-1000.slice/user@1000.service/session.slice/org.gnome.Shell@x11.service/memory.pressure', 'XDG_SESSION_CLASS': 'user', 'USERNAME': 'abdulrahman', 'TERM': 'xterm-256color', 'GNOME_DESKTOP_SESSION_ID': 'this-is-deprecated', 'WINDOWPATH': '2', 'PATH': '/opt/ros/jazzy/opt/gz_msgs_vendor/bin:/opt/ros/jazzy/opt/gz_tools_vendor/bin:/opt/ros/jazzy/opt/gz_ogre_next_vendor/bin:/opt/ros/jazzy/bin:/usr/local/sbin:/usr/local/bin:/usr/sbin:/usr/bin:/sbin:/bin:/usr/games:/usr/local/games:/snap/bin:/snap/bin', 'SESSION_MANAGER': 'local/AbdulrahmanDevice:@/tmp/.ICE-unix/2575,unix/AbdulrahmanDevice:/tmp/.ICE-unix/2575', 'XDG_MENU_PREFIX': 'gnome-', 'GNOME_TERMINAL_SCREEN': '/org/gnome/Terminal/screen/ecdd15d5_5904_409d_becb_8e787cf5ef21', 'XDG_RUNTIME_DIR': '/run/user/1000', 'DISPLAY': ':1', 'LANG': 'en_US.UTF-8', 'XDG_CURRENT_DESKTOP': 'ubuntu:GNOME', 'XMODIFIERS': '@im=ibus', 'XDG_SESSION_DESKTOP': 'ubuntu', 'XAUTHORITY': '/run/user/1000/gdm/Xauthority', 'GNOME_TERMINAL_SERVICE': ':1.96', 'SSH_AUTH_SOCK': '/run/user/1000/keyring/ssh', 'AMENT_PREFIX_PATH': '/home/abdulrahman/training_ws/install/maze_solver:/home/abdulrahman/training_ws/install/maze_interfaces:/home/abdulrahman/training_ws/install/maze_control:/opt/ros/jazzy', 'SHELL': '/bin/bash', 'QT_ACCESSIBILITY': '1', 'GDMSESSION': 'ubuntu', 'GPG_AGENT_INFO': '/run/user/1000/gnupg/S.gpg-agent:0:1', 'ROS_AUTOMATIC_DISCOVERY_RANGE': 'SUBNET', 'QT_IM_MODULE': 'ibus', 'PWD': '/home/abdulrahman/training_ws/src/group4_task/build/maze_interfaces', 'LC_ALL': 'en_US.UTF-8', 'XDG_CONFIG_DIRS': '/etc/xdg/xdg-ubuntu:/etc/xdg', 'XDG_DATA_DIRS': '/usr/share/ubuntu:/usr/share/gnome:/usr/local/share/:/usr/share/:/var/lib/snapd/desktop', 'PYTHONPATH': '/home/abdulrahman/training_ws/install/maze_solver/lib/python3.12/site-packages:/home/abdulrahman/training_ws/install/maze_interfaces/lib/python3.12/site-packages:/home/abdulrahman/training_ws/install/maze_control/lib/python3.12/site-packages:/opt/ros/jazzy/lib/python3.12/site-packages', 'COLCON': '1', 'MEMORY_PRESSURE_WRITE': 'c29tZSAyMDAwMDAgMjAwMDAwMAA=', 'VTE_VERSION': '7600', 'CMAKE_PREFIX_PATH': '/home/abdulrahman/training_ws/install/maze_interfaces:/opt/ros/jazzy/opt/gz_sim_vendor:/opt/ros/jazzy/opt/gz_sensors_vendor:/opt/ros/jazzy/opt/gz_physics_vendor:/opt/ros/jazzy/opt/sdformat_vendor:/opt/ros/jazzy/opt/gz_gui_vendor:/opt/ros/jazzy/opt/gz_transport_vendor:/opt/ros/jazzy/opt/gz_rendering_vendor:/opt/ros/jazzy/opt/gz_plugin_vendor:/opt/ros/jazzy/opt/gz_fuel_tools_vendor:/opt/ros/jazzy/opt/gz_msgs_vendor:/opt/ros/jazzy/opt/gz_common_vendor:/opt/ros/jazzy/opt/gz_math_vendor:/opt/ros/jazzy/opt/gz_utils_vendor:/opt/ros/jazzy/opt/gz_tools_vendor:/opt/ros/jazzy/opt/gz_ogre_next_vendor:/opt/ros/jazzy/opt/gz_dartsim_vendor:/opt/ros/jazzy/opt/gz_cmake_vendor:/home/abdulrahman/training_ws/install/maze_solver:/home/abdulrahman/training_ws/install/maze_control:/opt/ros/jazzy'}), 'shell': False}
[4.009620] (-) TimerEvent: {}
[4.020719] (maze_interfaces) StdoutLine: {'line': b'-- Install configuration: ""\n'}
[4.021264] (maze_interfaces) StdoutLine: {'line': b'-- Up-to-date: /home/abdulrahman/training_ws/src/group4_task/install/maze_interfaces/share/ament_index/resource_index/rosidl_interfaces/maze_interfaces\n'}
[4.021666] (maze_interfaces) StdoutLine: {'line': b'-- Up-to-date: /home/abdulrahman/training_ws/src/group4_task/install/maze_interfaces/share/maze_interfaces/action/MoveX.json\n'}
[4.021966] (maze_interfaces) StdoutLine: {'line': b'-- Up-to-date: /home/abdulrahman/training_ws/src/group4_task/install/maze_interfaces/share/maze_interfaces/action/Yaw.json\n'}
[4.022368] (maze_interfaces) StdoutLine: {'line': b'-- Up-to-date: /home/abdulrahman/training_ws/src/group4_task/install/maze_interfaces/share/maze_interfaces/srv/Error.json\n'}
[4.022544] (maze_interfaces) StdoutLine: {'line': b'-- Up-to-date: /home/abdulrahman/training_ws/src/group4_task/install/maze_interfaces/include/maze_interfaces/maze_interfaces\n'}
[4.022663] (maze_interfaces) StdoutLine: {'line': b'-- Up-to-date: /home/abdulrahman/training_ws/src/group4_task/install/maze_interfaces/include/maze_interfaces/maze_interfaces/action\n'}
[4.022772] (maze_interfaces) StdoutLine: {'line': b'-- Up-to-date: /home/abdulrahman/training_ws/src/group4_task/install/maze_interfaces/include/maze_interfaces/maze_interfaces/action/detail\n'}
[4.022875] (maze_interfaces) StdoutLine: {'line': b'-- Up-to-date: /home/abdulrahman/training_ws/src/group4_task/install/maze_interfaces/include/maze_interfaces/maze_interfaces/action/detail/yaw__description.c\n'}
[4.022978] (maze_interfaces) StdoutLine: {'line': b'-- Up-to-date: /home/abdulrahman/training_ws/src/group4_task/install/maze_interfaces/include/maze_interfaces/maze_interfaces/action/detail/move_x__type_support.h\n'}
[4.023081] (maze_interfaces) StdoutLine: {'line': b'-- Up-to-date: /home/abdulrahman/training_ws/src/group4_task/install/maze_interfaces/include/maze_interfaces/maze_interfaces/action/detail/yaw__struct.h\n'}
[4.023206] (maze_interfaces) StdoutLine: {'line': b'-- Up-to-date: /home/abdulrahman/training_ws/src/group4_task/install/maze_interfaces/include/maze_interfaces/maze_interfaces/action/detail/move_x__functions.c\n'}
[4.023421] (maze_interfaces) StdoutLine: {'line': b'-- Up-to-date: /home/abdulrahman/training_ws/src/group4_task/install/maze_interfaces/include/maze_interfaces/maze_interfaces/action/detail/move_x__description.c\n'}
[4.023548] (maze_interfaces) StdoutLine: {'line': b'-- Up-to-date: /home/abdulrahman/training_ws/src/group4_task/install/maze_interfaces/include/maze_interfaces/maze_interfaces/action/detail/yaw__functions.c\n'}
[4.023659] (maze_interfaces) StdoutLine: {'line': b'-- Up-to-date: /home/abdulrahman/training_ws/src/group4_task/install/maze_interfaces/include/maze_interfaces/maze_interfaces/action/detail/yaw__functions.h\n'}
[4.023763] (maze_interfaces) StdoutLine: {'line': b'-- Up-to-date: /home/abdulrahman/training_ws/src/group4_task/install/maze_interfaces/include/maze_interfaces/maze_interfaces/action/detail/yaw__type_support.c\n'}
[4.023885] (maze_interfaces) StdoutLine: {'line': b'-- Up-to-date: /home/abdulrahman/training_ws/src/group4_task/install/maze_interfaces/include/maze_interfaces/maze_interfaces/action/detail/move_x__functions.h\n'}
[4.023987] (maze_interfaces) StdoutLine: {'line': b'-- Up-to-date: /home/abdulrahman/training_ws/src/group4_task/install/maze_interfaces/include/maze_interfaces/maze_interfaces/action/detail/move_x__struct.h\n'}
[4.024110] (maze_interfaces) StdoutLine: {'line': b'-- Up-to-date: /home/abdulrahman/training_ws/src/group4_task/install/maze_interfaces/include/maze_interfaces/maze_interfaces/action/detail/yaw__type_support.h\n'}
[4.024221] (maze_interfaces) StdoutLine: {'line': b'-- Up-to-date: /home/abdulrahman/training_ws/src/group4_task/install/maze_interfaces/include/maze_interfaces/maze_interfaces/action/detail/move_x__type_support.c\n'}
[4.024343] (maze_interfaces) StdoutLine: {'line': b'-- Up-to-date: /home/abdulrahman/training_ws/src/group4_task/install/maze_interfaces/include/maze_interfaces/maze_interfaces/action/yaw.h\n'}
[4.024442] (maze_interfaces) StdoutLine: {'line': b'-- Up-to-date: /home/abdulrahman/training_ws/src/group4_task/install/maze_interfaces/include/maze_interfaces/maze_interfaces/action/move_x.h\n'}
[4.024535] (maze_interfaces) StdoutLine: {'line': b'-- Up-to-date: /home/abdulrahman/training_ws/src/group4_task/install/maze_interfaces/include/maze_interfaces/maze_interfaces/msg\n'}
[4.024630] (maze_interfaces) StdoutLine: {'line': b'-- Up-to-date: /home/abdulrahman/training_ws/src/group4_task/install/maze_interfaces/include/maze_interfaces/maze_interfaces/msg/rosidl_generator_c__visibility_control.h\n'}
[4.024741] (maze_interfaces) StdoutLine: {'line': b'-- Up-to-date: /home/abdulrahman/training_ws/src/group4_task/install/maze_interfaces/include/maze_interfaces/maze_interfaces/srv\n'}
[4.024844] (maze_interfaces) StdoutLine: {'line': b'-- Up-to-date: /home/abdulrahman/training_ws/src/group4_task/install/maze_interfaces/include/maze_interfaces/maze_interfaces/srv/detail\n'}
[4.024989] (maze_interfaces) StdoutLine: {'line': b'-- Up-to-date: /home/abdulrahman/training_ws/src/group4_task/install/maze_interfaces/include/maze_interfaces/maze_interfaces/srv/detail/error__type_support.h\n'}
[4.025102] (maze_interfaces) StdoutLine: {'line': b'-- Up-to-date: /home/abdulrahman/training_ws/src/group4_task/install/maze_interfaces/include/maze_interfaces/maze_interfaces/srv/detail/error__struct.h\n'}
[4.025206] (maze_interfaces) StdoutLine: {'line': b'-- Up-to-date: /home/abdulrahman/training_ws/src/group4_task/install/maze_interfaces/include/maze_interfaces/maze_interfaces/srv/detail/error__type_support.c\n'}
[4.025382] (maze_interfaces) StdoutLine: {'line': b'-- Up-to-date: /home/abdulrahman/training_ws/src/group4_task/install/maze_interfaces/include/maze_interfaces/maze_interfaces/srv/detail/error__functions.c\n'}
[4.025488] (maze_interfaces) StdoutLine: {'line': b'-- Up-to-date: /home/abdulrahman/training_ws/src/group4_task/install/maze_interfaces/include/maze_interfaces/maze_interfaces/srv/detail/error__description.c\n'}
[4.025591] (maze_interfaces) StdoutLine: {'line': b'-- Up-to-date: /home/abdulrahman/training_ws/src/group4_task/install/maze_interfaces/include/maze_interfaces/maze_interfaces/srv/detail/error__functions.h\n'}
[4.025693] (maze_interfaces) StdoutLine: {'line': b'-- Up-to-date: /home/abdulrahman/training_ws/src/group4_task/install/maze_interfaces/include/maze_interfaces/maze_interfaces/srv/error.h\n'}
[4.025794] (maze_interfaces) StdoutLine: {'line': b'-- Up-to-date: /home/abdulrahman/training_ws/src/group4_task/install/maze_interfaces/share/maze_interfaces/environment/library_path.sh\n'}
[4.025895] (maze_interfaces) StdoutLine: {'line': b'-- Up-to-date: /home/abdulrahman/training_ws/src/group4_task/install/maze_interfaces/share/maze_interfaces/environment/library_path.dsv\n'}
[4.025996] (maze_interfaces) StdoutLine: {'line': b'-- Up-to-date: /home/abdulrahman/training_ws/src/group4_task/install/maze_interfaces/lib/libmaze_interfaces__rosidl_generator_c.so\n'}
[4.026192] (maze_interfaces) StdoutLine: {'line': b'-- Up-to-date: /home/abdulrahman/training_ws/src/group4_task/install/maze_interfaces/include/maze_interfaces/maze_interfaces\n'}
[4.026312] (maze_interfaces) StdoutLine: {'line': b'-- Up-to-date: /home/abdulrahman/training_ws/src/group4_task/install/maze_interfaces/include/maze_interfaces/maze_interfaces/action\n'}
[4.026426] (maze_interfaces) StdoutLine: {'line': b'-- Up-to-date: /home/abdulrahman/training_ws/src/group4_task/install/maze_interfaces/include/maze_interfaces/maze_interfaces/action/detail\n'}
[4.026521] (maze_interfaces) StdoutLine: {'line': b'-- Up-to-date: /home/abdulrahman/training_ws/src/group4_task/install/maze_interfaces/include/maze_interfaces/maze_interfaces/action/detail/move_x__rosidl_typesupport_fastrtps_c.h\n'}
[4.026623] (maze_interfaces) StdoutLine: {'line': b'-- Up-to-date: /home/abdulrahman/training_ws/src/group4_task/install/maze_interfaces/include/maze_interfaces/maze_interfaces/action/detail/yaw__rosidl_typesupport_fastrtps_c.h\n'}
[4.026725] (maze_interfaces) StdoutLine: {'line': b'-- Up-to-date: /home/abdulrahman/training_ws/src/group4_task/install/maze_interfaces/include/maze_interfaces/maze_interfaces/msg\n'}
[4.026828] (maze_interfaces) StdoutLine: {'line': b'-- Up-to-date: /home/abdulrahman/training_ws/src/group4_task/install/maze_interfaces/include/maze_interfaces/maze_interfaces/msg/rosidl_typesupport_fastrtps_c__visibility_control.h\n'}
[4.026937] (maze_interfaces) StdoutLine: {'line': b'-- Up-to-date: /home/abdulrahman/training_ws/src/group4_task/install/maze_interfaces/include/maze_interfaces/maze_interfaces/srv\n'}
[4.027046] (maze_interfaces) StdoutLine: {'line': b'-- Up-to-date: /home/abdulrahman/training_ws/src/group4_task/install/maze_interfaces/include/maze_interfaces/maze_interfaces/srv/detail\n'}
[4.027148] (maze_interfaces) StdoutLine: {'line': b'-- Up-to-date: /home/abdulrahman/training_ws/src/group4_task/install/maze_interfaces/include/maze_interfaces/maze_interfaces/srv/detail/error__rosidl_typesupport_fastrtps_c.h\n'}
[4.027404] (maze_interfaces) StdoutLine: {'line': b'-- Up-to-date: /home/abdulrahman/training_ws/src/group4_task/install/maze_interfaces/lib/libmaze_interfaces__rosidl_typesupport_fastrtps_c.so\n'}
[4.027525] (maze_interfaces) StdoutLine: {'line': b'-- Up-to-date: /home/abdulrahman/training_ws/src/group4_task/install/maze_interfaces/include/maze_interfaces/maze_interfaces\n'}
[4.027632] (maze_interfaces) StdoutLine: {'line': b'-- Up-to-date: /home/abdulrahman/training_ws/src/group4_task/install/maze_interfaces/include/maze_interfaces/maze_interfaces/action\n'}
[4.027736] (maze_interfaces) StdoutLine: {'line': b'-- Up-to-date: /home/abdulrahman/training_ws/src/group4_task/install/maze_interfaces/include/maze_interfaces/maze_interfaces/action/detail\n'}
[4.027837] (maze_interfaces) StdoutLine: {'line': b'-- Up-to-date: /home/abdulrahman/training_ws/src/group4_task/install/maze_interfaces/include/maze_interfaces/maze_interfaces/action/detail/yaw__rosidl_typesupport_introspection_c.h\n'}
[4.027959] (maze_interfaces) StdoutLine: {'line': b'-- Up-to-date: /home/abdulrahman/training_ws/src/group4_task/install/maze_interfaces/include/maze_interfaces/maze_interfaces/action/detail/move_x__rosidl_typesupport_introspection_c.h\n'}
[4.028137] (maze_interfaces) StdoutLine: {'line': b'-- Up-to-date: /home/abdulrahman/training_ws/src/group4_task/install/maze_interfaces/include/maze_interfaces/maze_interfaces/action/detail/yaw__type_support.c\n'}
[4.028270] (maze_interfaces) StdoutLine: {'line': b'-- Up-to-date: /home/abdulrahman/training_ws/src/group4_task/install/maze_interfaces/include/maze_interfaces/maze_interfaces/action/detail/move_x__type_support.c\n'}
[4.028423] (maze_interfaces) StdoutLine: {'line': b'-- Up-to-date: /home/abdulrahman/training_ws/src/group4_task/install/maze_interfaces/include/maze_interfaces/maze_interfaces/msg\n'}
[4.028535] (maze_interfaces) StdoutLine: {'line': b'-- Up-to-date: /home/abdulrahman/training_ws/src/group4_task/install/maze_interfaces/include/maze_interfaces/maze_interfaces/msg/rosidl_typesupport_introspection_c__visibility_control.h\n'}
[4.028632] (maze_interfaces) StdoutLine: {'line': b'-- Up-to-date: /home/abdulrahman/training_ws/src/group4_task/install/maze_interfaces/include/maze_interfaces/maze_interfaces/srv\n'}
[4.028732] (maze_interfaces) StdoutLine: {'line': b'-- Up-to-date: /home/abdulrahman/training_ws/src/group4_task/install/maze_interfaces/include/maze_interfaces/maze_interfaces/srv/detail\n'}
[4.028828] (maze_interfaces) StdoutLine: {'line': b'-- Up-to-date: /home/abdulrahman/training_ws/src/group4_task/install/maze_interfaces/include/maze_interfaces/maze_interfaces/srv/detail/error__type_support.c\n'}
[4.028923] (maze_interfaces) StdoutLine: {'line': b'-- Up-to-date: /home/abdulrahman/training_ws/src/group4_task/install/maze_interfaces/include/maze_interfaces/maze_interfaces/srv/detail/error__rosidl_typesupport_introspection_c.h\n'}
[4.029019] (maze_interfaces) StdoutLine: {'line': b'-- Up-to-date: /home/abdulrahman/training_ws/src/group4_task/install/maze_interfaces/lib/libmaze_interfaces__rosidl_typesupport_introspection_c.so\n'}
[4.029159] (maze_interfaces) StdoutLine: {'line': b'-- Up-to-date: /home/abdulrahman/training_ws/src/group4_task/install/maze_interfaces/lib/libmaze_interfaces__rosidl_typesupport_c.so\n'}
[4.029432] (maze_interfaces) StdoutLine: {'line': b'-- Up-to-date: /home/abdulrahman/training_ws/src/group4_task/install/maze_interfaces/include/maze_interfaces/maze_interfaces\n'}
[4.029601] (maze_interfaces) StdoutLine: {'line': b'-- Up-to-date: /home/abdulrahman/training_ws/src/group4_task/install/maze_interfaces/include/maze_interfaces/maze_interfaces/action\n'}
[4.029751] (maze_interfaces) StdoutLine: {'line': b'-- Up-to-date: /home/abdulrahman/training_ws/src/group4_task/install/maze_interfaces/include/maze_interfaces/maze_interfaces/action/yaw.hpp\n'}
[4.029985] (maze_interfaces) StdoutLine: {'line': b'-- Up-to-date: /home/abdulrahman/training_ws/src/group4_task/install/maze_interfaces/include/maze_interfaces/maze_interfaces/action/detail\n'}
[4.030105] (maze_interfaces) StdoutLine: {'line': b'-- Up-to-date: /home/abdulrahman/training_ws/src/group4_task/install/maze_interfaces/include/maze_interfaces/maze_interfaces/action/detail/move_x__traits.hpp\n'}
[4.030212] (maze_interfaces) StdoutLine: {'line': b'-- Up-to-date: /home/abdulrahman/training_ws/src/group4_task/install/maze_interfaces/include/maze_interfaces/maze_interfaces/action/detail/yaw__struct.hpp\n'}
[4.030340] (maze_interfaces) StdoutLine: {'line': b'-- Up-to-date: /home/abdulrahman/training_ws/src/group4_task/install/maze_interfaces/include/maze_interfaces/maze_interfaces/action/detail/move_x__builder.hpp\n'}
[4.030445] (maze_interfaces) StdoutLine: {'line': b'-- Up-to-date: /home/abdulrahman/training_ws/src/group4_task/install/maze_interfaces/include/maze_interfaces/maze_interfaces/action/detail/yaw__builder.hpp\n'}
[4.030549] (maze_interfaces) StdoutLine: {'line': b'-- Up-to-date: /home/abdulrahman/training_ws/src/group4_task/install/maze_interfaces/include/maze_interfaces/maze_interfaces/action/detail/move_x__type_support.hpp\n'}
[4.030651] (maze_interfaces) StdoutLine: {'line': b'-- Up-to-date: /home/abdulrahman/training_ws/src/group4_task/install/maze_interfaces/include/maze_interfaces/maze_interfaces/action/detail/move_x__struct.hpp\n'}
[4.030752] (maze_interfaces) StdoutLine: {'line': b'-- Up-to-date: /home/abdulrahman/training_ws/src/group4_task/install/maze_interfaces/include/maze_interfaces/maze_interfaces/action/detail/yaw__type_support.hpp\n'}
[4.030853] (maze_interfaces) StdoutLine: {'line': b'-- Up-to-date: /home/abdulrahman/training_ws/src/group4_task/install/maze_interfaces/include/maze_interfaces/maze_interfaces/action/detail/yaw__traits.hpp\n'}
[4.030956] (maze_interfaces) StdoutLine: {'line': b'-- Up-to-date: /home/abdulrahman/training_ws/src/group4_task/install/maze_interfaces/include/maze_interfaces/maze_interfaces/action/move_x.hpp\n'}
[4.031103] (maze_interfaces) StdoutLine: {'line': b'-- Up-to-date: /home/abdulrahman/training_ws/src/group4_task/install/maze_interfaces/include/maze_interfaces/maze_interfaces/msg\n'}
[4.031340] (maze_interfaces) StdoutLine: {'line': b'-- Up-to-date: /home/abdulrahman/training_ws/src/group4_task/install/maze_interfaces/include/maze_interfaces/maze_interfaces/msg/rosidl_generator_cpp__visibility_control.hpp\n'}
[4.031462] (maze_interfaces) StdoutLine: {'line': b'-- Up-to-date: /home/abdulrahman/training_ws/src/group4_task/install/maze_interfaces/include/maze_interfaces/maze_interfaces/srv\n'}
[4.031562] (maze_interfaces) StdoutLine: {'line': b'-- Up-to-date: /home/abdulrahman/training_ws/src/group4_task/install/maze_interfaces/include/maze_interfaces/maze_interfaces/srv/detail\n'}
[4.031662] (maze_interfaces) StdoutLine: {'line': b'-- Up-to-date: /home/abdulrahman/training_ws/src/group4_task/install/maze_interfaces/include/maze_interfaces/maze_interfaces/srv/detail/error__struct.hpp\n'}
[4.031760] (maze_interfaces) StdoutLine: {'line': b'-- Up-to-date: /home/abdulrahman/training_ws/src/group4_task/install/maze_interfaces/include/maze_interfaces/maze_interfaces/srv/detail/error__traits.hpp\n'}
[4.031863] (maze_interfaces) StdoutLine: {'line': b'-- Up-to-date: /home/abdulrahman/training_ws/src/group4_task/install/maze_interfaces/include/maze_interfaces/maze_interfaces/srv/detail/error__type_support.hpp\n'}
[4.032000] (maze_interfaces) StdoutLine: {'line': b'-- Up-to-date: /home/abdulrahman/training_ws/src/group4_task/install/maze_interfaces/include/maze_interfaces/maze_interfaces/srv/detail/error__builder.hpp\n'}
[4.032100] (maze_interfaces) StdoutLine: {'line': b'-- Up-to-date: /home/abdulrahman/training_ws/src/group4_task/install/maze_interfaces/include/maze_interfaces/maze_interfaces/srv/error.hpp\n'}
[4.032204] (maze_interfaces) StdoutLine: {'line': b'-- Up-to-date: /home/abdulrahman/training_ws/src/group4_task/install/maze_interfaces/include/maze_interfaces/maze_interfaces\n'}
[4.032383] (maze_interfaces) StdoutLine: {'line': b'-- Up-to-date: /home/abdulrahman/training_ws/src/group4_task/install/maze_interfaces/include/maze_interfaces/maze_interfaces/action\n'}
[4.032494] (maze_interfaces) StdoutLine: {'line': b'-- Up-to-date: /home/abdulrahman/training_ws/src/group4_task/install/maze_interfaces/include/maze_interfaces/maze_interfaces/action/detail\n'}
[4.032597] (maze_interfaces) StdoutLine: {'line': b'-- Up-to-date: /home/abdulrahman/training_ws/src/group4_task/install/maze_interfaces/include/maze_interfaces/maze_interfaces/action/detail/dds_fastrtps\n'}
[4.032702] (maze_interfaces) StdoutLine: {'line': b'-- Up-to-date: /home/abdulrahman/training_ws/src/group4_task/install/maze_interfaces/include/maze_interfaces/maze_interfaces/action/detail/move_x__rosidl_typesupport_fastrtps_cpp.hpp\n'}
[4.032805] (maze_interfaces) StdoutLine: {'line': b'-- Up-to-date: /home/abdulrahman/training_ws/src/group4_task/install/maze_interfaces/include/maze_interfaces/maze_interfaces/action/detail/yaw__rosidl_typesupport_fastrtps_cpp.hpp\n'}
[4.032966] (maze_interfaces) StdoutLine: {'line': b'-- Up-to-date: /home/abdulrahman/training_ws/src/group4_task/install/maze_interfaces/include/maze_interfaces/maze_interfaces/msg\n'}
[4.033067] (maze_interfaces) StdoutLine: {'line': b'-- Up-to-date: /home/abdulrahman/training_ws/src/group4_task/install/maze_interfaces/include/maze_interfaces/maze_interfaces/msg/rosidl_typesupport_fastrtps_cpp__visibility_control.h\n'}
[4.033185] (maze_interfaces) StdoutLine: {'line': b'-- Up-to-date: /home/abdulrahman/training_ws/src/group4_task/install/maze_interfaces/include/maze_interfaces/maze_interfaces/srv\n'}
[4.033309] (maze_interfaces) StdoutLine: {'line': b'-- Up-to-date: /home/abdulrahman/training_ws/src/group4_task/install/maze_interfaces/include/maze_interfaces/maze_interfaces/srv/detail\n'}
[4.033445] (maze_interfaces) StdoutLine: {'line': b'-- Up-to-date: /home/abdulrahman/training_ws/src/group4_task/install/maze_interfaces/include/maze_interfaces/maze_interfaces/srv/detail/dds_fastrtps\n'}
[4.033555] (maze_interfaces) StdoutLine: {'line': b'-- Up-to-date: /home/abdulrahman/training_ws/src/group4_task/install/maze_interfaces/include/maze_interfaces/maze_interfaces/srv/detail/error__rosidl_typesupport_fastrtps_cpp.hpp\n'}
[4.033653] (maze_interfaces) StdoutLine: {'line': b'-- Up-to-date: /home/abdulrahman/training_ws/src/group4_task/install/maze_interfaces/lib/libmaze_interfaces__rosidl_typesupport_fastrtps_cpp.so\n'}
[4.033755] (maze_interfaces) StdoutLine: {'line': b'-- Up-to-date: /home/abdulrahman/training_ws/src/group4_task/install/maze_interfaces/include/maze_interfaces/maze_interfaces\n'}
[4.033852] (maze_interfaces) StdoutLine: {'line': b'-- Up-to-date: /home/abdulrahman/training_ws/src/group4_task/install/maze_interfaces/include/maze_interfaces/maze_interfaces/action\n'}
[4.033948] (maze_interfaces) StdoutLine: {'line': b'-- Up-to-date: /home/abdulrahman/training_ws/src/group4_task/install/maze_interfaces/include/maze_interfaces/maze_interfaces/action/detail\n'}
[4.034042] (maze_interfaces) StdoutLine: {'line': b'-- Up-to-date: /home/abdulrahman/training_ws/src/group4_task/install/maze_interfaces/include/maze_interfaces/maze_interfaces/action/detail/move_x__rosidl_typesupport_introspection_cpp.hpp\n'}
[4.034140] (maze_interfaces) StdoutLine: {'line': b'-- Up-to-date: /home/abdulrahman/training_ws/src/group4_task/install/maze_interfaces/include/maze_interfaces/maze_interfaces/action/detail/move_x__type_support.cpp\n'}
[4.034266] (maze_interfaces) StdoutLine: {'line': b'-- Up-to-date: /home/abdulrahman/training_ws/src/group4_task/install/maze_interfaces/include/maze_interfaces/maze_interfaces/action/detail/yaw__type_support.cpp\n'}
[4.034419] (maze_interfaces) StdoutLine: {'line': b'-- Up-to-date: /home/abdulrahman/training_ws/src/group4_task/install/maze_interfaces/include/maze_interfaces/maze_interfaces/action/detail/yaw__rosidl_typesupport_introspection_cpp.hpp\n'}
[4.034530] (maze_interfaces) StdoutLine: {'line': b'-- Up-to-date: /home/abdulrahman/training_ws/src/group4_task/install/maze_interfaces/include/maze_interfaces/maze_interfaces/srv\n'}
[4.034634] (maze_interfaces) StdoutLine: {'line': b'-- Up-to-date: /home/abdulrahman/training_ws/src/group4_task/install/maze_interfaces/include/maze_interfaces/maze_interfaces/srv/detail\n'}
[4.034737] (maze_interfaces) StdoutLine: {'line': b'-- Up-to-date: /home/abdulrahman/training_ws/src/group4_task/install/maze_interfaces/include/maze_interfaces/maze_interfaces/srv/detail/error__type_support.cpp\n'}
[4.034906] (maze_interfaces) StdoutLine: {'line': b'-- Up-to-date: /home/abdulrahman/training_ws/src/group4_task/install/maze_interfaces/include/maze_interfaces/maze_interfaces/srv/detail/error__rosidl_typesupport_introspection_cpp.hpp\n'}
[4.035007] (maze_interfaces) StdoutLine: {'line': b'-- Up-to-date: /home/abdulrahman/training_ws/src/group4_task/install/maze_interfaces/lib/libmaze_interfaces__rosidl_typesupport_introspection_cpp.so\n'}
[4.035111] (maze_interfaces) StdoutLine: {'line': b'-- Up-to-date: /home/abdulrahman/training_ws/src/group4_task/install/maze_interfaces/lib/libmaze_interfaces__rosidl_typesupport_cpp.so\n'}
[4.035214] (maze_interfaces) StdoutLine: {'line': b'-- Up-to-date: /home/abdulrahman/training_ws/src/group4_task/install/maze_interfaces/share/maze_interfaces/environment/pythonpath.sh\n'}
[4.035341] (maze_interfaces) StdoutLine: {'line': b'-- Up-to-date: /home/abdulrahman/training_ws/src/group4_task/install/maze_interfaces/share/maze_interfaces/environment/pythonpath.dsv\n'}
[4.035444] (maze_interfaces) StdoutLine: {'line': b'-- Up-to-date: /home/abdulrahman/training_ws/src/group4_task/install/maze_interfaces/lib/python3.12/site-packages/maze_interfaces-0.0.0-py3.12.egg-info\n'}
[4.035540] (maze_interfaces) StdoutLine: {'line': b'-- Installing: /home/abdulrahman/training_ws/src/group4_task/install/maze_interfaces/lib/python3.12/site-packages/maze_interfaces-0.0.0-py3.12.egg-info/top_level.txt\n'}
[4.035678] (maze_interfaces) StdoutLine: {'line': b'-- Installing: /home/abdulrahman/training_ws/src/group4_task/install/maze_interfaces/lib/python3.12/site-packages/maze_interfaces-0.0.0-py3.12.egg-info/PKG-INFO\n'}
[4.035832] (maze_interfaces) StdoutLine: {'line': b'-- Installing: /home/abdulrahman/training_ws/src/group4_task/install/maze_interfaces/lib/python3.12/site-packages/maze_interfaces-0.0.0-py3.12.egg-info/dependency_links.txt\n'}
[4.035938] (maze_interfaces) StdoutLine: {'line': b'-- Installing: /home/abdulrahman/training_ws/src/group4_task/install/maze_interfaces/lib/python3.12/site-packages/maze_interfaces-0.0.0-py3.12.egg-info/SOURCES.txt\n'}
[4.036040] (maze_interfaces) StdoutLine: {'line': b'-- Up-to-date: /home/abdulrahman/training_ws/src/group4_task/install/maze_interfaces/lib/python3.12/site-packages/maze_interfaces\n'}
[4.036174] (maze_interfaces) StdoutLine: {'line': b'-- Up-to-date: /home/abdulrahman/training_ws/src/group4_task/install/maze_interfaces/lib/python3.12/site-packages/maze_interfaces/maze_interfaces_s__rosidl_typesupport_c.so\n'}
[4.036392] (maze_interfaces) StdoutLine: {'line': b'-- Up-to-date: /home/abdulrahman/training_ws/src/group4_task/install/maze_interfaces/lib/python3.12/site-packages/maze_interfaces/maze_interfaces_s__rosidl_typesupport_fastrtps_c.so\n'}
[4.036529] (maze_interfaces) StdoutLine: {'line': b'-- Up-to-date: /home/abdulrahman/training_ws/src/group4_task/install/maze_interfaces/lib/python3.12/site-packages/maze_interfaces/action\n'}
[4.036634] (maze_interfaces) StdoutLine: {'line': b'-- Up-to-date: /home/abdulrahman/training_ws/src/group4_task/install/maze_interfaces/lib/python3.12/site-packages/maze_interfaces/action/_move_x.py\n'}
[4.036738] (maze_interfaces) StdoutLine: {'line': b'-- Up-to-date: /home/abdulrahman/training_ws/src/group4_task/install/maze_interfaces/lib/python3.12/site-packages/maze_interfaces/action/_yaw_s.c\n'}
[4.036844] (maze_interfaces) StdoutLine: {'line': b'-- Up-to-date: /home/abdulrahman/training_ws/src/group4_task/install/maze_interfaces/lib/python3.12/site-packages/maze_interfaces/action/__init__.py\n'}
[4.037007] (maze_interfaces) StdoutLine: {'line': b'-- Up-to-date: /home/abdulrahman/training_ws/src/group4_task/install/maze_interfaces/lib/python3.12/site-packages/maze_interfaces/action/_move_x_s.c\n'}
[4.037109] (maze_interfaces) StdoutLine: {'line': b'-- Up-to-date: /home/abdulrahman/training_ws/src/group4_task/install/maze_interfaces/lib/python3.12/site-packages/maze_interfaces/action/_yaw.py\n'}
[4.037209] (maze_interfaces) StdoutLine: {'line': b'-- Up-to-date: /home/abdulrahman/training_ws/src/group4_task/install/maze_interfaces/lib/python3.12/site-packages/maze_interfaces/_maze_interfaces_s.ep.rosidl_typesupport_c.c\n'}
[4.037338] (maze_interfaces) StdoutLine: {'line': b'-- Up-to-date: /home/abdulrahman/training_ws/src/group4_task/install/maze_interfaces/lib/python3.12/site-packages/maze_interfaces/_maze_interfaces_s.ep.rosidl_typesupport_introspection_c.c\n'}
[4.037455] (maze_interfaces) StdoutLine: {'line': b'-- Installing: /home/abdulrahman/training_ws/src/group4_task/install/maze_interfaces/lib/python3.12/site-packages/maze_interfaces/__init__.py\n'}
[4.037557] (maze_interfaces) StdoutLine: {'line': b'-- Up-to-date: /home/abdulrahman/training_ws/src/group4_task/install/maze_interfaces/lib/python3.12/site-packages/maze_interfaces/_maze_interfaces_s.ep.rosidl_typesupport_fastrtps_c.c\n'}
[4.037653] (maze_interfaces) StdoutLine: {'line': b'-- Up-to-date: /home/abdulrahman/training_ws/src/group4_task/install/maze_interfaces/lib/python3.12/site-packages/maze_interfaces/maze_interfaces_s__rosidl_typesupport_introspection_c.so\n'}
[4.037749] (maze_interfaces) StdoutLine: {'line': b'-- Up-to-date: /home/abdulrahman/training_ws/src/group4_task/install/maze_interfaces/lib/python3.12/site-packages/maze_interfaces/srv\n'}
[4.037845] (maze_interfaces) StdoutLine: {'line': b'-- Up-to-date: /home/abdulrahman/training_ws/src/group4_task/install/maze_interfaces/lib/python3.12/site-packages/maze_interfaces/srv/_error_s.c\n'}
[4.037942] (maze_interfaces) StdoutLine: {'line': b'-- Up-to-date: /home/abdulrahman/training_ws/src/group4_task/install/maze_interfaces/lib/python3.12/site-packages/maze_interfaces/srv/_error.py\n'}
[4.038048] (maze_interfaces) StdoutLine: {'line': b'-- Up-to-date: /home/abdulrahman/training_ws/src/group4_task/install/maze_interfaces/lib/python3.12/site-packages/maze_interfaces/srv/__init__.py\n'}
[4.109776] (-) TimerEvent: {}
[4.120680] (maze_interfaces) StdoutLine: {'line': b"Listing '/home/abdulrahman/training_ws/src/group4_task/install/maze_interfaces/lib/python3.12/site-packages/maze_interfaces'...\n"}
[4.121070] (maze_interfaces) StdoutLine: {'line': b"Compiling '/home/abdulrahman/training_ws/src/group4_task/install/maze_interfaces/lib/python3.12/site-packages/maze_interfaces/__init__.py'...\n"}
[4.121361] (maze_interfaces) StdoutLine: {'line': b"Listing '/home/abdulrahman/training_ws/src/group4_task/install/maze_interfaces/lib/python3.12/site-packages/maze_interfaces/action'...\n"}
[4.121552] (maze_interfaces) StdoutLine: {'line': b"Listing '/home/abdulrahman/training_ws/src/group4_task/install/maze_interfaces/lib/python3.12/site-packages/maze_interfaces/srv'...\n"}
[4.135333] (maze_interfaces) StdoutLine: {'line': b'-- Up-to-date: /home/abdulrahman/training_ws/src/group4_task/install/maze_interfaces/lib/python3.12/site-packages/maze_interfaces/maze_interfaces_s__rosidl_typesupport_fastrtps_c.so\n'}
[4.136299] (maze_interfaces) StdoutLine: {'line': b'-- Up-to-date: /home/abdulrahman/training_ws/src/group4_task/install/maze_interfaces/lib/python3.12/site-packages/maze_interfaces/maze_interfaces_s__rosidl_typesupport_introspection_c.so\n'}
[4.137227] (maze_interfaces) StdoutLine: {'line': b'-- Up-to-date: /home/abdulrahman/training_ws/src/group4_task/install/maze_interfaces/lib/python3.12/site-packages/maze_interfaces/maze_interfaces_s__rosidl_typesupport_c.so\n'}
[4.138134] (maze_interfaces) StdoutLine: {'line': b'-- Up-to-date: /home/abdulrahman/training_ws/src/group4_task/install/maze_interfaces/lib/libmaze_interfaces__rosidl_generator_py.so\n'}
[4.138532] (maze_interfaces) StdoutLine: {'line': b'-- Up-to-date: /home/abdulrahman/training_ws/src/group4_task/install/maze_interfaces/share/ament_index/resource_index/rust_packages/maze_interfaces\n'}
[4.138816] (maze_interfaces) StdoutLine: {'line': b'-- Up-to-date: /home/abdulrahman/training_ws/src/group4_task/install/maze_interfaces/share/maze_interfaces/rust\n'}
[4.138970] (maze_interfaces) StdoutLine: {'line': b'-- Up-to-date: /home/abdulrahman/training_ws/src/group4_task/install/maze_interfaces/share/maze_interfaces/rust/src\n'}
[4.139148] (maze_interfaces) StdoutLine: {'line': b'-- Up-to-date: /home/abdulrahman/training_ws/src/group4_task/install/maze_interfaces/share/maze_interfaces/rust/src/lib.rs\n'}
[4.139358] (maze_interfaces) StdoutLine: {'line': b'-- Up-to-date: /home/abdulrahman/training_ws/src/group4_task/install/maze_interfaces/share/maze_interfaces/rust/src/action.rs\n'}
[4.139534] (maze_interfaces) StdoutLine: {'line': b'-- Up-to-date: /home/abdulrahman/training_ws/src/group4_task/install/maze_interfaces/share/maze_interfaces/rust/src/action\n'}
[4.139650] (maze_interfaces) StdoutLine: {'line': b'-- Up-to-date: /home/abdulrahman/training_ws/src/group4_task/install/maze_interfaces/share/maze_interfaces/rust/src/action/rmw.rs\n'}
[4.139768] (maze_interfaces) StdoutLine: {'line': b'-- Up-to-date: /home/abdulrahman/training_ws/src/group4_task/install/maze_interfaces/share/maze_interfaces/rust/src/srv.rs\n'}
[4.139967] (maze_interfaces) StdoutLine: {'line': b'-- Up-to-date: /home/abdulrahman/training_ws/src/group4_task/install/maze_interfaces/share/maze_interfaces/rust/src/srv\n'}
[4.140076] (maze_interfaces) StdoutLine: {'line': b'-- Up-to-date: /home/abdulrahman/training_ws/src/group4_task/install/maze_interfaces/share/maze_interfaces/rust/src/srv/rmw.rs\n'}
[4.140191] (maze_interfaces) StdoutLine: {'line': b'-- Up-to-date: /home/abdulrahman/training_ws/src/group4_task/install/maze_interfaces/share/maze_interfaces/rust/build.rs\n'}
[4.140373] (maze_interfaces) StdoutLine: {'line': b'-- Up-to-date: /home/abdulrahman/training_ws/src/group4_task/install/maze_interfaces/share/maze_interfaces/rust/Cargo.toml\n'}
[4.140549] (maze_interfaces) StdoutLine: {'line': b'-- Up-to-date: /home/abdulrahman/training_ws/src/group4_task/install/maze_interfaces/share/maze_interfaces/action/MoveX.idl\n'}
[4.140730] (maze_interfaces) StdoutLine: {'line': b'-- Up-to-date: /home/abdulrahman/training_ws/src/group4_task/install/maze_interfaces/share/maze_interfaces/action/Yaw.idl\n'}
[4.140863] (maze_interfaces) StdoutLine: {'line': b'-- Up-to-date: /home/abdulrahman/training_ws/src/group4_task/install/maze_interfaces/share/maze_interfaces/srv/Error.idl\n'}
[4.140968] (maze_interfaces) StdoutLine: {'line': b'-- Up-to-date: /home/abdulrahman/training_ws/src/group4_task/install/maze_interfaces/share/maze_interfaces/action/MoveX.action\n'}
[4.141106] (maze_interfaces) StdoutLine: {'line': b'-- Installing: /home/abdulrahman/training_ws/src/group4_task/install/maze_interfaces/share/maze_interfaces/action/Yaw.action\n'}
[4.141214] (maze_interfaces) StdoutLine: {'line': b'-- Up-to-date: /home/abdulrahman/training_ws/src/group4_task/install/maze_interfaces/share/maze_interfaces/srv/Error.srv\n'}
[4.141360] (maze_interfaces) StdoutLine: {'line': b'-- Up-to-date: /home/abdulrahman/training_ws/src/group4_task/install/maze_interfaces/share/ament_index/resource_index/package_run_dependencies/maze_interfaces\n'}
[4.141537] (maze_interfaces) StdoutLine: {'line': b'-- Installing: /home/abdulrahman/training_ws/src/group4_task/install/maze_interfaces/share/ament_index/resource_index/parent_prefix_path/maze_interfaces\n'}
[4.141654] (maze_interfaces) StdoutLine: {'line': b'-- Up-to-date: /home/abdulrahman/training_ws/src/group4_task/install/maze_interfaces/share/maze_interfaces/environment/ament_prefix_path.sh\n'}
[4.141797] (maze_interfaces) StdoutLine: {'line': b'-- Up-to-date: /home/abdulrahman/training_ws/src/group4_task/install/maze_interfaces/share/maze_interfaces/environment/ament_prefix_path.dsv\n'}
[4.141907] (maze_interfaces) StdoutLine: {'line': b'-- Up-to-date: /home/abdulrahman/training_ws/src/group4_task/install/maze_interfaces/share/maze_interfaces/environment/path.sh\n'}
[4.142054] (maze_interfaces) StdoutLine: {'line': b'-- Up-to-date: /home/abdulrahman/training_ws/src/group4_task/install/maze_interfaces/share/maze_interfaces/environment/path.dsv\n'}
[4.142166] (maze_interfaces) StdoutLine: {'line': b'-- Up-to-date: /home/abdulrahman/training_ws/src/group4_task/install/maze_interfaces/share/maze_interfaces/local_setup.bash\n'}
[4.142298] (maze_interfaces) StdoutLine: {'line': b'-- Up-to-date: /home/abdulrahman/training_ws/src/group4_task/install/maze_interfaces/share/maze_interfaces/local_setup.sh\n'}
[4.142441] (maze_interfaces) StdoutLine: {'line': b'-- Up-to-date: /home/abdulrahman/training_ws/src/group4_task/install/maze_interfaces/share/maze_interfaces/local_setup.zsh\n'}
[4.142552] (maze_interfaces) StdoutLine: {'line': b'-- Up-to-date: /home/abdulrahman/training_ws/src/group4_task/install/maze_interfaces/share/maze_interfaces/local_setup.dsv\n'}
[4.142694] (maze_interfaces) StdoutLine: {'line': b'-- Installing: /home/abdulrahman/training_ws/src/group4_task/install/maze_interfaces/share/maze_interfaces/package.dsv\n'}
[4.142812] (maze_interfaces) StdoutLine: {'line': b'-- Up-to-date: /home/abdulrahman/training_ws/src/group4_task/install/maze_interfaces/share/ament_index/resource_index/packages/maze_interfaces\n'}
[4.142964] (maze_interfaces) StdoutLine: {'line': b'-- Up-to-date: /home/abdulrahman/training_ws/src/group4_task/install/maze_interfaces/share/maze_interfaces/cmake/export_maze_interfaces__rosidl_generator_cExport.cmake\n'}
[4.143068] (maze_interfaces) StdoutLine: {'line': b'-- Up-to-date: /home/abdulrahman/training_ws/src/group4_task/install/maze_interfaces/share/maze_interfaces/cmake/export_maze_interfaces__rosidl_generator_cExport-noconfig.cmake\n'}
[4.143248] (maze_interfaces) StdoutLine: {'line': b'-- Up-to-date: /home/abdulrahman/training_ws/src/group4_task/install/maze_interfaces/share/maze_interfaces/cmake/export_maze_interfaces__rosidl_typesupport_fastrtps_cExport.cmake\n'}
[4.143363] (maze_interfaces) StdoutLine: {'line': b'-- Up-to-date: /home/abdulrahman/training_ws/src/group4_task/install/maze_interfaces/share/maze_interfaces/cmake/export_maze_interfaces__rosidl_typesupport_fastrtps_cExport-noconfig.cmake\n'}
[4.143549] (maze_interfaces) StdoutLine: {'line': b'-- Up-to-date: /home/abdulrahman/training_ws/src/group4_task/install/maze_interfaces/share/maze_interfaces/cmake/maze_interfaces__rosidl_typesupport_introspection_cExport.cmake\n'}
[4.143656] (maze_interfaces) StdoutLine: {'line': b'-- Up-to-date: /home/abdulrahman/training_ws/src/group4_task/install/maze_interfaces/share/maze_interfaces/cmake/maze_interfaces__rosidl_typesupport_introspection_cExport-noconfig.cmake\n'}
[4.143826] (maze_interfaces) StdoutLine: {'line': b'-- Up-to-date: /home/abdulrahman/training_ws/src/group4_task/install/maze_interfaces/share/maze_interfaces/cmake/maze_interfaces__rosidl_typesupport_cExport.cmake\n'}
[4.143991] (maze_interfaces) StdoutLine: {'line': b'-- Up-to-date: /home/abdulrahman/training_ws/src/group4_task/install/maze_interfaces/share/maze_interfaces/cmake/maze_interfaces__rosidl_typesupport_cExport-noconfig.cmake\n'}
[4.144149] (maze_interfaces) StdoutLine: {'line': b'-- Up-to-date: /home/abdulrahman/training_ws/src/group4_task/install/maze_interfaces/share/maze_interfaces/cmake/export_maze_interfaces__rosidl_generator_cppExport.cmake\n'}
[4.144345] (maze_interfaces) StdoutLine: {'line': b'-- Up-to-date: /home/abdulrahman/training_ws/src/group4_task/install/maze_interfaces/share/maze_interfaces/cmake/export_maze_interfaces__rosidl_typesupport_fastrtps_cppExport.cmake\n'}
[4.144518] (maze_interfaces) StdoutLine: {'line': b'-- Up-to-date: /home/abdulrahman/training_ws/src/group4_task/install/maze_interfaces/share/maze_interfaces/cmake/export_maze_interfaces__rosidl_typesupport_fastrtps_cppExport-noconfig.cmake\n'}
[4.144654] (maze_interfaces) StdoutLine: {'line': b'-- Up-to-date: /home/abdulrahman/training_ws/src/group4_task/install/maze_interfaces/share/maze_interfaces/cmake/maze_interfaces__rosidl_typesupport_introspection_cppExport.cmake\n'}
[4.144758] (maze_interfaces) StdoutLine: {'line': b'-- Up-to-date: /home/abdulrahman/training_ws/src/group4_task/install/maze_interfaces/share/maze_interfaces/cmake/maze_interfaces__rosidl_typesupport_introspection_cppExport-noconfig.cmake\n'}
[4.144863] (maze_interfaces) StdoutLine: {'line': b'-- Up-to-date: /home/abdulrahman/training_ws/src/group4_task/install/maze_interfaces/share/maze_interfaces/cmake/maze_interfaces__rosidl_typesupport_cppExport.cmake\n'}
[4.144969] (maze_interfaces) StdoutLine: {'line': b'-- Up-to-date: /home/abdulrahman/training_ws/src/group4_task/install/maze_interfaces/share/maze_interfaces/cmake/maze_interfaces__rosidl_typesupport_cppExport-noconfig.cmake\n'}
[4.145121] (maze_interfaces) StdoutLine: {'line': b'-- Up-to-date: /home/abdulrahman/training_ws/src/group4_task/install/maze_interfaces/share/maze_interfaces/cmake/export_maze_interfaces__rosidl_generator_pyExport.cmake\n'}
[4.145244] (maze_interfaces) StdoutLine: {'line': b'-- Up-to-date: /home/abdulrahman/training_ws/src/group4_task/install/maze_interfaces/share/maze_interfaces/cmake/export_maze_interfaces__rosidl_generator_pyExport-noconfig.cmake\n'}
[4.145360] (maze_interfaces) StdoutLine: {'line': b'-- Up-to-date: /home/abdulrahman/training_ws/src/group4_task/install/maze_interfaces/share/maze_interfaces/cmake/rosidl_cmake-extras.cmake\n'}
[4.145469] (maze_interfaces) StdoutLine: {'line': b'-- Up-to-date: /home/abdulrahman/training_ws/src/group4_task/install/maze_interfaces/share/maze_interfaces/cmake/ament_cmake_export_dependencies-extras.cmake\n'}
[4.145571] (maze_interfaces) StdoutLine: {'line': b'-- Up-to-date: /home/abdulrahman/training_ws/src/group4_task/install/maze_interfaces/share/maze_interfaces/cmake/ament_cmake_export_include_directories-extras.cmake\n'}
[4.145675] (maze_interfaces) StdoutLine: {'line': b'-- Up-to-date: /home/abdulrahman/training_ws/src/group4_task/install/maze_interfaces/share/maze_interfaces/cmake/ament_cmake_export_libraries-extras.cmake\n'}
[4.145778] (maze_interfaces) StdoutLine: {'line': b'-- Up-to-date: /home/abdulrahman/training_ws/src/group4_task/install/maze_interfaces/share/maze_interfaces/cmake/ament_cmake_export_targets-extras.cmake\n'}
[4.145907] (maze_interfaces) StdoutLine: {'line': b'-- Up-to-date: /home/abdulrahman/training_ws/src/group4_task/install/maze_interfaces/share/maze_interfaces/cmake/rosidl_cmake_export_typesupport_targets-extras.cmake\n'}
[4.146013] (maze_interfaces) StdoutLine: {'line': b'-- Up-to-date: /home/abdulrahman/training_ws/src/group4_task/install/maze_interfaces/share/maze_interfaces/cmake/rosidl_cmake_export_typesupport_libraries-extras.cmake\n'}
[4.146120] (maze_interfaces) StdoutLine: {'line': b'-- Up-to-date: /home/abdulrahman/training_ws/src/group4_task/install/maze_interfaces/share/maze_interfaces/cmake/rosidl_cmake_aggregate_target-extras.cmake\n'}
[4.146223] (maze_interfaces) StdoutLine: {'line': b'-- Up-to-date: /home/abdulrahman/training_ws/src/group4_task/install/maze_interfaces/share/maze_interfaces/cmake/maze_interfacesConfig.cmake\n'}
[4.146356] (maze_interfaces) StdoutLine: {'line': b'-- Up-to-date: /home/abdulrahman/training_ws/src/group4_task/install/maze_interfaces/share/maze_interfaces/cmake/maze_interfacesConfig-version.cmake\n'}
[4.146459] (maze_interfaces) StdoutLine: {'line': b'-- Up-to-date: /home/abdulrahman/training_ws/src/group4_task/install/maze_interfaces/share/maze_interfaces/package.xml\n'}
[4.148303] (maze_interfaces) CommandEnded: {'returncode': 0}
[4.178390] (maze_interfaces) JobEnded: {'identifier': 'maze_interfaces', 'rc': 0}
[4.179773] (-) EventReactorShutdown: {}
