[0.260s] DEBUG:colcon:Command line arguments: ['/usr/bin/colcon', 'build']
[0.260s] DEBUG:colcon:Parsed command line arguments: Namespace(log_base=None, log_level=None, verb_name='build', build_base='build', install_base='install', merge_install=False, symlink_install=False, test_result_base=None, continue_on_error=False, executor='parallel', parallel_workers=16, event_handlers=None, ignore_user_meta=False, metas=['./colcon.meta'], base_paths=['.'], packages_ignore=None, packages_ignore_regex=None, paths=None, packages_up_to=None, packages_up_to_regex=None, packages_above=None, packages_above_and_dependencies=None, packages_above_depth=None, packages_select_by_dep=None, packages_skip_by_dep=None, packages_skip_up_to=None, packages_select_build_failed=False, packages_skip_build_finished=False, packages_select_test_failures=False, packages_skip_test_passed=False, packages_select=None, packages_skip=None, packages_select_regex=None, packages_skip_regex=None, packages_start=None, packages_end=None, allow_overriding=[], cmake_args=None, cmake_target=None, cmake_target_skip_unavailable=False, cmake_clean_cache=False, cmake_clean_first=False, cmake_force_configure=False, ament_cmake_args=None, catkin_cmake_args=None, catkin_skip_building_tests=False, mixin_files=None, mixin=None, verb_parser=<colcon_mixin.mixin.mixin_argument.MixinArgumentDecorator object at 0x7079ae2794f0>, verb_extension=<colcon_core.verb.build.BuildVerb object at 0x7079ae3d5fa0>, main=<bound method BuildVerb.main of <colcon_core.verb.build.BuildVerb object at 0x7079ae3d5fa0>>, mixin_verb=('build',))
[0.365s] Level 1:colcon.colcon_core.package_discovery:discover_packages(colcon_meta) check parameters
[0.365s] Level 1:colcon.colcon_core.package_discovery:discover_packages(recursive) check parameters
[0.365s] Level 1:colcon.colcon_core.package_discovery:discover_packages(ignore) check parameters
[0.365s] Level 1:colcon.colcon_core.package_discovery:discover_packages(path) check parameters
[0.365s] Level 1:colcon.colcon_core.package_discovery:discover_packages(colcon_meta) discover
[0.365s] Level 1:colcon.colcon_core.package_discovery:discover_packages(recursive) discover
[0.366s] INFO:colcon.colcon_core.package_discovery:Crawling recursively for packages in '/home/abdulrahman/training_ws/src/group4_task'
[0.366s] Level 1:colcon.colcon_core.package_identification:_identify(.) by extensions ['ignore', 'ignore_ament_install']
[0.366s] Level 1:colcon.colcon_core.package_identification:_identify(.) by extension 'ignore'
[0.366s] Level 1:colcon.colcon_core.package_identification:_identify(.) by extension 'ignore_ament_install'
[0.366s] Level 1:colcon.colcon_core.package_identification:_identify(.) by extensions ['colcon_pkg']
[0.367s] Level 1:colcon.colcon_core.package_identification:_identify(.) by extension 'colcon_pkg'
[0.367s] Level 1:colcon.colcon_core.package_identification:_identify(.) by extensions ['colcon_meta']
[0.367s] Level 1:colcon.colcon_core.package_identification:_identify(.) by extension 'colcon_meta'
[0.367s] Level 1:colcon.colcon_core.package_identification:_identify(.) by extensions ['ros']
[0.367s] Level 1:colcon.colcon_core.package_identification:_identify(.) by extension 'ros'
[0.426s] Level 1:colcon.colcon_core.package_identification:_identify(.) by extensions ['cmake', 'python']
[0.426s] Level 1:colcon.colcon_core.package_identification:_identify(.) by extension 'cmake'
[0.426s] Level 1:colcon.colcon_core.package_identification:_identify(.) by extension 'python'
[0.426s] Level 1:colcon.colcon_core.package_identification:_identify(.) by extensions ['python_setup_py']
[0.426s] Level 1:colcon.colcon_core.package_identification:_identify(.) by extension 'python_setup_py'
[0.427s] Level 1:colcon.colcon_core.package_identification:_identify(build) by extensions ['ignore', 'ignore_ament_install']
[0.427s] Level 1:colcon.colcon_core.package_identification:_identify(build) by extension 'ignore'
[0.427s] Level 1:colcon.colcon_core.package_identification:_identify(build) ignored
[0.427s] Level 1:colcon.colcon_core.package_identification:_identify(install) by extensions ['ignore', 'ignore_ament_install']
[0.428s] Level 1:colcon.colcon_core.package_identification:_identify(install) by extension 'ignore'
[0.428s] Level 1:colcon.colcon_core.package_identification:_identify(install) ignored
[0.428s] Level 1:colcon.colcon_core.package_identification:_identify(log) by extensions ['ignore', 'ignore_ament_install']
[0.428s] Level 1:colcon.colcon_core.package_identification:_identify(log) by extension 'ignore'
[0.428s] Level 1:colcon.colcon_core.package_identification:_identify(log) ignored
[0.429s] Level 1:colcon.colcon_core.package_identification:_identify(maze_control) by extensions ['ignore', 'ignore_ament_install']
[0.429s] Level 1:colcon.colcon_core.package_identification:_identify(maze_control) by extension 'ignore'
[0.429s] Level 1:colcon.colcon_core.package_identification:_identify(maze_control) by extension 'ignore_ament_install'
[0.429s] Level 1:colcon.colcon_core.package_identification:_identify(maze_control) by extensions ['colcon_pkg']
[0.429s] Level 1:colcon.colcon_core.package_identification:_identify(maze_control) by extension 'colcon_pkg'
[0.429s] Level 1:colcon.colcon_core.package_identification:_identify(maze_control) by extensions ['colcon_meta']
[0.429s] Level 1:colcon.colcon_core.package_identification:_identify(maze_control) by extension 'colcon_meta'
[0.429s] Level 1:colcon.colcon_core.package_identification:_identify(maze_control) by extensions ['ros']
[0.430s] Level 1:colcon.colcon_core.package_identification:_identify(maze_control) by extension 'ros'
[0.434s] DEBUG:colcon.colcon_core.package_identification:Package 'maze_control' with type 'ros.ament_python' and name 'maze_control'
[0.435s] Level 1:colcon.colcon_core.package_identification:_identify(maze_interfaces) by extensions ['ignore', 'ignore_ament_install']
[0.435s] Level 1:colcon.colcon_core.package_identification:_identify(maze_interfaces) by extension 'ignore'
[0.435s] Level 1:colcon.colcon_core.package_identification:_identify(maze_interfaces) by extension 'ignore_ament_install'
[0.435s] Level 1:colcon.colcon_core.package_identification:_identify(maze_interfaces) by extensions ['colcon_pkg']
[0.435s] Level 1:colcon.colcon_core.package_identification:_identify(maze_interfaces) by extension 'colcon_pkg'
[0.435s] Level 1:colcon.colcon_core.package_identification:_identify(maze_interfaces) by extensions ['colcon_meta']
[0.436s] Level 1:colcon.colcon_core.package_identification:_identify(maze_interfaces) by extension 'colcon_meta'
[0.436s] Level 1:colcon.colcon_core.package_identification:_identify(maze_interfaces) by extensions ['ros']
[0.436s] Level 1:colcon.colcon_core.package_identification:_identify(maze_interfaces) by extension 'ros'
[0.437s] DEBUG:colcon.colcon_core.package_identification:Package 'maze_interfaces' with type 'ros.ament_cmake' and name 'maze_interfaces'
[0.437s] Level 1:colcon.colcon_core.package_identification:_identify(maze_solver) by extensions ['ignore', 'ignore_ament_install']
[0.437s] Level 1:colcon.colcon_core.package_identification:_identify(maze_solver) by extension 'ignore'
[0.437s] Level 1:colcon.colcon_core.package_identification:_identify(maze_solver) by extension 'ignore_ament_install'
[0.438s] Level 1:colcon.colcon_core.package_identification:_identify(maze_solver) by extensions ['colcon_pkg']
[0.438s] Level 1:colcon.colcon_core.package_identification:_identify(maze_solver) by extension 'colcon_pkg'
[0.438s] Level 1:colcon.colcon_core.package_identification:_identify(maze_solver) by extensions ['colcon_meta']
[0.438s] Level 1:colcon.colcon_core.package_identification:_identify(maze_solver) by extension 'colcon_meta'
[0.438s] Level 1:colcon.colcon_core.package_identification:_identify(maze_solver) by extensions ['ros']
[0.438s] Level 1:colcon.colcon_core.package_identification:_identify(maze_solver) by extension 'ros'
[0.439s] DEBUG:colcon.colcon_core.package_identification:Package 'maze_solver' with type 'ros.ament_python' and name 'maze_solver'
[0.439s] Level 1:colcon.colcon_core.package_discovery:discover_packages(recursive) using defaults
[0.439s] Level 1:colcon.colcon_core.package_discovery:discover_packages(ignore) discover
[0.439s] Level 1:colcon.colcon_core.package_discovery:discover_packages(ignore) using defaults
[0.439s] Level 1:colcon.colcon_core.package_discovery:discover_packages(path) discover
[0.439s] Level 1:colcon.colcon_core.package_discovery:discover_packages(path) using defaults
[0.481s] Level 1:colcon.colcon_core.package_discovery:discover_packages(prefix_path) check parameters
[0.482s] Level 1:colcon.colcon_core.package_discovery:discover_packages(prefix_path) discover
[0.486s] DEBUG:colcon.colcon_installed_package_information.package_discovery:Found 3 installed packages in /home/abdulrahman/training_ws/install
[0.491s] DEBUG:colcon.colcon_installed_package_information.package_discovery:Found 405 installed packages in /opt/ros/jazzy
[0.495s] Level 1:colcon.colcon_core.package_discovery:discover_packages(prefix_path) using defaults
[0.625s] Level 5:colcon.colcon_core.verb:set package 'maze_control' build argument 'cmake_args' from command line to 'None'
[0.625s] Level 5:colcon.colcon_core.verb:set package 'maze_control' build argument 'cmake_target' from command line to 'None'
[0.625s] Level 5:colcon.colcon_core.verb:set package 'maze_control' build argument 'cmake_target_skip_unavailable' from command line to 'False'
[0.626s] Level 5:colcon.colcon_core.verb:set package 'maze_control' build argument 'cmake_clean_cache' from command line to 'False'
[0.626s] Level 5:colcon.colcon_core.verb:set package 'maze_control' build argument 'cmake_clean_first' from command line to 'False'
[0.626s] Level 5:colcon.colcon_core.verb:set package 'maze_control' build argument 'cmake_force_configure' from command line to 'False'
[0.626s] Level 5:colcon.colcon_core.verb:set package 'maze_control' build argument 'ament_cmake_args' from command line to 'None'
[0.626s] Level 5:colcon.colcon_core.verb:set package 'maze_control' build argument 'catkin_cmake_args' from command line to 'None'
[0.626s] Level 5:colcon.colcon_core.verb:set package 'maze_control' build argument 'catkin_skip_building_tests' from command line to 'False'
[0.626s] DEBUG:colcon.colcon_core.verb:Building package 'maze_control' with the following arguments: {'ament_cmake_args': None, 'build_base': '/home/abdulrahman/training_ws/src/group4_task/build/maze_control', 'catkin_cmake_args': None, 'catkin_skip_building_tests': False, 'cmake_args': None, 'cmake_clean_cache': False, 'cmake_clean_first': False, 'cmake_force_configure': False, 'cmake_target': None, 'cmake_target_skip_unavailable': False, 'install_base': '/home/abdulrahman/training_ws/src/group4_task/install/maze_control', 'merge_install': False, 'path': '/home/abdulrahman/training_ws/src/group4_task/maze_control', 'symlink_install': False, 'test_result_base': None}
[0.627s] Level 5:colcon.colcon_core.verb:set package 'maze_interfaces' build argument 'cmake_args' from command line to 'None'
[0.627s] Level 5:colcon.colcon_core.verb:set package 'maze_interfaces' build argument 'cmake_target' from command line to 'None'
[0.627s] Level 5:colcon.colcon_core.verb:set package 'maze_interfaces' build argument 'cmake_target_skip_unavailable' from command line to 'False'
[0.627s] Level 5:colcon.colcon_core.verb:set package 'maze_interfaces' build argument 'cmake_clean_cache' from command line to 'False'
[0.627s] Level 5:colcon.colcon_core.verb:set package 'maze_interfaces' build argument 'cmake_clean_first' from command line to 'False'
[0.627s] Level 5:colcon.colcon_core.verb:set package 'maze_interfaces' build argument 'cmake_force_configure' from command line to 'False'
[0.627s] Level 5:colcon.colcon_core.verb:set package 'maze_interfaces' build argument 'ament_cmake_args' from command line to 'None'
[0.627s] Level 5:colcon.colcon_core.verb:set package 'maze_interfaces' build argument 'catkin_cmake_args' from command line to 'None'
[0.627s] Level 5:colcon.colcon_core.verb:set package 'maze_interfaces' build argument 'catkin_skip_building_tests' from command line to 'False'
[0.627s] DEBUG:colcon.colcon_core.verb:Building package 'maze_interfaces' with the following arguments: {'ament_cmake_args': None, 'build_base': '/home/abdulrahman/training_ws/src/group4_task/build/maze_interfaces', 'catkin_cmake_args': None, 'catkin_skip_building_tests': False, 'cmake_args': None, 'cmake_clean_cache': False, 'cmake_clean_first': False, 'cmake_force_configure': False, 'cmake_target': None, 'cmake_target_skip_unavailable': False, 'install_base': '/home/abdulrahman/training_ws/src/group4_task/install/maze_interfaces', 'merge_install': False, 'path': '/home/abdulrahman/training_ws/src/group4_task/maze_interfaces', 'symlink_install': False, 'test_result_base': None}
[0.628s] Level 5:colcon.colcon_core.verb:set package 'maze_solver' build argument 'cmake_args' from command line to 'None'
[0.628s] Level 5:colcon.colcon_core.verb:set package 'maze_solver' build argument 'cmake_target' from command line to 'None'
[0.628s] Level 5:colcon.colcon_core.verb:set package 'maze_solver' build argument 'cmake_target_skip_unavailable' from command line to 'False'
[0.628s] Level 5:colcon.colcon_core.verb:set package 'maze_solver' build argument 'cmake_clean_cache' from command line to 'False'
[0.628s] Level 5:colcon.colcon_core.verb:set package 'maze_solver' build argument 'cmake_clean_first' from command line to 'False'
[0.628s] Level 5:colcon.colcon_core.verb:set package 'maze_solver' build argument 'cmake_force_configure' from command line to 'False'
[0.628s] Level 5:colcon.colcon_core.verb:set package 'maze_solver' build argument 'ament_cmake_args' from command line to 'None'
[0.628s] Level 5:colcon.colcon_core.verb:set package 'maze_solver' build argument 'catkin_cmake_args' from command line to 'None'
[0.628s] Level 5:colcon.colcon_core.verb:set package 'maze_solver' build argument 'catkin_skip_building_tests' from command line to 'False'
[0.628s] DEBUG:colcon.colcon_core.verb:Building package 'maze_solver' with the following arguments: {'ament_cmake_args': None, 'build_base': '/home/abdulrahman/training_ws/src/group4_task/build/maze_solver', 'catkin_cmake_args': None, 'catkin_skip_building_tests': False, 'cmake_args': None, 'cmake_clean_cache': False, 'cmake_clean_first': False, 'cmake_force_configure': False, 'cmake_target': None, 'cmake_target_skip_unavailable': False, 'install_base': '/home/abdulrahman/training_ws/src/group4_task/install/maze_solver', 'merge_install': False, 'path': '/home/abdulrahman/training_ws/src/group4_task/maze_solver', 'symlink_install': False, 'test_result_base': None}
[0.629s] INFO:colcon.colcon_core.executor:Executing jobs using 'parallel' executor
[0.630s] DEBUG:colcon.colcon_parallel_executor.executor.parallel:run_until_complete
[0.631s] INFO:colcon.colcon_ros.task.ament_python.build:Building ROS package in '/home/abdulrahman/training_ws/src/group4_task/maze_control' with build type 'ament_python'
[0.631s] Level 1:colcon.colcon_core.shell:create_environment_hook('maze_control', 'ament_prefix_path')
[0.634s] INFO:colcon.colcon_core.plugin_system:Skipping extension 'colcon_core.shell.bat': Not used on non-Windows systems
[0.634s] INFO:colcon.colcon_core.shell:Creating environment hook '/home/abdulrahman/training_ws/src/group4_task/install/maze_control/share/maze_control/hook/ament_prefix_path.ps1'
[0.635s] INFO:colcon.colcon_core.shell:Creating environment descriptor '/home/abdulrahman/training_ws/src/group4_task/install/maze_control/share/maze_control/hook/ament_prefix_path.dsv'
[0.636s] INFO:colcon.colcon_core.shell:Creating environment hook '/home/abdulrahman/training_ws/src/group4_task/install/maze_control/share/maze_control/hook/ament_prefix_path.sh'
[0.637s] INFO:colcon.colcon_core.shell:Skip shell extension 'powershell' for command environment: Not usable outside of PowerShell
[0.637s] DEBUG:colcon.colcon_core.shell:Skip shell extension 'dsv' for command environment
[0.643s] INFO:colcon.colcon_ros.task.ament_cmake.build:Building ROS package in '/home/abdulrahman/training_ws/src/group4_task/maze_interfaces' with build type 'ament_cmake'
[0.643s] INFO:colcon.colcon_cmake.task.cmake.build:Building CMake package in '/home/abdulrahman/training_ws/src/group4_task/maze_interfaces'
[0.643s] INFO:colcon.colcon_core.shell:Skip shell extension 'powershell' for command environment: Not usable outside of PowerShell
[0.643s] DEBUG:colcon.colcon_core.shell:Skip shell extension 'dsv' for command environment
[0.649s] INFO:colcon.colcon_ros.task.ament_python.build:Building ROS package in '/home/abdulrahman/training_ws/src/group4_task/maze_solver' with build type 'ament_python'
[0.649s] Level 1:colcon.colcon_core.shell:create_environment_hook('maze_solver', 'ament_prefix_path')
[0.649s] INFO:colcon.colcon_core.shell:Creating environment hook '/home/abdulrahman/training_ws/src/group4_task/install/maze_solver/share/maze_solver/hook/ament_prefix_path.ps1'
[0.650s] INFO:colcon.colcon_core.shell:Creating environment descriptor '/home/abdulrahman/training_ws/src/group4_task/install/maze_solver/share/maze_solver/hook/ament_prefix_path.dsv'
[0.650s] INFO:colcon.colcon_core.shell:Creating environment hook '/home/abdulrahman/training_ws/src/group4_task/install/maze_solver/share/maze_solver/hook/ament_prefix_path.sh'
[0.651s] INFO:colcon.colcon_core.shell:Skip shell extension 'powershell' for command environment: Not usable outside of PowerShell
[0.651s] DEBUG:colcon.colcon_core.shell:Skip shell extension 'dsv' for command environment
[1.178s] INFO:colcon.colcon_core.task.python.build:Building Python package in '/home/abdulrahman/training_ws/src/group4_task/maze_control'
[1.178s] INFO:colcon.colcon_core.shell:Skip shell extension 'powershell' for command environment: Not usable outside of PowerShell
[1.178s] DEBUG:colcon.colcon_core.shell:Skip shell extension 'dsv' for command environment
[1.195s] DEBUG:colcon.colcon_core.event_handler.log_command:Invoking command in '/home/abdulrahman/training_ws/src/group4_task/build/maze_interfaces': CMAKE_PREFIX_PATH=${CMAKE_PREFIX_PATH}:/home/abdulrahman/training_ws/install/maze_solver:/home/abdulrahman/training_ws/install/maze_control:/opt/ros/jazzy DEBUGINFOD_URLS=https://debuginfod.ubuntu.com /usr/bin/cmake --build /home/abdulrahman/training_ws/src/group4_task/build/maze_interfaces -- -j16 -l16
[1.622s] INFO:colcon.colcon_core.task.python.build:Building Python package in '/home/abdulrahman/training_ws/src/group4_task/maze_solver'
[1.622s] INFO:colcon.colcon_core.shell:Skip shell extension 'powershell' for command environment: Not usable outside of PowerShell
[1.623s] DEBUG:colcon.colcon_core.shell:Skip shell extension 'dsv' for command environment
[2.965s] DEBUG:colcon.colcon_core.task.python.build:Available setuptools commands: compile_catalog, install_headers, symlink_data, egg_info, register, install, bdist_rpm, upload, build, install_lib, alias, editable_wheel, saveopts, build_clib, develop, rotate, init_catalog, update_catalog, extract_messages, upload_docs, clean, setopt, build_scripts, sdist, check, dist_info, bdist, bdist_wheel, install_data, bdist_egg, install_scripts, test, build_ext, bdist_dumb, build_py, install_egg_info, easy_install
[2.968s] DEBUG:colcon.colcon_core.event_handler.log_command:Invoking command in '/home/abdulrahman/training_ws/src/group4_task/maze_control': DEBUGINFOD_URLS=https://debuginfod.ubuntu.com PYTHONPATH=/home/abdulrahman/training_ws/src/group4_task/build/maze_control/prefix_override:/usr/lib/python3/dist-packages/colcon_core/task/python/colcon_distutils_commands:/home/abdulrahman/training_ws/src/group4_task/install/maze_control/lib/python3.12/site-packages:${PYTHONPATH} /usr/bin/python3 -W ignore:setup.py install is deprecated -W ignore:easy_install command is deprecated setup.py egg_info --egg-base ../build/maze_control build --build-base /home/abdulrahman/training_ws/src/group4_task/build/maze_control/build install --record /home/abdulrahman/training_ws/src/group4_task/build/maze_control/install.log --install-scripts $base/lib/maze_control --single-version-externally-managed install_data
[3.092s] DEBUG:colcon.colcon_core.task.python.build:Available setuptools commands: compile_catalog, install_headers, symlink_data, egg_info, register, install, bdist_rpm, upload, build, install_lib, alias, editable_wheel, saveopts, build_clib, develop, rotate, init_catalog, update_catalog, extract_messages, upload_docs, clean, setopt, build_scripts, sdist, check, dist_info, bdist, bdist_wheel, install_data, bdist_egg, install_scripts, test, build_ext, bdist_dumb, build_py, install_egg_info, easy_install
[3.097s] DEBUG:colcon.colcon_core.event_handler.log_command:Invoking command in '/home/abdulrahman/training_ws/src/group4_task/maze_solver': DEBUGINFOD_URLS=https://debuginfod.ubuntu.com PYTHONPATH=/home/abdulrahman/training_ws/src/group4_task/build/maze_solver/prefix_override:/usr/lib/python3/dist-packages/colcon_core/task/python/colcon_distutils_commands:/home/abdulrahman/training_ws/src/group4_task/install/maze_solver/lib/python3.12/site-packages:${PYTHONPATH} /usr/bin/python3 -W ignore:setup.py install is deprecated -W ignore:easy_install command is deprecated setup.py egg_info --egg-base ../build/maze_solver build --build-base /home/abdulrahman/training_ws/src/group4_task/build/maze_solver/build install --record /home/abdulrahman/training_ws/src/group4_task/build/maze_solver/install.log --install-scripts $base/lib/maze_solver --single-version-externally-managed install_data
[4.325s] DEBUG:colcon.colcon_core.event_handler.log_command:Invoked command in '/home/abdulrahman/training_ws/src/group4_task/maze_solver' returned '0': DEBUGINFOD_URLS=https://debuginfod.ubuntu.com PYTHONPATH=/home/abdulrahman/training_ws/src/group4_task/build/maze_solver/prefix_override:/usr/lib/python3/dist-packages/colcon_core/task/python/colcon_distutils_commands:/home/abdulrahman/training_ws/src/group4_task/install/maze_solver/lib/python3.12/site-packages:${PYTHONPATH} /usr/bin/python3 -W ignore:setup.py install is deprecated -W ignore:easy_install command is deprecated setup.py egg_info --egg-base ../build/maze_solver build --build-base /home/abdulrahman/training_ws/src/group4_task/build/maze_solver/build install --record /home/abdulrahman/training_ws/src/group4_task/build/maze_solver/install.log --install-scripts $base/lib/maze_solver --single-version-externally-managed install_data
[4.328s] Level 1:colcon.colcon_core.environment:checking '/home/abdulrahman/training_ws/src/group4_task/install/maze_solver' for CMake module files
[4.328s] Level 1:colcon.colcon_core.environment:checking '/home/abdulrahman/training_ws/src/group4_task/install/maze_solver' for CMake config files
[4.329s] Level 1:colcon.colcon_core.environment:checking '/home/abdulrahman/training_ws/src/group4_task/install/maze_solver/lib'
[4.329s] Level 1:colcon.colcon_core.environment:checking '/home/abdulrahman/training_ws/src/group4_task/install/maze_solver/bin'
[4.330s] Level 1:colcon.colcon_core.environment:checking '/home/abdulrahman/training_ws/src/group4_task/install/maze_solver/lib/pkgconfig/maze_solver.pc'
[4.330s] Level 1:colcon.colcon_core.environment:checking '/home/abdulrahman/training_ws/src/group4_task/install/maze_solver/lib/python3.12/site-packages'
[4.330s] Level 1:colcon.colcon_core.shell:create_environment_hook('maze_solver', 'pythonpath')
[4.330s] INFO:colcon.colcon_core.shell:Creating environment hook '/home/abdulrahman/training_ws/src/group4_task/install/maze_solver/share/maze_solver/hook/pythonpath.ps1'
[4.331s] INFO:colcon.colcon_core.shell:Creating environment descriptor '/home/abdulrahman/training_ws/src/group4_task/install/maze_solver/share/maze_solver/hook/pythonpath.dsv'
[4.331s] INFO:colcon.colcon_core.shell:Creating environment hook '/home/abdulrahman/training_ws/src/group4_task/install/maze_solver/share/maze_solver/hook/pythonpath.sh'
[4.332s] Level 1:colcon.colcon_core.environment:checking '/home/abdulrahman/training_ws/src/group4_task/install/maze_solver/bin'
[4.332s] Level 1:colcon.colcon_core.environment:create_environment_scripts_only(maze_solver)
[4.333s] INFO:colcon.colcon_core.shell:Creating package script '/home/abdulrahman/training_ws/src/group4_task/install/maze_solver/share/maze_solver/package.ps1'
[4.334s] INFO:colcon.colcon_core.shell:Creating package descriptor '/home/abdulrahman/training_ws/src/group4_task/install/maze_solver/share/maze_solver/package.dsv'
[4.335s] INFO:colcon.colcon_core.shell:Creating package script '/home/abdulrahman/training_ws/src/group4_task/install/maze_solver/share/maze_solver/package.sh'
[4.336s] INFO:colcon.colcon_core.shell:Creating package script '/home/abdulrahman/training_ws/src/group4_task/install/maze_solver/share/maze_solver/package.bash'
[4.337s] INFO:colcon.colcon_core.shell:Creating package script '/home/abdulrahman/training_ws/src/group4_task/install/maze_solver/share/maze_solver/package.zsh'
[4.337s] Level 1:colcon.colcon_core.environment:create_file_with_runtime_dependencies(/home/abdulrahman/training_ws/src/group4_task/install/maze_solver/share/colcon-core/packages/maze_solver)
[4.338s] Level 1:colcon.colcon_core.environment:checking '/home/abdulrahman/training_ws/src/group4_task/install/maze_control' for CMake module files
[4.340s] Level 1:colcon.colcon_core.environment:checking '/home/abdulrahman/training_ws/src/group4_task/install/maze_control' for CMake config files
[4.340s] DEBUG:colcon.colcon_core.event_handler.log_command:Invoked command in '/home/abdulrahman/training_ws/src/group4_task/maze_control' returned '0': DEBUGINFOD_URLS=https://debuginfod.ubuntu.com PYTHONPATH=/home/abdulrahman/training_ws/src/group4_task/build/maze_control/prefix_override:/usr/lib/python3/dist-packages/colcon_core/task/python/colcon_distutils_commands:/home/abdulrahman/training_ws/src/group4_task/install/maze_control/lib/python3.12/site-packages:${PYTHONPATH} /usr/bin/python3 -W ignore:setup.py install is deprecated -W ignore:easy_install command is deprecated setup.py egg_info --egg-base ../build/maze_control build --build-base /home/abdulrahman/training_ws/src/group4_task/build/maze_control/build install --record /home/abdulrahman/training_ws/src/group4_task/build/maze_control/install.log --install-scripts $base/lib/maze_control --single-version-externally-managed install_data
[4.341s] Level 1:colcon.colcon_core.environment:checking '/home/abdulrahman/training_ws/src/group4_task/install/maze_control/lib'
[4.341s] Level 1:colcon.colcon_core.environment:checking '/home/abdulrahman/training_ws/src/group4_task/install/maze_control/bin'
[4.341s] Level 1:colcon.colcon_core.environment:checking '/home/abdulrahman/training_ws/src/group4_task/install/maze_control/lib/pkgconfig/maze_control.pc'
[4.342s] Level 1:colcon.colcon_core.environment:checking '/home/abdulrahman/training_ws/src/group4_task/install/maze_control/lib/python3.12/site-packages'
[4.342s] Level 1:colcon.colcon_core.shell:create_environment_hook('maze_control', 'pythonpath')
[4.342s] INFO:colcon.colcon_core.shell:Creating environment hook '/home/abdulrahman/training_ws/src/group4_task/install/maze_control/share/maze_control/hook/pythonpath.ps1'
[4.343s] INFO:colcon.colcon_core.shell:Creating environment descriptor '/home/abdulrahman/training_ws/src/group4_task/install/maze_control/share/maze_control/hook/pythonpath.dsv'
[4.343s] INFO:colcon.colcon_core.shell:Creating environment hook '/home/abdulrahman/training_ws/src/group4_task/install/maze_control/share/maze_control/hook/pythonpath.sh'
[4.344s] Level 1:colcon.colcon_core.environment:checking '/home/abdulrahman/training_ws/src/group4_task/install/maze_control/bin'
[4.344s] Level 1:colcon.colcon_core.environment:create_environment_scripts_only(maze_control)
[4.344s] INFO:colcon.colcon_core.shell:Creating package script '/home/abdulrahman/training_ws/src/group4_task/install/maze_control/share/maze_control/package.ps1'
[4.345s] INFO:colcon.colcon_core.shell:Creating package descriptor '/home/abdulrahman/training_ws/src/group4_task/install/maze_control/share/maze_control/package.dsv'
[4.346s] INFO:colcon.colcon_core.shell:Creating package script '/home/abdulrahman/training_ws/src/group4_task/install/maze_control/share/maze_control/package.sh'
[4.346s] INFO:colcon.colcon_core.shell:Creating package script '/home/abdulrahman/training_ws/src/group4_task/install/maze_control/share/maze_control/package.bash'
[4.347s] INFO:colcon.colcon_core.shell:Creating package script '/home/abdulrahman/training_ws/src/group4_task/install/maze_control/share/maze_control/package.zsh'
[4.347s] Level 1:colcon.colcon_core.environment:create_file_with_runtime_dependencies(/home/abdulrahman/training_ws/src/group4_task/install/maze_control/share/colcon-core/packages/maze_control)
[4.612s] DEBUG:colcon.colcon_core.event_handler.log_command:Invoked command in '/home/abdulrahman/training_ws/src/group4_task/build/maze_interfaces' returned '0': CMAKE_PREFIX_PATH=${CMAKE_PREFIX_PATH}:/home/abdulrahman/training_ws/install/maze_solver:/home/abdulrahman/training_ws/install/maze_control:/opt/ros/jazzy DEBUGINFOD_URLS=https://debuginfod.ubuntu.com /usr/bin/cmake --build /home/abdulrahman/training_ws/src/group4_task/build/maze_interfaces -- -j16 -l16
[4.637s] DEBUG:colcon.colcon_core.event_handler.log_command:Invoking command in '/home/abdulrahman/training_ws/src/group4_task/build/maze_interfaces': CMAKE_PREFIX_PATH=${CMAKE_PREFIX_PATH}:/home/abdulrahman/training_ws/install/maze_solver:/home/abdulrahman/training_ws/install/maze_control:/opt/ros/jazzy DEBUGINFOD_URLS=https://debuginfod.ubuntu.com /usr/bin/cmake --install /home/abdulrahman/training_ws/src/group4_task/build/maze_interfaces
[4.778s] Level 1:colcon.colcon_core.environment:create_environment_scripts_only(maze_interfaces)
[4.778s] Level 1:colcon.colcon_core.environment:checking '/home/abdulrahman/training_ws/src/group4_task/install/maze_interfaces' for CMake module files
[4.779s] DEBUG:colcon.colcon_core.event_handler.log_command:Invoked command in '/home/abdulrahman/training_ws/src/group4_task/build/maze_interfaces' returned '0': CMAKE_PREFIX_PATH=${CMAKE_PREFIX_PATH}:/home/abdulrahman/training_ws/install/maze_solver:/home/abdulrahman/training_ws/install/maze_control:/opt/ros/jazzy DEBUGINFOD_URLS=https://debuginfod.ubuntu.com /usr/bin/cmake --install /home/abdulrahman/training_ws/src/group4_task/build/maze_interfaces
[4.780s] Level 1:colcon.colcon_core.environment:checking '/home/abdulrahman/training_ws/src/group4_task/install/maze_interfaces' for CMake config files
[4.781s] Level 1:colcon.colcon_core.shell:create_environment_hook('maze_interfaces', 'cmake_prefix_path')
[4.781s] INFO:colcon.colcon_core.shell:Creating environment hook '/home/abdulrahman/training_ws/src/group4_task/install/maze_interfaces/share/maze_interfaces/hook/cmake_prefix_path.ps1'
[4.782s] INFO:colcon.colcon_core.shell:Creating environment descriptor '/home/abdulrahman/training_ws/src/group4_task/install/maze_interfaces/share/maze_interfaces/hook/cmake_prefix_path.dsv'
[4.782s] INFO:colcon.colcon_core.shell:Creating environment hook '/home/abdulrahman/training_ws/src/group4_task/install/maze_interfaces/share/maze_interfaces/hook/cmake_prefix_path.sh'
[4.783s] Level 1:colcon.colcon_core.environment:checking '/home/abdulrahman/training_ws/src/group4_task/install/maze_interfaces/lib'
[4.783s] Level 1:colcon.colcon_core.shell:create_environment_hook('maze_interfaces', 'ld_library_path_lib')
[4.783s] INFO:colcon.colcon_core.shell:Creating environment hook '/home/abdulrahman/training_ws/src/group4_task/install/maze_interfaces/share/maze_interfaces/hook/ld_library_path_lib.ps1'
[4.784s] INFO:colcon.colcon_core.shell:Creating environment descriptor '/home/abdulrahman/training_ws/src/group4_task/install/maze_interfaces/share/maze_interfaces/hook/ld_library_path_lib.dsv'
[4.784s] INFO:colcon.colcon_core.shell:Creating environment hook '/home/abdulrahman/training_ws/src/group4_task/install/maze_interfaces/share/maze_interfaces/hook/ld_library_path_lib.sh'
[4.785s] Level 1:colcon.colcon_core.environment:checking '/home/abdulrahman/training_ws/src/group4_task/install/maze_interfaces/bin'
[4.785s] Level 1:colcon.colcon_core.environment:checking '/home/abdulrahman/training_ws/src/group4_task/install/maze_interfaces/lib/pkgconfig/maze_interfaces.pc'
[4.785s] Level 1:colcon.colcon_core.environment:checking '/home/abdulrahman/training_ws/src/group4_task/install/maze_interfaces/lib/python3.12/site-packages'
[4.785s] Level 1:colcon.colcon_core.shell:create_environment_hook('maze_interfaces', 'pythonpath')
[4.786s] INFO:colcon.colcon_core.shell:Creating environment hook '/home/abdulrahman/training_ws/src/group4_task/install/maze_interfaces/share/maze_interfaces/hook/pythonpath.ps1'
[4.786s] INFO:colcon.colcon_core.shell:Creating environment descriptor '/home/abdulrahman/training_ws/src/group4_task/install/maze_interfaces/share/maze_interfaces/hook/pythonpath.dsv'
[4.787s] INFO:colcon.colcon_core.shell:Creating environment hook '/home/abdulrahman/training_ws/src/group4_task/install/maze_interfaces/share/maze_interfaces/hook/pythonpath.sh'
[4.788s] Level 1:colcon.colcon_core.environment:checking '/home/abdulrahman/training_ws/src/group4_task/install/maze_interfaces/bin'
[4.788s] INFO:colcon.colcon_core.shell:Creating package script '/home/abdulrahman/training_ws/src/group4_task/install/maze_interfaces/share/maze_interfaces/package.ps1'
[4.789s] INFO:colcon.colcon_core.shell:Creating package descriptor '/home/abdulrahman/training_ws/src/group4_task/install/maze_interfaces/share/maze_interfaces/package.dsv'
[4.790s] INFO:colcon.colcon_core.shell:Creating package script '/home/abdulrahman/training_ws/src/group4_task/install/maze_interfaces/share/maze_interfaces/package.sh'
[4.791s] INFO:colcon.colcon_core.shell:Creating package script '/home/abdulrahman/training_ws/src/group4_task/install/maze_interfaces/share/maze_interfaces/package.bash'
[4.791s] INFO:colcon.colcon_core.shell:Creating package script '/home/abdulrahman/training_ws/src/group4_task/install/maze_interfaces/share/maze_interfaces/package.zsh'
[4.792s] Level 1:colcon.colcon_core.environment:create_file_with_runtime_dependencies(/home/abdulrahman/training_ws/src/group4_task/install/maze_interfaces/share/colcon-core/packages/maze_interfaces)
[4.793s] Level 1:colcon.colcon_core.environment:create_environment_scripts_only(maze_interfaces)
[4.793s] Level 1:colcon.colcon_core.environment:checking '/home/abdulrahman/training_ws/src/group4_task/install/maze_interfaces' for CMake module files
[4.794s] Level 1:colcon.colcon_core.environment:checking '/home/abdulrahman/training_ws/src/group4_task/install/maze_interfaces' for CMake config files
[4.795s] Level 1:colcon.colcon_core.shell:create_environment_hook('maze_interfaces', 'cmake_prefix_path')
[4.795s] INFO:colcon.colcon_core.shell:Creating environment hook '/home/abdulrahman/training_ws/src/group4_task/install/maze_interfaces/share/maze_interfaces/hook/cmake_prefix_path.ps1'
[4.795s] INFO:colcon.colcon_core.shell:Creating environment descriptor '/home/abdulrahman/training_ws/src/group4_task/install/maze_interfaces/share/maze_interfaces/hook/cmake_prefix_path.dsv'
[4.796s] INFO:colcon.colcon_core.shell:Creating environment hook '/home/abdulrahman/training_ws/src/group4_task/install/maze_interfaces/share/maze_interfaces/hook/cmake_prefix_path.sh'
[4.797s] Level 1:colcon.colcon_core.environment:checking '/home/abdulrahman/training_ws/src/group4_task/install/maze_interfaces/lib'
[4.798s] Level 1:colcon.colcon_core.shell:create_environment_hook('maze_interfaces', 'ld_library_path_lib')
[4.798s] INFO:colcon.colcon_core.shell:Creating environment hook '/home/abdulrahman/training_ws/src/group4_task/install/maze_interfaces/share/maze_interfaces/hook/ld_library_path_lib.ps1'
[4.799s] INFO:colcon.colcon_core.shell:Creating environment descriptor '/home/abdulrahman/training_ws/src/group4_task/install/maze_interfaces/share/maze_interfaces/hook/ld_library_path_lib.dsv'
[4.799s] INFO:colcon.colcon_core.shell:Creating environment hook '/home/abdulrahman/training_ws/src/group4_task/install/maze_interfaces/share/maze_interfaces/hook/ld_library_path_lib.sh'
[4.800s] Level 1:colcon.colcon_core.environment:checking '/home/abdulrahman/training_ws/src/group4_task/install/maze_interfaces/bin'
[4.800s] Level 1:colcon.colcon_core.environment:checking '/home/abdulrahman/training_ws/src/group4_task/install/maze_interfaces/lib/pkgconfig/maze_interfaces.pc'
[4.801s] Level 1:colcon.colcon_core.environment:checking '/home/abdulrahman/training_ws/src/group4_task/install/maze_interfaces/lib/python3.12/site-packages'
[4.801s] Level 1:colcon.colcon_core.shell:create_environment_hook('maze_interfaces', 'pythonpath')
[4.801s] INFO:colcon.colcon_core.shell:Creating environment hook '/home/abdulrahman/training_ws/src/group4_task/install/maze_interfaces/share/maze_interfaces/hook/pythonpath.ps1'
[4.802s] INFO:colcon.colcon_core.shell:Creating environment descriptor '/home/abdulrahman/training_ws/src/group4_task/install/maze_interfaces/share/maze_interfaces/hook/pythonpath.dsv'
[4.802s] INFO:colcon.colcon_core.shell:Creating environment hook '/home/abdulrahman/training_ws/src/group4_task/install/maze_interfaces/share/maze_interfaces/hook/pythonpath.sh'
[4.803s] Level 1:colcon.colcon_core.environment:checking '/home/abdulrahman/training_ws/src/group4_task/install/maze_interfaces/bin'
[4.803s] INFO:colcon.colcon_core.shell:Creating package script '/home/abdulrahman/training_ws/src/group4_task/install/maze_interfaces/share/maze_interfaces/package.ps1'
[4.805s] INFO:colcon.colcon_core.shell:Creating package descriptor '/home/abdulrahman/training_ws/src/group4_task/install/maze_interfaces/share/maze_interfaces/package.dsv'
[4.805s] INFO:colcon.colcon_core.shell:Creating package script '/home/abdulrahman/training_ws/src/group4_task/install/maze_interfaces/share/maze_interfaces/package.sh'
[4.806s] INFO:colcon.colcon_core.shell:Creating package script '/home/abdulrahman/training_ws/src/group4_task/install/maze_interfaces/share/maze_interfaces/package.bash'
[4.807s] INFO:colcon.colcon_core.shell:Creating package script '/home/abdulrahman/training_ws/src/group4_task/install/maze_interfaces/share/maze_interfaces/package.zsh'
[4.808s] Level 1:colcon.colcon_core.environment:create_file_with_runtime_dependencies(/home/abdulrahman/training_ws/src/group4_task/install/maze_interfaces/share/colcon-core/packages/maze_interfaces)
[4.808s] DEBUG:colcon.colcon_parallel_executor.executor.parallel:closing loop
[4.809s] DEBUG:colcon.colcon_parallel_executor.executor.parallel:loop closed
[4.809s] DEBUG:colcon.colcon_parallel_executor.executor.parallel:run_until_complete finished with '0'
[4.809s] DEBUG:colcon.colcon_core.event_reactor:joining thread
[4.817s] INFO:colcon.colcon_core.plugin_system:Skipping extension 'colcon_notification.desktop_notification.terminal_notifier': Not used on non-Darwin systems
[4.818s] INFO:colcon.colcon_core.plugin_system:Skipping extension 'colcon_notification.desktop_notification.win32': Not used on non-Windows systems
[4.818s] INFO:colcon.colcon_notification.desktop_notification:Sending desktop notification using 'notify2'
[4.841s] DEBUG:colcon.colcon_core.event_reactor:joined thread
[4.842s] INFO:colcon.colcon_core.shell:Creating prefix script '/home/abdulrahman/training_ws/src/group4_task/install/local_setup.ps1'
[4.844s] INFO:colcon.colcon_core.shell:Creating prefix util module '/home/abdulrahman/training_ws/src/group4_task/install/_local_setup_util_ps1.py'
[4.846s] INFO:colcon.colcon_core.shell:Creating prefix chain script '/home/abdulrahman/training_ws/src/group4_task/install/setup.ps1'
[4.848s] INFO:colcon.colcon_core.shell:Creating prefix script '/home/abdulrahman/training_ws/src/group4_task/install/local_setup.sh'
[4.849s] INFO:colcon.colcon_core.shell:Creating prefix util module '/home/abdulrahman/training_ws/src/group4_task/install/_local_setup_util_sh.py'
[4.850s] INFO:colcon.colcon_core.shell:Creating prefix chain script '/home/abdulrahman/training_ws/src/group4_task/install/setup.sh'
[4.852s] INFO:colcon.colcon_core.shell:Creating prefix script '/home/abdulrahman/training_ws/src/group4_task/install/local_setup.bash'
[4.852s] INFO:colcon.colcon_core.shell:Creating prefix chain script '/home/abdulrahman/training_ws/src/group4_task/install/setup.bash'
[4.854s] INFO:colcon.colcon_core.shell:Creating prefix script '/home/abdulrahman/training_ws/src/group4_task/install/local_setup.zsh'
[4.855s] INFO:colcon.colcon_core.shell:Creating prefix chain script '/home/abdulrahman/training_ws/src/group4_task/install/setup.zsh'
